ArgumentOutOfRangeException: Index was out of range. Must be non-negative and less than the size of the collection.
Parameter name: index
System.Collections.Generic.List`1[T].get_Item (System.Int32 index) (at <c5ae8a4eeb824526b5df2932bc2395e0>:0)
UnityEditor.Search.SearchDatabase+<EnumerateAll>d__78.MoveNext () (at <f03e16b4b58248838607cefa048bd30a>:0)
System.Linq.Enumerable.TryGetFirst[TSource] (System.Collections.Generic.IEnumerable`1[T] source, System.Boolean& found) (at <f1b392d8fe224ca2b1f9fab1000b77eb>:0)
System.Linq.Enumerable.First[TSource] (System.Collections.Generic.IEnumerable`1[T] source) (at <f1b392d8fe224ca2b1f9fab1000b77eb>:0)
UnityEditor.Search.SearchDatabase.GetDefaultSearchDatabase () (at <f03e16b4b58248838607cefa048bd30a>:0)
UnityEditor.Search.SearchInit.IndexationOnStartup () (at <f03e16b4b58248838607cefa048bd30a>:0)
UnityEditor.EditorApplication.Internal_CallDelayFunctions () (at <2194b77af8ea43e69caba13ba778a69a>:0)
UnityEngine.StackTraceUtility:ExtractStringFromExceptionInternal(Object, String&, String&)

ArgumentOutOfRangeException: Index was out of range. Must be non-negative and less than the size of the collection.
Parameter name: index
System.Collections.Generic.List`1[T].get_Item (System.Int32 index) (at <c5ae8a4eeb824526b5df2932bc2395e0>:0)
UnityEditor.Search.SearchDatabase+<EnumerateAll>d__78.MoveNext () (at <f03e16b4b58248838607cefa048bd30a>:0)
System.Linq.Enumerable.TryGetFirst[TSource] (System.Collections.Generic.IEnumerable`1[T] source, System.Boolean& found) (at <f1b392d8fe224ca2b1f9fab1000b77eb>:0)
System.Linq.Enumerable.First[TSource] (System.Collections.Generic.IEnumerable`1[T] source) (at <f1b392d8fe224ca2b1f9fab1000b77eb>:0)
UnityEditor.Search.SearchDatabase.GetDefaultSearchDatabase () (at <f03e16b4b58248838607cefa048bd30a>:0)
UnityEditor.Search.SearchInit.IndexationOnStartup () (at <f03e16b4b58248838607cefa048bd30a>:0)
UnityEditor.EditorApplication.Internal_CallDelayFunctions () (at <2194b77af8ea43e69caba13ba778a69a>:0)
UnityEngine.StackTraceUtility:ExtractStringFromExceptionInternal(Object, String&, String&)

ArgumentOutOfRangeException: Index was out of range. Must be non-negative and less than the size of the collection.
Parameter name: index
System.Collections.Generic.List`1[T].get_Item (System.Int32 index) (at <c5ae8a4eeb824526b5df2932bc2395e0>:0)
UnityEditor.Search.SearchDatabase+<EnumerateAll>d__78.MoveNext () (at <f03e16b4b58248838607cefa048bd30a>:0)
System.Linq.Enumerable.TryGetFirst[TSource] (System.Collections.Generic.IEnumerable`1[T] source, System.Boolean& found) (at <f1b392d8fe224ca2b1f9fab1000b77eb>:0)
System.Linq.Enumerable.First[TSource] (System.Collections.Generic.IEnumerable`1[T] source) (at <f1b392d8fe224ca2b1f9fab1000b77eb>:0)
UnityEditor.Search.SearchDatabase.GetDefaultSearchDatabase () (at <f03e16b4b58248838607cefa048bd30a>:0)
UnityEditor.Search.SearchInit.IndexationOnStartup () (at <f03e16b4b58248838607cefa048bd30a>:0)
UnityEditor.EditorApplication.Internal_CallDelayFunctions () (at <2194b77af8ea43e69caba13ba778a69a>:0)
UnityEngine.StackTraceUtility:ExtractStringFromExceptionInternal(Object, String&, String&)

ArgumentOutOfRangeException: Index was out of range. Must be non-negative and less than the size of the collection.
Parameter name: index
System.Collections.Generic.List`1[T].get_Item (System.Int32 index) (at <c5ae8a4eeb824526b5df2932bc2395e0>:0)
UnityEditor.Search.SearchDatabase+<EnumerateAll>d__78.MoveNext () (at <f03e16b4b58248838607cefa048bd30a>:0)
System.Linq.Enumerable.TryGetFirst[TSource] (System.Collections.Generic.IEnumerable`1[T] source, System.Boolean& found) (at <f1b392d8fe224ca2b1f9fab1000b77eb>:0)
System.Linq.Enumerable.First[TSource] (System.Collections.Generic.IEnumerable`1[T] source) (at <f1b392d8fe224ca2b1f9fab1000b77eb>:0)
UnityEditor.Search.SearchDatabase.GetDefaultSearchDatabase () (at <f03e16b4b58248838607cefa048bd30a>:0)
UnityEditor.Search.SearchInit.IndexationOnStartup () (at <f03e16b4b58248838607cefa048bd30a>:0)
UnityEditor.EditorApplication.Internal_CallDelayFunctions () (at <2194b77af8ea43e69caba13ba778a69a>:0)
UnityEngine.StackTraceUtility:ExtractStringFromExceptionInternal(Object, String&, String&)

