VBCSCompilerPreWarmer: pre-warm launched (dotnet PID 281900)
VBCSCompiler prewarm took 68.47 ms
[Licensing::Module] Trying to connect to existing licensing client channel...
Built from '6000.6/respin/6000.6.0f1-fa21a270ab12' branch; Version is '6000.6.0f1 (f7f8ed4d1e24) revision 16251117'; Using compiler version '194234433'; Build Type 'Release'
[Licensing::IpcConnector] Successfully connected to: "LicenseClient-satos" at "2026-09-05T07:32:44.7441884Z"
OS: 'Windows 11  (10.0.26200) Core' Language: 'ja' Physical Memory: 13989 MB
BatchMode: 1, IsHumanControllingUs: 0, StartBugReporterOnCrash: 0, Is64bit: 1
System  architecture: x64
Process architecture: x64
Date: 2026-09-05T07:32:44Z
[Licensing::Client] Code 10 while verifying Licensing Client signature (process Id: 289524, path: "C:/Program Files/Unity Hub/UnityLicensingClient_V1/Unity.Licensing.Client.exe")
[Licensing::Module] LicensingClient has failed validation; ignoring
[Licensing::Client] Handshaking with LicensingClient:
  Version:                 1.18.3+d7ffd15
  Session Id:              f738c5c7600341fe8b9273f5688a33f5
  Correlation Id:          75310c5e00f062ddb09fb59929a4bcde
  External correlation Id: 7298237127495471405
  Machine Id:              +pGsxVhBC7oefG2xQE5qOJnLbZ8=
[Licensing::Module] Successfully connected to LicensingClient on channel: "LicenseClient-satos" (connect: 0.00s, validation: 0.05s, handshake: 0.19s)
[Licensing::IpcConnector] Successfully connected to: "LicenseClient-satos-notifications" at "2026-09-05T07:32:44.9847038Z"
[Licensing::Module] Error: Access token is unavailable; failed to update
[Licensing::Client] Successfully resolved entitlement details
[Licensing::Module] License group:
  Id: 15669754532075-UnityPersXXXX
  Product: Unity Personal
  Type: Assigned
  Expiration: Unlimited
[Licensing::Client] Successfully updated license, isAsync: True, time: 0.03
[Licensing::Client] Successfully resolved entitlement details
[Licensing::Module] Licensing Background thread has ended after 0.36s

COMMAND LINE ARGUMENTS:
C:\Program Files\Unity\Hub\Editor\6000.6.0f1\Editor\Unity.exe
-batchmode
-projectPath
C:\Users\satos\research\outdoor_seld_e2e\out\streetscape_review_2026-09-05\review_project
-executeMethod
StreetscapeReview.Run
-streetRuntime
-force-d3d11
-logFile
C:\Users\satos\research\outdoor_seld_e2e\out\streetscape_review_2026-09-05\unity_verified.log
Successfully changed project path to: C:\Users\satos\research\outdoor_seld_e2e\out\streetscape_review_2026-09-05\review_project
C:/Users/satos/research/outdoor_seld_e2e/out/streetscape_review_2026-09-05/review_project
[UnityMemory] Configuration Parameters - Can be set up in boot.config
    "memorysetup-temp-allocator-size-gi-baking-worker=262144"
    "memorysetup-temp-allocator-size-gi-baking-worker=262144"
    "memorysetup-temp-allocator-size-gi-baking-worker=262144"
    "memorysetup-temp-allocator-size-gi-baking-worker=262144"
    "memorysetup-temp-allocator-size-gi-baking-worker=262144"
    "memorysetup-temp-allocator-size-nav-mesh-worker=65536"
    "memorysetup-temp-allocator-size-audio-worker=65536"
    "memorysetup-temp-allocator-size-cloud-worker=32768"
    "memorysetup-temp-allocator-size-gfx=262144"
    "memorysetup-remapper-allocator-initial-capacity=32768"
    "memorysetup-temp-allocator-size-preload-manager=33554432"
    "memorysetup-allocator-temp-initial-block-size-main=262144"
    "memorysetup-allocator-temp-initial-block-size-worker=262144"
    "memorysetup-temp-allocator-size-job-worker=262144"
    "memorysetup-temp-allocator-size-background-worker=32768"
    "memorysetup-bucket-allocator-granularity=16"
    "memorysetup-bucket-allocator-bucket-count=8"
    "memorysetup-bucket-allocator-block-size=33554432"
    "memorysetup-bucket-allocator-block-count=8"
    "memorysetup-main-allocator-block-size=16777216"
    "memorysetup-thread-allocator-block-size=16777216"
    "memorysetup-main-allocator-mimalloc-enabled=1"
    "memorysetup-gfx-main-allocator-block-size=16777216"
    "memorysetup-gfx-thread-allocator-block-size=16777216"
    "memorysetup-cache-allocator-block-size=4194304"
    "memorysetup-typetree-allocator-block-size=2097152"
    "memorysetup-profiler-bucket-allocator-granularity=16"
    "memorysetup-profiler-bucket-allocator-bucket-count=8"
    "memorysetup-profiler-bucket-allocator-block-size=33554432"
    "memorysetup-profiler-bucket-allocator-block-count=8"
    "memorysetup-profiler-allocator-block-size=16777216"
    "memorysetup-profiler-editor-allocator-block-size=1048576"
    "memorysetup-temp-allocator-size-main=16777216"
    "memorysetup-job-temp-allocator-block-size=2097152"
    "memorysetup-job-temp-allocator-block-size-background=1048576"
    "memorysetup-job-temp-allocator-reduction-small-platforms=262144"
Logging is directed to a specific file, skipping project log.
Player connection [253832]  Target information:

Player connection [253832]  * "[IP] 10.160.228.118 [Port] 55505 [Flags] 2 [Guid] 1343081971 [EditorId] 1343081971 [Version] 1048832 [Id] WindowsEditor(7,Stoopy) [Debug] 1 [PackageName] WindowsEditor [ProjectName] Editor" 

Player connection [253832]  * "[IP] 192.168.1.15 [Port] 55505 [Flags] 2 [Guid] 1343081971 [EditorId] 1343081971 [Version] 1048832 [Id] WindowsEditor(7,Stoopy) [Debug] 1 [PackageName] WindowsEditor [ProjectName] Editor" 

Player connection [253832] Host joined multi-casting on [225.0.0.222:54997]...
Player connection [253832] Host joined alternative multi-casting on [225.0.0.222:34997]...
Input System module state changed to: Initialized.
[Physics::Module] Initialized fallback backend.
[Physics::Module] Id: 0xdecafbad
[Package Manager] Connected to IPC stream "Upm-282840" after 1.3 seconds.
[Licensing::Client] Successfully resolved entitlement details
Library Redirect Path: Library/
Launching Unity Data Store - C:/Program Files/Unity/Hub/Editor/6000.6.0f1/Editor/Data/Tools/Unity.DataStore.exe 
Unity Data Store artifact dir = Library/DataStore, working dir = C:/Users/satos/research/outdoor_seld_e2e/out/streetscape_review_2026-09-05/review_project[Physics::Module] Selected backend.
[Physics::Module] Name: PhysX
[Physics::Module] Id: 0xf2b8ea05
[Physics::Module] SDK Version: 4.1.2
[Physics::Module] Integration Version: 1.0.0
[Physics::Module] Threading Mode: Multi-Threaded
Unity Data Store running and initialised
Initialize engine version: 6000.6.0f1 (f7f8ed4d1e24)
[EntityIdStore] init: VM path (explicit commit), pageSize=4096, blockCount=1048576, entitiesPerBlock=256, slots reserved=4294967296 bytes
[Subsystems] Discovering subsystems at path C:/Program Files/Unity/Hub/Editor/6000.6.0f1/Editor/Data/Resources/UnitySubsystems
[Subsystems] Discovering subsystems at path C:/Users/satos/research/outdoor_seld_e2e/out/streetscape_review_2026-09-05/review_project/Assets
Forcing GfxDevice: Direct3D 11
GfxDevice: creating device client; kGfxThreadingModeNonThreaded
Direct3D:
    Version:  Direct3D 11.0 [level 11.1]
    Renderer: AMD Radeon(TM) 820M Graphics (ID=0x1902)
    Vendor:   ATI
    VRAM:     6994 MB
    Driver:   32.0.22054.3001
Initialize mono
Mono path[0] = 'C:/Program Files/Unity/Hub/Editor/6000.6.0f1/Editor/Data/Managed'
Mono path[1] = 'C:/Program Files/Unity/Hub/Editor/6000.6.0f1/Editor/Data/BCLExtensions/runtime/netstandard2.1'
Mono path[2] = 'C:/Program Files/Unity/Hub/Editor/6000.6.0f1/Editor/Data/MonoBleedingEdge/lib/mono/unityjit-win32'
Mono config path = 'C:/Program Files/Unity/Hub/Editor/6000.6.0f1/Editor/Data/MonoBleedingEdge/etc'
Using monoOptions --debugger-agent=transport=dt_socket,embedding=1,server=y,suspend=n,address=127.0.0.1:56840
CodeReloadManager initialized
ImportWorker Server TCP listen port: 0
AcceleratorClientConnectionCallback - disconnected - :0
Begin MonoManager ReloadAssembly
Registering precompiled unity dll's ...
Register platform support module: C:/Program Files/Unity/Hub/Editor/6000.6.0f1/Editor/Data/PlaybackEngines/WebGLSupport/UnityEditor.WebGL.Extensions.dll
Register platform support module: C:/Program Files/Unity/Hub/Editor/6000.6.0f1/Editor/Data/PlaybackEngines/WindowsStandaloneSupport/UnityEditor.WindowsStandalone.Extensions.dll
Registered in 0.013832 seconds.
Native extension for WindowsStandalone target not found
Native extension for WebGL target not found
Package Manager log level set to [2]
ScheduleIndexationOnStartup MainProcess:False IndexOnStartup:False
Scripting: successfully reloaded assembly
- Finished resetting the current domain, in  3.138 seconds
Domain Reload Profiling: 6020ms
	BeginReloadAssembly (1251ms)
		CreateAndSetChildDomain (32ms)
	RebuildCommonClasses (25ms)
	RebuildNativeTypeToScriptingClass (65ms)
	initialDomainReloadingComplete (350ms)
	LoadAllAssembliesAndSetupDomain (1187ms)
		LoadAssemblies (1210ms)
		TypeCache.Refresh (804ms)
			TypeCache.ScanAssembly (751ms)
		AnalyzeDomain (11ms)
			BuildScriptInfoCaches (6ms)
			ResolveRequiredComponents (3ms)
	FinalizeReload (3143ms)
		SetupLoadedEditorAssemblies (0ms)
			LogAssemblyErrors (5ms)
			InitializePlatformSupportModulesInManaged (9ms)
			BeforeProcessingInitializeOnLoad (285ms)
			ProcessInitializeOnLoadAttributes (303ms)
			ProcessInitializeOnLoadMethodAttributes (1941ms)
			EditorAssembliesLoaded (5ms)
[Licensing::Client] Successfully resolved entitlement details
Application.AssetDatabase Initial Refresh Start
[Package Manager] Restoring resolved packages state from cache
[Licensing::Client] Successfully resolved entitlement details
[Package Manager] Registered 6 packages:
  Built-in packages:
    com.unity.modules.audio@1.0.0 (location: C:\Users\satos\research\outdoor_seld_e2e\out\streetscape_review_2026-09-05\review_project\Library\PackageCache\com.unity.modules.audio)
    com.unity.modules.imgui@1.0.0 (location: C:\Users\satos\research\outdoor_seld_e2e\out\streetscape_review_2026-09-05\review_project\Library\PackageCache\com.unity.modules.imgui)
    com.unity.modules.physics@1.0.0 (location: C:\Users\satos\research\outdoor_seld_e2e\out\streetscape_review_2026-09-05\review_project\Library\PackageCache\com.unity.modules.physics)
    com.unity.modules.unitywebrequest@1.0.0 (location: C:\Users\satos\research\outdoor_seld_e2e\out\streetscape_review_2026-09-05\review_project\Library\PackageCache\com.unity.modules.unitywebrequest)
    com.unity.modules.unitywebrequestaudio@1.0.0 (location: C:\Users\satos\research\outdoor_seld_e2e\out\streetscape_review_2026-09-05\review_project\Library\PackageCache\com.unity.modules.unitywebrequestaudio)
    com.unity.modules.imageconversion@1.0.0 (location: C:\Users\satos\research\outdoor_seld_e2e\out\streetscape_review_2026-09-05\review_project\Library\PackageCache\com.unity.modules.imageconversion)
[Subsystems] No new subsystems found in resolved package list.
[Package Manager] Done registering packages in 0.05 seconds
[ScriptCompilation] Requested script compilation because: AssetDatabase observed changes in script compilation related files
Starting: C:\Program Files\Unity\Hub\Editor\6000.6.0f1\Editor\Data\Tools\BuildPipeline\bee_backend.exe --ipc --defer-dag-verification --dagfile="Library/Bee/1900b0aE.dag" --continue-on-failure --profile="Library/Bee/backend1.traceevents" ScriptAssemblies
WorkingDir: C:/Users/satos/research/outdoor_seld_e2e/out/streetscape_review_2026-09-05/review_project
DisplayProgressbar: Compiling Scripts
ExitCode: 0 Duration: 4s747ms
[173/182    0s] ILPP-Configuration Library/ilpp-configuration.nevergeneratedoutput
[174/182    2s] Csc Library/Bee/artifacts/1900b0aE.dag/Assembly-CSharp.dll (+2 others)
Assets\JoyconManager.cs(20,25): warning UAC1001: Field 'j' type 'Joycon' is skipped by serialization (missing the [Serializable] attribute). Refer to the Serialization rules analyzer reference. (https://docs.unity3d.com/6000.6/Documentation/Manual/script-serialization-analyzer.html#uac1001)
[175/182    0s] ILPostProcess Library/Bee/artifacts/1900b0aE.dag/post-processed/Assembly-CSharp.dll (+pdb)
Processing assembly Library/Bee/artifacts/1900b0aE.dag/Assembly-CSharp.dll, with 149 defines and 254 references

processors: zzzUnity.Burst.CodeGen.BurstILPostProcessor

1 processor(s) skipped this assembly
[176/182    0s] CopyFiles Library/ScriptAssemblies/Assembly-CSharp.pdb
[177/182    0s] CopyFiles Library/ScriptAssemblies/Assembly-CSharp.dll
[178/182    1s] Csc Library/Bee/artifacts/1900b0aE.dag/Assembly-CSharp-Editor.dll (+2 others)
[179/182    0s] ILPostProcess Library/Bee/artifacts/1900b0aE.dag/post-processed/Assembly-CSharp-Editor.dll (+pdb)
Processing assembly Library/Bee/artifacts/1900b0aE.dag/Assembly-CSharp-Editor.dll, with 147 defines and 296 references

processors: zzzUnity.Burst.CodeGen.BurstILPostProcessor

1 processor(s) skipped this assembly
[180/182    0s] CopyFiles Library/ScriptAssemblies/Assembly-CSharp-Editor.pdb
[181/182    0s] CopyFiles Library/ScriptAssemblies/Assembly-CSharp-Editor.dll
*** Tundra build success (4.56 seconds), 9 items updated, 182 evaluated
Assets\JoyconManager.cs(20,25): warning UAC1001: Field 'j' type 'Joycon' is skipped by serialization (missing the [Serializable] attribute). Refer to the Serialization rules analyzer reference. (https://docs.unity3d.com/6000.6/Documentation/Manual/script-serialization-analyzer.html#uac1001)
AssetDatabase: script compilation time: 7.477374s
Total cache size 36826192
Total cache size after purge 36826192, took 00:00:00.1141022
Begin MonoManager ReloadAssembly
Native extension for WindowsStandalone target not found
Native extension for WebGL target not found
ScheduleIndexationOnStartup MainProcess:True IndexOnStartup:True
Scripting: successfully reloaded assembly
- Finished resetting the current domain, in  1.610 seconds
Domain Reload Profiling: 3582ms
	BeginReloadAssembly (1075ms)
		DisableScriptedObjects (138ms)
		CreateAndSetChildDomain (181ms)
	RebuildCommonClasses (43ms)
	RebuildNativeTypeToScriptingClass (95ms)
	initialDomainReloadingComplete (348ms)
	LoadAllAssembliesAndSetupDomain (408ms)
		LoadAssemblies (567ms)
		TypeCache.Refresh (13ms)
		AnalyzeDomain (15ms)
			BuildScriptInfoCaches (8ms)
	FinalizeReload (1614ms)
		SetupLoadedEditorAssemblies (0ms)
			LogAssemblyErrors (6ms)
			InitializePlatformSupportModulesInManaged (7ms)
			BeforeProcessingInitializeOnLoad (323ms)
			ProcessInitializeOnLoadAttributes (252ms)
			ProcessInitializeOnLoadMethodAttributes (206ms)
			AfterProcessingInitializeOnLoad (18ms)
		AwakeInstancesAfterBackupRestoration (100ms)
Starting new worker id: 0 with log in C:/Users/satos/research/outdoor_seld_e2e/out/streetscape_review_2026-09-05/review_project/Logs/AssetImportWorkerHW0.log

Asset Pipeline Refresh (id=c5c42452a31553b488a162afc485439c): Total: 12.151 seconds - Initiated by InitialRefreshV2(ForceSynchronousImport)
	(Values over 0.05ms)
	Summary:
		Imports: total=0 (actual=0, local cache=0, cache server=0)
		Asset DB Process Time: managed=0 ms, native=2112 ms
		Asset DB Callback time: managed=233 ms, native=88 ms
		Scripting: domain reloads=1, domain reload time=2207 ms, compile time=7492 ms, other=16 ms
		Project Asset Count: scripts=38, non-scripts=20
		Asset File Changes: new=0, changed=3, moved=0, deleted=0
		Scan Filter Count: 0
	InvokePackagesCallback: 93.390ms
	ApplyChangesToAssetFolders: 0.782ms
	Scan: 96.964ms
	Collect global state as custom dependencies: 56.709ms
	OnSourceAssetsModified: 2.944ms
	CategorizeScriptCompilationAssets: 0.734ms
	ProcessAssetsWithTransientArtifactChanges: 3.362ms
	CategorizeAssets: 2.431ms
	CompileScripts: 7492.483ms
	ImportOutOfDateAssets: 1697.744ms (1622.928ms without children)
		UnloadImportedAssets: 0.263ms
		EnsureUptoDateAssetsAreRegisteredWithGuidPM: 0.056ms
		ImportSchedulerStart: 74.484ms
	PostProcessAllAssets: 243.430ms
		VCAutoAddAssetPostprocess 5.253ms
		PostProcessCallbackCreateDeferredMaterials 0.942ms
		ShaderAssetModifiedCallback 0.430ms
		Canvas.OnAllAssetImport 0.376ms
		WindowTitlePostprocess 0.265ms
		MonoPostProcessAllAssets: 231.965ms
			AssetPostprocessor.OnPostprocessAllAssets 54.789ms
			StyleCatalogPostProcessor.OnPostprocessAllAssets 34.292ms
			WindowAssetPostprocessingWatcher.OnPostprocessAllAssets 33.371ms
			BuilderAssetPostprocessor.OnPostprocessAllAssets 28.926ms
			SyncVS.PostprocessSyncProject 13.063ms
			EditModeScopePostprocessor.OnPostprocessAllAssets 7.130ms
			RetainedModeAssetPostprocessor.OnPostprocessAllAssets 6.854ms
			AssetChangedListener.OnPostprocessAllAssets 6.409ms
			SpeedTree9Postprocessor.OnPostprocessAllAssets 4.091ms
			TextAssetPostProcessor.OnPostprocessAllAssets 3.141ms
			ArtifactBrowserPostProcessor.OnPostprocessAllAssets 2.135ms
			SpeedTreePostProcessor.OnPostprocessAllAssets 1.672ms
			TerrainToolbarOverlayPostProcessor.OnPostprocessAllAssets 1.607ms
			ReferencedClipsPostProcessor.OnPostprocessAllAssets 1.367ms
			AssetEvents.OnPostprocessAllAssets 1.067ms
			AudioMixerPostprocessor.OnPostprocessAllAssets 0.963ms
			ThemePostprocessor.OnPostprocessAllAssets 0.778ms
			ScenarioDriftAssetsTracker.OnPostprocessAllAssets 0.667ms
			AssetDatabaseCallbacks.OnPostprocessAllAssets 0.667ms
			ConfigAssetsTracker.OnPostprocessAllAssets 0.638ms
			RenderPipelineGlobalSettingsPostprocessor.OnPostprocessAllAssets 0.593ms
			AudioContainerPostProcessor.OnPostprocessAllAssets 0.215ms
	PostAssetChangesProfiler: 2.942ms
	UnloadStreamsBegin: 3.923ms
	Untracked: 2390.434ms

Application.AssetDatabase Initial Refresh End
Launched and connected shader compiler UnityShaderCompiler.exe after 0.11 seconds
Scanning for USB devices : 13.268ms
Initializing Unity extensions:
[MODES] ModeService[none].Initialize
[MODES] ModeService[none].LoadModes
[MODES] Loading mode Default (0) for mode-current-id-JoyconDemo
Unloading 3 Unused Serialized files (Serialized files now loaded: 0)
Unloading 22 unused Assets / (473.5 KB). Loaded Objects now: 747.
Memory consumption went from 215.7 MB to 215.3 MB.
Total: 26.784600 ms (FindLiveObjects: 0.777300 ms CreateObjectMapping: 0.022900 ms MarkObjects: 22.867800 ms  DeleteObjects: 2.033900 ms)

Unloading 1 Unused Serialized files (Serialized files now loaded: 0)
Unloading 0 unused Assets / (Unknown). Loaded Objects now: 749.
Memory consumption went from 215.7 MB to 215.7 MB.
Total: 15.799300 ms (FindLiveObjects: 0.588100 ms CreateObjectMapping: 0.021300 ms MarkObjects: 14.984700 ms  DeleteObjects: 0.019700 ms)

STREET_REVIEW 0 前から対向車と、遠くを追い越す車 PASS 985 ms
UnityEngine.Debug:ExtractStackTraceNoAlloc (byte*,int,string)
UnityEngine.StackTraceUtility:ExtractStackTrace ()
UnityEngine.DebugLogHandler:Internal_Log (UnityEngine.LogType,UnityEngine.LogOption,string,UnityEngine.Object)
UnityEngine.DebugLogHandler:LogFormat (UnityEngine.LogType,UnityEngine.Object,string,object[])
UnityEngine.Logger:Log (UnityEngine.LogType,object)
UnityEngine.Debug:Log (object)
StreetscapeReview:Run () (at Assets/Editor/StreetscapeReview.cs:53)

(Filename: Assets/Editor/StreetscapeReview.cs Line: 53)

Unloading 2 Unused Serialized files (Serialized files now loaded: 0)
Unloading 1 unused Assets / (1.3 KB). Loaded Objects now: 764.
Memory consumption went from 219.2 MB to 219.2 MB.
Total: 50.346200 ms (FindLiveObjects: 0.323200 ms CreateObjectMapping: 0.019100 ms MarkObjects: 49.652000 ms  DeleteObjects: 0.088700 ms)

STREET_REVIEW 1 複合_前から車と後ろから自転車ベル PASS 745 ms
UnityEngine.Debug:ExtractStackTraceNoAlloc (byte*,int,string)
UnityEngine.StackTraceUtility:ExtractStackTrace ()
UnityEngine.DebugLogHandler:Internal_Log (UnityEngine.LogType,UnityEngine.LogOption,string,UnityEngine.Object)
UnityEngine.DebugLogHandler:LogFormat (UnityEngine.LogType,UnityEngine.Object,string,object[])
UnityEngine.Logger:Log (UnityEngine.LogType,object)
UnityEngine.Debug:Log (object)
StreetscapeReview:Run () (at Assets/Editor/StreetscapeReview.cs:53)

(Filename: Assets/Editor/StreetscapeReview.cs Line: 53)

Unloading 1 Unused Serialized files (Serialized files now loaded: 0)
Unloading 1 unused Assets / (2.7 KB). Loaded Objects now: 764.
Memory consumption went from 219.3 MB to 219.2 MB.
Total: 14.102400 ms (FindLiveObjects: 0.280700 ms CreateObjectMapping: 0.018600 ms MarkObjects: 13.577900 ms  DeleteObjects: 0.070700 ms)

STREET_REVIEW 2 路地_ゆっくり抜けていく車 PASS 526 ms
UnityEngine.Debug:ExtractStackTraceNoAlloc (byte*,int,string)
UnityEngine.StackTraceUtility:ExtractStackTrace ()
UnityEngine.DebugLogHandler:Internal_Log (UnityEngine.LogType,UnityEngine.LogOption,string,UnityEngine.Object)
UnityEngine.DebugLogHandler:LogFormat (UnityEngine.LogType,UnityEngine.Object,string,object[])
UnityEngine.Logger:Log (UnityEngine.LogType,object)
UnityEngine.Debug:Log (object)
StreetscapeReview:Run () (at Assets/Editor/StreetscapeReview.cs:53)

(Filename: Assets/Editor/StreetscapeReview.cs Line: 53)

Unloading 1 Unused Serialized files (Serialized files now loaded: 0)
Unloading 1 unused Assets / (0.8 KB). Loaded Objects now: 764.
Memory consumption went from 219.3 MB to 219.3 MB.
Total: 19.638300 ms (FindLiveObjects: 0.325200 ms CreateObjectMapping: 0.026100 ms MarkObjects: 19.008400 ms  DeleteObjects: 0.076500 ms)

STREET_REVIEW 3 路地_前から対向車 PASS 507 ms
UnityEngine.Debug:ExtractStackTraceNoAlloc (byte*,int,string)
UnityEngine.StackTraceUtility:ExtractStackTrace ()
UnityEngine.DebugLogHandler:Internal_Log (UnityEngine.LogType,UnityEngine.LogOption,string,UnityEngine.Object)
UnityEngine.DebugLogHandler:LogFormat (UnityEngine.LogType,UnityEngine.Object,string,object[])
UnityEngine.Logger:Log (UnityEngine.LogType,object)
UnityEngine.Debug:Log (object)
StreetscapeReview:Run () (at Assets/Editor/StreetscapeReview.cs:53)

(Filename: Assets/Editor/StreetscapeReview.cs Line: 53)

Unloading 1 Unused Serialized files (Serialized files now loaded: 0)
Unloading 1 unused Assets / (0.8 KB). Loaded Objects now: 764.
Memory consumption went from 219.3 MB to 219.3 MB.
Total: 17.618800 ms (FindLiveObjects: 0.322800 ms CreateObjectMapping: 0.016500 ms MarkObjects: 17.018300 ms  DeleteObjects: 0.082900 ms)

STREET_REVIEW 4 路地_後ろからゆっくり車_至近 PASS 644 ms
UnityEngine.Debug:ExtractStackTraceNoAlloc (byte*,int,string)
UnityEngine.StackTraceUtility:ExtractStackTrace ()
UnityEngine.DebugLogHandler:Internal_Log (UnityEngine.LogType,UnityEngine.LogOption,string,UnityEngine.Object)
UnityEngine.DebugLogHandler:LogFormat (UnityEngine.LogType,UnityEngine.Object,string,object[])
UnityEngine.Logger:Log (UnityEngine.LogType,object)
UnityEngine.Debug:Log (object)
StreetscapeReview:Run () (at Assets/Editor/StreetscapeReview.cs:53)

(Filename: Assets/Editor/StreetscapeReview.cs Line: 53)

Unloading 1 Unused Serialized files (Serialized files now loaded: 0)
Unloading 1 unused Assets / (3.2 KB). Loaded Objects now: 764.
Memory consumption went from 219.3 MB to 219.3 MB.
Total: 15.214700 ms (FindLiveObjects: 0.377200 ms CreateObjectMapping: 0.018900 ms MarkObjects: 14.492600 ms  DeleteObjects: 0.071600 ms)

STREET_REVIEW 5 路肩に停車中の車が発進して走り去る PASS 458 ms
UnityEngine.Debug:ExtractStackTraceNoAlloc (byte*,int,string)
UnityEngine.StackTraceUtility:ExtractStackTrace ()
UnityEngine.DebugLogHandler:Internal_Log (UnityEngine.LogType,UnityEngine.LogOption,string,UnityEngine.Object)
UnityEngine.DebugLogHandler:LogFormat (UnityEngine.LogType,UnityEngine.Object,string,object[])
UnityEngine.Logger:Log (UnityEngine.LogType,object)
UnityEngine.Debug:Log (object)
StreetscapeReview:Run () (at Assets/Editor/StreetscapeReview.cs:53)

(Filename: Assets/Editor/StreetscapeReview.cs Line: 53)

Unloading 1 Unused Serialized files (Serialized files now loaded: 0)
Unloading 1 unused Assets / (1.5 KB). Loaded Objects now: 764.
Memory consumption went from 219.3 MB to 219.3 MB.
Total: 15.730000 ms (FindLiveObjects: 0.365400 ms CreateObjectMapping: 0.020700 ms MarkObjects: 14.857500 ms  DeleteObjects: 0.084600 ms)

STREET_REVIEW 6 静かな住宅街_何も来ない PASS 530 ms
UnityEngine.Debug:ExtractStackTraceNoAlloc (byte*,int,string)
UnityEngine.StackTraceUtility:ExtractStackTrace ()
UnityEngine.DebugLogHandler:Internal_Log (UnityEngine.LogType,UnityEngine.LogOption,string,UnityEngine.Object)
UnityEngine.DebugLogHandler:LogFormat (UnityEngine.LogType,UnityEngine.Object,string,object[])
UnityEngine.Logger:Log (UnityEngine.LogType,object)
UnityEngine.Debug:Log (object)
StreetscapeReview:Run () (at Assets/Editor/StreetscapeReview.cs:53)

(Filename: Assets/Editor/StreetscapeReview.cs Line: 53)

Unloading 1 Unused Serialized files (Serialized files now loaded: 0)
Unloading 1 unused Assets / (2.6 KB). Loaded Objects now: 764.
Memory consumption went from 219.3 MB to 219.3 MB.
Total: 14.046500 ms (FindLiveObjects: 0.322900 ms CreateObjectMapping: 0.019800 ms MarkObjects: 13.458500 ms  DeleteObjects: 0.075600 ms)

STREET_REVIEW 7 バス停_バスが真横に停車して発進 PASS 621 ms
UnityEngine.Debug:ExtractStackTraceNoAlloc (byte*,int,string)
UnityEngine.StackTraceUtility:ExtractStackTrace ()
UnityEngine.DebugLogHandler:Internal_Log (UnityEngine.LogType,UnityEngine.LogOption,string,UnityEngine.Object)
UnityEngine.DebugLogHandler:LogFormat (UnityEngine.LogType,UnityEngine.Object,string,object[])
UnityEngine.Logger:Log (UnityEngine.LogType,object)
UnityEngine.Debug:Log (object)
StreetscapeReview:Run () (at Assets/Editor/StreetscapeReview.cs:53)

(Filename: Assets/Editor/StreetscapeReview.cs Line: 53)

Unloading 1 Unused Serialized files (Serialized files now loaded: 0)
Unloading 1 unused Assets / (2.6 KB). Loaded Objects now: 761.
Memory consumption went from 219.4 MB to 219.4 MB.
Total: 14.187900 ms (FindLiveObjects: 0.249500 ms CreateObjectMapping: 0.012100 ms MarkObjects: 13.698600 ms  DeleteObjects: 0.070100 ms)

STREET_REVIEW 8 交差点の角で待つ_前の道路を車が横切る PASS 372 ms
UnityEngine.Debug:ExtractStackTraceNoAlloc (byte*,int,string)
UnityEngine.StackTraceUtility:ExtractStackTrace ()
UnityEngine.DebugLogHandler:Internal_Log (UnityEngine.LogType,UnityEngine.LogOption,string,UnityEngine.Object)
UnityEngine.DebugLogHandler:LogFormat (UnityEngine.LogType,UnityEngine.Object,string,object[])
UnityEngine.Logger:Log (UnityEngine.LogType,object)
UnityEngine.Debug:Log (object)
StreetscapeReview:Run () (at Assets/Editor/StreetscapeReview.cs:53)

(Filename: Assets/Editor/StreetscapeReview.cs Line: 53)

Unloading 1 Unused Serialized files (Serialized files now loaded: 0)
Unloading 1 unused Assets / (0.8 KB). Loaded Objects now: 761.
Memory consumption went from 219.4 MB to 219.4 MB.
Total: 18.270900 ms (FindLiveObjects: 0.319900 ms CreateObjectMapping: 0.018600 ms MarkObjects: 17.518400 ms  DeleteObjects: 0.081300 ms)

STREET_REVIEW 9 左折巻き込み_後ろの車が目の前で左折 PASS 916 ms
UnityEngine.Debug:ExtractStackTraceNoAlloc (byte*,int,string)
UnityEngine.StackTraceUtility:ExtractStackTrace ()
UnityEngine.DebugLogHandler:Internal_Log (UnityEngine.LogType,UnityEngine.LogOption,string,UnityEngine.Object)
UnityEngine.DebugLogHandler:LogFormat (UnityEngine.LogType,UnityEngine.Object,string,object[])
UnityEngine.Logger:Log (UnityEngine.LogType,object)
UnityEngine.Debug:Log (object)
StreetscapeReview:Run () (at Assets/Editor/StreetscapeReview.cs:53)

(Filename: Assets/Editor/StreetscapeReview.cs Line: 53)

Unloading 1 Unused Serialized files (Serialized files now loaded: 0)
Unloading 1 unused Assets / (3.2 KB). Loaded Objects now: 761.
Memory consumption went from 219.4 MB to 219.4 MB.
Total: 18.692000 ms (FindLiveObjects: 0.360100 ms CreateObjectMapping: 0.018700 ms MarkObjects: 17.992400 ms  DeleteObjects: 0.107600 ms)

STREET_REVIEW 10 幹線_信号待ちで車が次々 PASS 685 ms
UnityEngine.Debug:ExtractStackTraceNoAlloc (byte*,int,string)
UnityEngine.StackTraceUtility:ExtractStackTrace ()
UnityEngine.DebugLogHandler:Internal_Log (UnityEngine.LogType,UnityEngine.LogOption,string,UnityEngine.Object)
UnityEngine.DebugLogHandler:LogFormat (UnityEngine.LogType,UnityEngine.Object,string,object[])
UnityEngine.Logger:Log (UnityEngine.LogType,object)
UnityEngine.Debug:Log (object)
StreetscapeReview:Run () (at Assets/Editor/StreetscapeReview.cs:53)

(Filename: Assets/Editor/StreetscapeReview.cs Line: 53)

Unloading 1 Unused Serialized files (Serialized files now loaded: 0)
Unloading 1 unused Assets / (3.2 KB). Loaded Objects now: 761.
Memory consumption went from 219.5 MB to 219.5 MB.
Total: 11.890200 ms (FindLiveObjects: 0.309600 ms CreateObjectMapping: 0.017500 ms MarkObjects: 11.309300 ms  DeleteObjects: 0.078100 ms)

STREET_REVIEW 11 幹線歩道_車3台が連続 PASS 657 ms
UnityEngine.Debug:ExtractStackTraceNoAlloc (byte*,int,string)
UnityEngine.StackTraceUtility:ExtractStackTrace ()
UnityEngine.DebugLogHandler:Internal_Log (UnityEngine.LogType,UnityEngine.LogOption,string,UnityEngine.Object)
UnityEngine.DebugLogHandler:LogFormat (UnityEngine.LogType,UnityEngine.Object,string,object[])
UnityEngine.Logger:Log (UnityEngine.LogType,object)
UnityEngine.Debug:Log (object)
StreetscapeReview:Run () (at Assets/Editor/StreetscapeReview.cs:53)

(Filename: Assets/Editor/StreetscapeReview.cs Line: 53)

Unloading 1 Unused Serialized files (Serialized files now loaded: 0)
Unloading 1 unused Assets / (1.8 KB). Loaded Objects now: 761.
Memory consumption went from 219.5 MB to 219.5 MB.
Total: 20.990400 ms (FindLiveObjects: 0.337500 ms CreateObjectMapping: 0.357900 ms MarkObjects: 19.952600 ms  DeleteObjects: 0.084500 ms)

STREET_REVIEW 12 横断歩道を渡る途中_右から車が減速して横切る PASS 371 ms
UnityEngine.Debug:ExtractStackTraceNoAlloc (byte*,int,string)
UnityEngine.StackTraceUtility:ExtractStackTrace ()
UnityEngine.DebugLogHandler:Internal_Log (UnityEngine.LogType,UnityEngine.LogOption,string,UnityEngine.Object)
UnityEngine.DebugLogHandler:LogFormat (UnityEngine.LogType,UnityEngine.Object,string,object[])
UnityEngine.Logger:Log (UnityEngine.LogType,object)
UnityEngine.Debug:Log (object)
StreetscapeReview:Run () (at Assets/Editor/StreetscapeReview.cs:53)

(Filename: Assets/Editor/StreetscapeReview.cs Line: 53)

Unloading 1 Unused Serialized files (Serialized files now loaded: 0)
Unloading 1 unused Assets / (1.0 KB). Loaded Objects now: 761.
Memory consumption went from 219.5 MB to 219.5 MB.
Total: 15.240400 ms (FindLiveObjects: 0.322000 ms CreateObjectMapping: 0.016500 ms MarkObjects: 14.609600 ms  DeleteObjects: 0.111800 ms)

STREET_REVIEW 13 踏切_警報だけで列車はまだ PASS 620 ms
UnityEngine.Debug:ExtractStackTraceNoAlloc (byte*,int,string)
UnityEngine.StackTraceUtility:ExtractStackTrace ()
UnityEngine.DebugLogHandler:Internal_Log (UnityEngine.LogType,UnityEngine.LogOption,string,UnityEngine.Object)
UnityEngine.DebugLogHandler:LogFormat (UnityEngine.LogType,UnityEngine.Object,string,object[])
UnityEngine.Logger:Log (UnityEngine.LogType,object)
UnityEngine.Debug:Log (object)
StreetscapeReview:Run () (at Assets/Editor/StreetscapeReview.cs:53)

(Filename: Assets/Editor/StreetscapeReview.cs Line: 53)

Unloading 1 Unused Serialized files (Serialized files now loaded: 0)
Unloading 1 unused Assets / (2.6 KB). Loaded Objects now: 761.
Memory consumption went from 219.5 MB to 219.5 MB.
Total: 14.276200 ms (FindLiveObjects: 0.306000 ms CreateObjectMapping: 0.017700 ms MarkObjects: 13.719100 ms  DeleteObjects: 0.068700 ms)

STREET_REVIEW 14 踏切で待つ_列車が目の前を通過 PASS 584 ms
UnityEngine.Debug:ExtractStackTraceNoAlloc (byte*,int,string)
UnityEngine.StackTraceUtility:ExtractStackTrace ()
UnityEngine.DebugLogHandler:Internal_Log (UnityEngine.LogType,UnityEngine.LogOption,string,UnityEngine.Object)
UnityEngine.DebugLogHandler:LogFormat (UnityEngine.LogType,UnityEngine.Object,string,object[])
UnityEngine.Logger:Log (UnityEngine.LogType,object)
UnityEngine.Debug:Log (object)
StreetscapeReview:Run () (at Assets/Editor/StreetscapeReview.cs:53)

(Filename: Assets/Editor/StreetscapeReview.cs Line: 53)

Unloading 1 Unused Serialized files (Serialized files now loaded: 0)
Unloading 1 unused Assets / (2.6 KB). Loaded Objects now: 761.
Memory consumption went from 219.7 MB to 219.7 MB.
Total: 13.478700 ms (FindLiveObjects: 0.513000 ms CreateObjectMapping: 0.017200 ms MarkObjects: 12.671500 ms  DeleteObjects: 0.093000 ms)

STREET_REVIEW 15 高架下_頭上を列車が通過_後ろから車 PASS 489 ms
UnityEngine.Debug:ExtractStackTraceNoAlloc (byte*,int,string)
UnityEngine.StackTraceUtility:ExtractStackTrace ()
UnityEngine.DebugLogHandler:Internal_Log (UnityEngine.LogType,UnityEngine.LogOption,string,UnityEngine.Object)
UnityEngine.DebugLogHandler:LogFormat (UnityEngine.LogType,UnityEngine.Object,string,object[])
UnityEngine.Logger:Log (UnityEngine.LogType,object)
UnityEngine.Debug:Log (object)
StreetscapeReview:Run () (at Assets/Editor/StreetscapeReview.cs:53)

(Filename: Assets/Editor/StreetscapeReview.cs Line: 53)

Unloading 1 Unused Serialized files (Serialized files now loaded: 0)
Unloading 1 unused Assets / (0.8 KB). Loaded Objects now: 764.
Memory consumption went from 219.9 MB to 219.9 MB.
Total: 16.574300 ms (FindLiveObjects: 0.313200 ms CreateObjectMapping: 0.018000 ms MarkObjects: 15.974500 ms  DeleteObjects: 0.085100 ms)

STREET_REVIEW 16 宅配バイクが後ろから来て停止_発進 PASS 526 ms
UnityEngine.Debug:ExtractStackTraceNoAlloc (byte*,int,string)
UnityEngine.StackTraceUtility:ExtractStackTrace ()
UnityEngine.DebugLogHandler:Internal_Log (UnityEngine.LogType,UnityEngine.LogOption,string,UnityEngine.Object)
UnityEngine.DebugLogHandler:LogFormat (UnityEngine.LogType,UnityEngine.Object,string,object[])
UnityEngine.Logger:Log (UnityEngine.LogType,object)
UnityEngine.Debug:Log (object)
StreetscapeReview:Run () (at Assets/Editor/StreetscapeReview.cs:53)

(Filename: Assets/Editor/StreetscapeReview.cs Line: 53)

Unloading 1 Unused Serialized files (Serialized files now loaded: 0)
Unloading 1 unused Assets / (3.2 KB). Loaded Objects now: 764.
Memory consumption went from 219.9 MB to 219.9 MB.
Total: 16.091200 ms (FindLiveObjects: 0.436700 ms CreateObjectMapping: 0.019700 ms MarkObjects: 15.362500 ms  DeleteObjects: 0.082900 ms)

STREET_REVIEW 17 後ろからキックボード PASS 590 ms
UnityEngine.Debug:ExtractStackTraceNoAlloc (byte*,int,string)
UnityEngine.StackTraceUtility:ExtractStackTrace ()
UnityEngine.DebugLogHandler:Internal_Log (UnityEngine.LogType,UnityEngine.LogOption,string,UnityEngine.Object)
UnityEngine.DebugLogHandler:LogFormat (UnityEngine.LogType,UnityEngine.Object,string,object[])
UnityEngine.Logger:Log (UnityEngine.LogType,object)
UnityEngine.Debug:Log (object)
StreetscapeReview:Run () (at Assets/Editor/StreetscapeReview.cs:53)

(Filename: Assets/Editor/StreetscapeReview.cs Line: 53)

Unloading 1 Unused Serialized files (Serialized files now loaded: 0)
Unloading 1 unused Assets / (3.2 KB). Loaded Objects now: 764.
Memory consumption went from 219.9 MB to 219.9 MB.
Total: 13.413800 ms (FindLiveObjects: 0.263500 ms CreateObjectMapping: 0.016600 ms MarkObjects: 12.883700 ms  DeleteObjects: 0.077000 ms)

Worker ready: AssetImportWorkerHW0 0
STREET_REVIEW 18 後ろからバイク PASS 561 ms
UnityEngine.Debug:ExtractStackTraceNoAlloc (byte*,int,string)
UnityEngine.StackTraceUtility:ExtractStackTrace ()
UnityEngine.DebugLogHandler:Internal_Log (UnityEngine.LogType,UnityEngine.LogOption,string,UnityEngine.Object)
UnityEngine.DebugLogHandler:LogFormat (UnityEngine.LogType,UnityEngine.Object,string,object[])
UnityEngine.Logger:Log (UnityEngine.LogType,object)
UnityEngine.Debug:Log (object)
StreetscapeReview:Run () (at Assets/Editor/StreetscapeReview.cs:53)

(Filename: Assets/Editor/StreetscapeReview.cs Line: 53)

Unloading 1 Unused Serialized files (Serialized files now loaded: 0)
Unloading 1 unused Assets / (2.6 KB). Loaded Objects now: 764.
Memory consumption went from 220.1 MB to 220.1 MB.
Total: 13.102200 ms (FindLiveObjects: 0.283600 ms CreateObjectMapping: 0.014900 ms MarkObjects: 12.572200 ms  DeleteObjects: 0.069600 ms)

STREET_REVIEW 19 後ろから自転車ベル PASS 516 ms
UnityEngine.Debug:ExtractStackTraceNoAlloc (byte*,int,string)
UnityEngine.StackTraceUtility:ExtractStackTrace ()
UnityEngine.DebugLogHandler:Internal_Log (UnityEngine.LogType,UnityEngine.LogOption,string,UnityEngine.Object)
UnityEngine.DebugLogHandler:LogFormat (UnityEngine.LogType,UnityEngine.Object,string,object[])
UnityEngine.Logger:Log (UnityEngine.LogType,object)
UnityEngine.Debug:Log (object)
StreetscapeReview:Run () (at Assets/Editor/StreetscapeReview.cs:53)

(Filename: Assets/Editor/StreetscapeReview.cs Line: 53)

Unloading 1 Unused Serialized files (Serialized files now loaded: 0)
Unloading 1 unused Assets / (3.2 KB). Loaded Objects now: 764.
Memory consumption went from 220.1 MB to 220.1 MB.
Total: 12.594200 ms (FindLiveObjects: 0.321300 ms CreateObjectMapping: 0.018600 ms MarkObjects: 11.638300 ms  DeleteObjects: 0.084600 ms)

STREET_REVIEW 20 駐車場_バックしてくる車 PASS 111 ms
UnityEngine.Debug:ExtractStackTraceNoAlloc (byte*,int,string)
UnityEngine.StackTraceUtility:ExtractStackTrace ()
UnityEngine.DebugLogHandler:Internal_Log (UnityEngine.LogType,UnityEngine.LogOption,string,UnityEngine.Object)
UnityEngine.DebugLogHandler:LogFormat (UnityEngine.LogType,UnityEngine.Object,string,object[])
UnityEngine.Logger:Log (UnityEngine.LogType,object)
UnityEngine.Debug:Log (object)
StreetscapeReview:Run () (at Assets/Editor/StreetscapeReview.cs:53)

(Filename: Assets/Editor/StreetscapeReview.cs Line: 53)

Unloading 1 Unused Serialized files (Serialized files now loaded: 0)
Unloading 1 unused Assets / (3.2 KB). Loaded Objects now: 764.
Memory consumption went from 220.1 MB to 220.1 MB.
Total: 13.311200 ms (FindLiveObjects: 0.664300 ms CreateObjectMapping: 0.021200 ms MarkObjects: 12.296400 ms  DeleteObjects: 0.084100 ms)

STREET_REVIEW 21 クラクションを鳴らされる PASS 518 ms
UnityEngine.Debug:ExtractStackTraceNoAlloc (byte*,int,string)
UnityEngine.StackTraceUtility:ExtractStackTrace ()
UnityEngine.DebugLogHandler:Internal_Log (UnityEngine.LogType,UnityEngine.LogOption,string,UnityEngine.Object)
UnityEngine.DebugLogHandler:LogFormat (UnityEngine.LogType,UnityEngine.Object,string,object[])
UnityEngine.Logger:Log (UnityEngine.LogType,object)
UnityEngine.Debug:Log (object)
StreetscapeReview:Run () (at Assets/Editor/StreetscapeReview.cs:53)

(Filename: Assets/Editor/StreetscapeReview.cs Line: 53)

Unloading 1 Unused Serialized files (Serialized files now loaded: 0)
Unloading 1 unused Assets / (3.2 KB). Loaded Objects now: 764.
Memory consumption went from 220.1 MB to 220.1 MB.
Total: 16.063100 ms (FindLiveObjects: 0.277500 ms CreateObjectMapping: 0.016100 ms MarkObjects: 15.498600 ms  DeleteObjects: 0.082800 ms)

STREET_REVIEW 22 救急車が横を通過 PASS 602 ms
UnityEngine.Debug:ExtractStackTraceNoAlloc (byte*,int,string)
UnityEngine.StackTraceUtility:ExtractStackTrace ()
UnityEngine.DebugLogHandler:Internal_Log (UnityEngine.LogType,UnityEngine.LogOption,string,UnityEngine.Object)
UnityEngine.DebugLogHandler:LogFormat (UnityEngine.LogType,UnityEngine.Object,string,object[])
UnityEngine.Logger:Log (UnityEngine.LogType,object)
UnityEngine.Debug:Log (object)
StreetscapeReview:Run () (at Assets/Editor/StreetscapeReview.cs:53)

(Filename: Assets/Editor/StreetscapeReview.cs Line: 53)

Unloading 1 Unused Serialized files (Serialized files now loaded: 0)
Unloading 1 unused Assets / (2.7 KB). Loaded Objects now: 764.
Memory consumption went from 220.2 MB to 220.2 MB.
Total: 12.226700 ms (FindLiveObjects: 0.243300 ms CreateObjectMapping: 0.013000 ms MarkObjects: 11.745500 ms  DeleteObjects: 0.067700 ms)

STREET_REVIEW 23 救急車が近づくだけ PASS 518 ms
UnityEngine.Debug:ExtractStackTraceNoAlloc (byte*,int,string)
UnityEngine.StackTraceUtility:ExtractStackTrace ()
UnityEngine.DebugLogHandler:Internal_Log (UnityEngine.LogType,UnityEngine.LogOption,string,UnityEngine.Object)
UnityEngine.DebugLogHandler:LogFormat (UnityEngine.LogType,UnityEngine.Object,string,object[])
UnityEngine.Logger:Log (UnityEngine.LogType,object)
UnityEngine.Debug:Log (object)
StreetscapeReview:Run () (at Assets/Editor/StreetscapeReview.cs:53)

(Filename: Assets/Editor/StreetscapeReview.cs Line: 53)

Unloading 1 Unused Serialized files (Serialized files now loaded: 0)
Unloading 1 unused Assets / (1.9 KB). Loaded Objects now: 764.
Memory consumption went from 220.2 MB to 220.2 MB.
Total: 16.836000 ms (FindLiveObjects: 0.520300 ms CreateObjectMapping: 0.018000 ms MarkObjects: 16.041300 ms  DeleteObjects: 0.078500 ms)

STREET_REVIEW 24 A_同じ車に強が再発火_束ね確認 PASS 620 ms
UnityEngine.Debug:ExtractStackTraceNoAlloc (byte*,int,string)
UnityEngine.StackTraceUtility:ExtractStackTrace ()
UnityEngine.DebugLogHandler:Internal_Log (UnityEngine.LogType,UnityEngine.LogOption,string,UnityEngine.Object)
UnityEngine.DebugLogHandler:LogFormat (UnityEngine.LogType,UnityEngine.Object,string,object[])
UnityEngine.Logger:Log (UnityEngine.LogType,object)
UnityEngine.Debug:Log (object)
StreetscapeReview:Run () (at Assets/Editor/StreetscapeReview.cs:53)

(Filename: Assets/Editor/StreetscapeReview.cs Line: 53)

Unloading 1 Unused Serialized files (Serialized files now loaded: 0)
Unloading 1 unused Assets / (2.6 KB). Loaded Objects now: 764.
Memory consumption went from 220.2 MB to 220.2 MB.
Total: 15.042600 ms (FindLiveObjects: 0.278700 ms CreateObjectMapping: 0.017300 ms MarkObjects: 14.477300 ms  DeleteObjects: 0.082200 ms)

STREET_REVIEW 25 B_中から強へ昇格_段階と連続 PASS 455 ms
UnityEngine.Debug:ExtractStackTraceNoAlloc (byte*,int,string)
UnityEngine.StackTraceUtility:ExtractStackTrace ()
UnityEngine.DebugLogHandler:Internal_Log (UnityEngine.LogType,UnityEngine.LogOption,string,UnityEngine.Object)
UnityEngine.DebugLogHandler:LogFormat (UnityEngine.LogType,UnityEngine.Object,string,object[])
UnityEngine.Logger:Log (UnityEngine.LogType,object)
UnityEngine.Debug:Log (object)
StreetscapeReview:Run () (at Assets/Editor/StreetscapeReview.cs:53)

(Filename: Assets/Editor/StreetscapeReview.cs Line: 53)

Unloading 1 Unused Serialized files (Serialized files now loaded: 0)
Unloading 1 unused Assets / (0.8 KB). Loaded Objects now: 764.
Memory consumption went from 220.2 MB to 220.2 MB.
Total: 12.422300 ms (FindLiveObjects: 0.227900 ms CreateObjectMapping: 0.012100 ms MarkObjects: 11.954200 ms  DeleteObjects: 0.070000 ms)

STREET_REVIEW 26 C_幹線歩行_車3台の連続通知 PASS 493 ms
UnityEngine.Debug:ExtractStackTraceNoAlloc (byte*,int,string)
UnityEngine.StackTraceUtility:ExtractStackTrace ()
UnityEngine.DebugLogHandler:Internal_Log (UnityEngine.LogType,UnityEngine.LogOption,string,UnityEngine.Object)
UnityEngine.DebugLogHandler:LogFormat (UnityEngine.LogType,UnityEngine.Object,string,object[])
UnityEngine.Logger:Log (UnityEngine.LogType,object)
UnityEngine.Debug:Log (object)
StreetscapeReview:Run () (at Assets/Editor/StreetscapeReview.cs:53)

(Filename: Assets/Editor/StreetscapeReview.cs Line: 53)

Unloading 1 Unused Serialized files (Serialized files now loaded: 0)
Unloading 1 unused Assets / (2.6 KB). Loaded Objects now: 764.
Memory consumption went from 220.2 MB to 220.2 MB.
Total: 16.545900 ms (FindLiveObjects: 0.374200 ms CreateObjectMapping: 0.014400 ms MarkObjects: 15.862400 ms  DeleteObjects: 0.091900 ms)

STREET_REVIEW 27 D_安全な車だけ_抑制 PASS 501 ms
UnityEngine.Debug:ExtractStackTraceNoAlloc (byte*,int,string)
UnityEngine.StackTraceUtility:ExtractStackTrace ()
UnityEngine.DebugLogHandler:Internal_Log (UnityEngine.LogType,UnityEngine.LogOption,string,UnityEngine.Object)
UnityEngine.DebugLogHandler:LogFormat (UnityEngine.LogType,UnityEngine.Object,string,object[])
UnityEngine.Logger:Log (UnityEngine.LogType,object)
UnityEngine.Debug:Log (object)
StreetscapeReview:Run () (at Assets/Editor/StreetscapeReview.cs:53)

(Filename: Assets/Editor/StreetscapeReview.cs Line: 53)

Unloading 1 Unused Serialized files (Serialized files now loaded: 0)
Unloading 1 unused Assets / (2.7 KB). Loaded Objects now: 761.
Memory consumption went from 220.2 MB to 220.2 MB.
Total: 13.566600 ms (FindLiveObjects: 0.289100 ms CreateObjectMapping: 0.015400 ms MarkObjects: 13.037000 ms  DeleteObjects: 0.064100 ms)

STREET_REVIEW 28 南西から車が交差点を抜ける_後ろから自転車ベル PASS 1269 ms
UnityEngine.Debug:ExtractStackTraceNoAlloc (byte*,int,string)
UnityEngine.StackTraceUtility:ExtractStackTrace ()
UnityEngine.DebugLogHandler:Internal_Log (UnityEngine.LogType,UnityEngine.LogOption,string,UnityEngine.Object)
UnityEngine.DebugLogHandler:LogFormat (UnityEngine.LogType,UnityEngine.Object,string,object[])
UnityEngine.Logger:Log (UnityEngine.LogType,object)
UnityEngine.Debug:Log (object)
StreetscapeReview:Run () (at Assets/Editor/StreetscapeReview.cs:53)

(Filename: Assets/Editor/StreetscapeReview.cs Line: 53)

Unloading 1 Unused Serialized files (Serialized files now loaded: 0)
Unloading 1 unused Assets / (2.6 KB). Loaded Objects now: 761.
Memory consumption went from 220.2 MB to 220.2 MB.
Total: 12.434700 ms (FindLiveObjects: 0.549900 ms CreateObjectMapping: 0.016500 ms MarkObjects: 11.622800 ms  DeleteObjects: 0.074700 ms)

STREET_REVIEW 29 正門から出て交差点を渡る_東から車 PASS 1181 ms
UnityEngine.Debug:ExtractStackTraceNoAlloc (byte*,int,string)
UnityEngine.StackTraceUtility:ExtractStackTrace ()
UnityEngine.DebugLogHandler:Internal_Log (UnityEngine.LogType,UnityEngine.LogOption,string,UnityEngine.Object)
UnityEngine.DebugLogHandler:LogFormat (UnityEngine.LogType,UnityEngine.Object,string,object[])
UnityEngine.Logger:Log (UnityEngine.LogType,object)
UnityEngine.Debug:Log (object)
StreetscapeReview:Run () (at Assets/Editor/StreetscapeReview.cs:53)

(Filename: Assets/Editor/StreetscapeReview.cs Line: 53)

Unloading 1 Unused Serialized files (Serialized files now loaded: 0)
Unloading 1 unused Assets / (2.6 KB). Loaded Objects now: 761.
Memory consumption went from 220.2 MB to 220.2 MB.
Total: 10.977200 ms (FindLiveObjects: 0.281200 ms CreateObjectMapping: 0.014400 ms MarkObjects: 10.456100 ms  DeleteObjects: 0.063500 ms)

STREET_REVIEW 30 正門前で待つ_北から車が左折_南西からも車 PASS 1191 ms
UnityEngine.Debug:ExtractStackTraceNoAlloc (byte*,int,string)
UnityEngine.StackTraceUtility:ExtractStackTrace ()
UnityEngine.DebugLogHandler:Internal_Log (UnityEngine.LogType,UnityEngine.LogOption,string,UnityEngine.Object)
UnityEngine.DebugLogHandler:LogFormat (UnityEngine.LogType,UnityEngine.Object,string,object[])
UnityEngine.Logger:Log (UnityEngine.LogType,object)
UnityEngine.Debug:Log (object)
StreetscapeReview:Run () (at Assets/Editor/StreetscapeReview.cs:53)

(Filename: Assets/Editor/StreetscapeReview.cs Line: 53)

Unloading 1 Unused Serialized files (Serialized files now loaded: 0)
Unloading 1 unused Assets / (2.0 KB). Loaded Objects now: 764.
Memory consumption went from 220.2 MB to 220.2 MB.
Total: 15.353300 ms (FindLiveObjects: 0.321500 ms CreateObjectMapping: 0.017800 ms MarkObjects: 14.760900 ms  DeleteObjects: 0.077400 ms)

STREET_REVIEW 31 歩行_渡った直後に東からの車が背中側を右折 PASS 1250 ms
UnityEngine.Debug:ExtractStackTraceNoAlloc (byte*,int,string)
UnityEngine.StackTraceUtility:ExtractStackTrace ()
UnityEngine.DebugLogHandler:Internal_Log (UnityEngine.LogType,UnityEngine.LogOption,string,UnityEngine.Object)
UnityEngine.DebugLogHandler:LogFormat (UnityEngine.LogType,UnityEngine.Object,string,object[])
UnityEngine.Logger:Log (UnityEngine.LogType,object)
UnityEngine.Debug:Log (object)
StreetscapeReview:Run () (at Assets/Editor/StreetscapeReview.cs:53)

(Filename: Assets/Editor/StreetscapeReview.cs Line: 53)

Unloading 1 Unused Serialized files (Serialized files now loaded: 0)
Unloading 1 unused Assets / (2.5 KB). Loaded Objects now: 764.
Memory consumption went from 220.2 MB to 220.2 MB.
Total: 13.925400 ms (FindLiveObjects: 0.339000 ms CreateObjectMapping: 0.015800 ms MarkObjects: 13.321200 ms  DeleteObjects: 0.080000 ms)

STREET_REVIEW 32 歩行_渡る瞬間に北からの車が目の前を左折 PASS 1125 ms
UnityEngine.Debug:ExtractStackTraceNoAlloc (byte*,int,string)
UnityEngine.StackTraceUtility:ExtractStackTrace ()
UnityEngine.DebugLogHandler:Internal_Log (UnityEngine.LogType,UnityEngine.LogOption,string,UnityEngine.Object)
UnityEngine.DebugLogHandler:LogFormat (UnityEngine.LogType,UnityEngine.Object,string,object[])
UnityEngine.Logger:Log (UnityEngine.LogType,object)
UnityEngine.Debug:Log (object)
StreetscapeReview:Run () (at Assets/Editor/StreetscapeReview.cs:53)

(Filename: Assets/Editor/StreetscapeReview.cs Line: 53)

Unloading 1 Unused Serialized files (Serialized files now loaded: 0)
Unloading 1 unused Assets / (2.4 KB). Loaded Objects now: 764.
Memory consumption went from 220.2 MB to 220.2 MB.
Total: 13.274800 ms (FindLiveObjects: 0.297400 ms CreateObjectMapping: 0.020500 ms MarkObjects: 12.710100 ms  DeleteObjects: 0.074700 ms)

STREET_REVIEW 33 クラクションを鳴らされる PASS 498 ms
UnityEngine.Debug:ExtractStackTraceNoAlloc (byte*,int,string)
UnityEngine.StackTraceUtility:ExtractStackTrace ()
UnityEngine.DebugLogHandler:Internal_Log (UnityEngine.LogType,UnityEngine.LogOption,string,UnityEngine.Object)
UnityEngine.DebugLogHandler:LogFormat (UnityEngine.LogType,UnityEngine.Object,string,object[])
UnityEngine.Logger:Log (UnityEngine.LogType,object)
UnityEngine.Debug:Log (object)
StreetscapeReview:Run () (at Assets/Editor/StreetscapeReview.cs:53)

(Filename: Assets/Editor/StreetscapeReview.cs Line: 53)

Unloading 1 Unused Serialized files (Serialized files now loaded: 0)
Unloading 1 unused Assets / (2.0 KB). Loaded Objects now: 764.
Memory consumption went from 220.2 MB to 220.2 MB.
Total: 13.282200 ms (FindLiveObjects: 0.244800 ms CreateObjectMapping: 0.012600 ms MarkObjects: 12.795400 ms  DeleteObjects: 0.073100 ms)

STREET_REVIEW 34 バス停_バスが真横に停車して発進 PASS 470 ms
UnityEngine.Debug:ExtractStackTraceNoAlloc (byte*,int,string)
UnityEngine.StackTraceUtility:ExtractStackTrace ()
UnityEngine.DebugLogHandler:Internal_Log (UnityEngine.LogType,UnityEngine.LogOption,string,UnityEngine.Object)
UnityEngine.DebugLogHandler:LogFormat (UnityEngine.LogType,UnityEngine.Object,string,object[])
UnityEngine.Logger:Log (UnityEngine.LogType,object)
UnityEngine.Debug:Log (object)
StreetscapeReview:Run () (at Assets/Editor/StreetscapeReview.cs:53)

(Filename: Assets/Editor/StreetscapeReview.cs Line: 53)

Unloading 1 Unused Serialized files (Serialized files now loaded: 0)
Unloading 1 unused Assets / (3.2 KB). Loaded Objects now: 764.
Memory consumption went from 220.2 MB to 220.2 MB.
Total: 11.942300 ms (FindLiveObjects: 0.266300 ms CreateObjectMapping: 0.017100 ms MarkObjects: 11.427000 ms  DeleteObjects: 0.066800 ms)

STREET_REVIEW 35 交差点の角で待つ_前の道路を車が横切る PASS 421 ms
UnityEngine.Debug:ExtractStackTraceNoAlloc (byte*,int,string)
UnityEngine.StackTraceUtility:ExtractStackTrace ()
UnityEngine.DebugLogHandler:Internal_Log (UnityEngine.LogType,UnityEngine.LogOption,string,UnityEngine.Object)
UnityEngine.DebugLogHandler:LogFormat (UnityEngine.LogType,UnityEngine.Object,string,object[])
UnityEngine.Logger:Log (UnityEngine.LogType,object)
UnityEngine.Debug:Log (object)
StreetscapeReview:Run () (at Assets/Editor/StreetscapeReview.cs:53)

(Filename: Assets/Editor/StreetscapeReview.cs Line: 53)

Unloading 1 Unused Serialized files (Serialized files now loaded: 0)
Unloading 1 unused Assets / (3.2 KB). Loaded Objects now: 764.
Memory consumption went from 220.4 MB to 220.4 MB.
Total: 13.337800 ms (FindLiveObjects: 0.284000 ms CreateObjectMapping: 0.015500 ms MarkObjects: 12.801200 ms  DeleteObjects: 0.069100 ms)

STREET_REVIEW 36 前から対向車と、遠くを追い越す車 PASS 476 ms
UnityEngine.Debug:ExtractStackTraceNoAlloc (byte*,int,string)
UnityEngine.StackTraceUtility:ExtractStackTrace ()
UnityEngine.DebugLogHandler:Internal_Log (UnityEngine.LogType,UnityEngine.LogOption,string,UnityEngine.Object)
UnityEngine.DebugLogHandler:LogFormat (UnityEngine.LogType,UnityEngine.Object,string,object[])
UnityEngine.Logger:Log (UnityEngine.LogType,object)
UnityEngine.Debug:Log (object)
StreetscapeReview:Run () (at Assets/Editor/StreetscapeReview.cs:53)

(Filename: Assets/Editor/StreetscapeReview.cs Line: 53)

Unloading 1 Unused Serialized files (Serialized files now loaded: 0)
Unloading 1 unused Assets / (3.2 KB). Loaded Objects now: 764.
Memory consumption went from 220.5 MB to 220.4 MB.
Total: 13.058600 ms (FindLiveObjects: 0.264700 ms CreateObjectMapping: 0.015300 ms MarkObjects: 12.542700 ms  DeleteObjects: 0.074000 ms)

STREET_REVIEW 37 南西から車が交差点を抜ける_後ろから自転車ベル PASS 1099 ms
UnityEngine.Debug:ExtractStackTraceNoAlloc (byte*,int,string)
UnityEngine.StackTraceUtility:ExtractStackTrace ()
UnityEngine.DebugLogHandler:Internal_Log (UnityEngine.LogType,UnityEngine.LogOption,string,UnityEngine.Object)
UnityEngine.DebugLogHandler:LogFormat (UnityEngine.LogType,UnityEngine.Object,string,object[])
UnityEngine.Logger:Log (UnityEngine.LogType,object)
UnityEngine.Debug:Log (object)
StreetscapeReview:Run () (at Assets/Editor/StreetscapeReview.cs:53)

(Filename: Assets/Editor/StreetscapeReview.cs Line: 53)

Unloading 1 Unused Serialized files (Serialized files now loaded: 0)
Unloading 1 unused Assets / (2.5 KB). Loaded Objects now: 761.
Memory consumption went from 220.5 MB to 220.5 MB.
Total: 13.205500 ms (FindLiveObjects: 0.370200 ms CreateObjectMapping: 0.013600 ms MarkObjects: 12.582700 ms  DeleteObjects: 0.073900 ms)

STREET_REVIEW 38 宅配バイクが後ろから来て停止_発進 PASS 387 ms
UnityEngine.Debug:ExtractStackTraceNoAlloc (byte*,int,string)
UnityEngine.StackTraceUtility:ExtractStackTrace ()
UnityEngine.DebugLogHandler:Internal_Log (UnityEngine.LogType,UnityEngine.LogOption,string,UnityEngine.Object)
UnityEngine.DebugLogHandler:LogFormat (UnityEngine.LogType,UnityEngine.Object,string,object[])
UnityEngine.Logger:Log (UnityEngine.LogType,object)
UnityEngine.Debug:Log (object)
StreetscapeReview:Run () (at Assets/Editor/StreetscapeReview.cs:53)

(Filename: Assets/Editor/StreetscapeReview.cs Line: 53)

Unloading 1 Unused Serialized files (Serialized files now loaded: 0)
Unloading 1 unused Assets / (3.2 KB). Loaded Objects now: 761.
Memory consumption went from 220.5 MB to 220.4 MB.
Total: 11.906500 ms (FindLiveObjects: 0.227200 ms CreateObjectMapping: 0.012700 ms MarkObjects: 11.427500 ms  DeleteObjects: 0.073400 ms)

STREET_REVIEW 39 左折巻き込み_後ろの車が目の前で左折 PASS 634 ms
UnityEngine.Debug:ExtractStackTraceNoAlloc (byte*,int,string)
UnityEngine.StackTraceUtility:ExtractStackTrace ()
UnityEngine.DebugLogHandler:Internal_Log (UnityEngine.LogType,UnityEngine.LogOption,string,UnityEngine.Object)
UnityEngine.DebugLogHandler:LogFormat (UnityEngine.LogType,UnityEngine.Object,string,object[])
UnityEngine.Logger:Log (UnityEngine.LogType,object)
UnityEngine.Debug:Log (object)
StreetscapeReview:Run () (at Assets/Editor/StreetscapeReview.cs:53)

(Filename: Assets/Editor/StreetscapeReview.cs Line: 53)

Unloading 1 Unused Serialized files (Serialized files now loaded: 0)
Unloading 1 unused Assets / (3.2 KB). Loaded Objects now: 761.
Memory consumption went from 220.5 MB to 220.4 MB.
Total: 14.450900 ms (FindLiveObjects: 0.258700 ms CreateObjectMapping: 0.014400 ms MarkObjects: 13.752300 ms  DeleteObjects: 0.253400 ms)

STREET_REVIEW 40 幹線_信号待ちで車が次々 PASS 510 ms
UnityEngine.Debug:ExtractStackTraceNoAlloc (byte*,int,string)
UnityEngine.StackTraceUtility:ExtractStackTrace ()
UnityEngine.DebugLogHandler:Internal_Log (UnityEngine.LogType,UnityEngine.LogOption,string,UnityEngine.Object)
UnityEngine.DebugLogHandler:LogFormat (UnityEngine.LogType,UnityEngine.Object,string,object[])
UnityEngine.Logger:Log (UnityEngine.LogType,object)
UnityEngine.Debug:Log (object)
StreetscapeReview:Run () (at Assets/Editor/StreetscapeReview.cs:53)

(Filename: Assets/Editor/StreetscapeReview.cs Line: 53)

Unloading 1 Unused Serialized files (Serialized files now loaded: 0)
Unloading 1 unused Assets / (0.8 KB). Loaded Objects now: 761.
Memory consumption went from 220.5 MB to 220.5 MB.
Total: 10.645200 ms (FindLiveObjects: 0.278700 ms CreateObjectMapping: 0.009400 ms MarkObjects: 10.129300 ms  DeleteObjects: 0.060300 ms)

STREET_REVIEW 41 幹線歩道_車3台が連続 PASS 458 ms
UnityEngine.Debug:ExtractStackTraceNoAlloc (byte*,int,string)
UnityEngine.StackTraceUtility:ExtractStackTrace ()
UnityEngine.DebugLogHandler:Internal_Log (UnityEngine.LogType,UnityEngine.LogOption,string,UnityEngine.Object)
UnityEngine.DebugLogHandler:LogFormat (UnityEngine.LogType,UnityEngine.Object,string,object[])
UnityEngine.Logger:Log (UnityEngine.LogType,object)
UnityEngine.Debug:Log (object)
StreetscapeReview:Run () (at Assets/Editor/StreetscapeReview.cs:53)

(Filename: Assets/Editor/StreetscapeReview.cs Line: 53)

Unloading 1 Unused Serialized files (Serialized files now loaded: 0)
Unloading 1 unused Assets / (2.0 KB). Loaded Objects now: 761.
Memory consumption went from 220.5 MB to 220.5 MB.
Total: 14.023300 ms (FindLiveObjects: 0.257000 ms CreateObjectMapping: 0.012000 ms MarkObjects: 13.524500 ms  DeleteObjects: 0.071900 ms)

STREET_REVIEW 42 後ろからキックボード PASS 487 ms
UnityEngine.Debug:ExtractStackTraceNoAlloc (byte*,int,string)
UnityEngine.StackTraceUtility:ExtractStackTrace ()
UnityEngine.DebugLogHandler:Internal_Log (UnityEngine.LogType,UnityEngine.LogOption,string,UnityEngine.Object)
UnityEngine.DebugLogHandler:LogFormat (UnityEngine.LogType,UnityEngine.Object,string,object[])
UnityEngine.Logger:Log (UnityEngine.LogType,object)
UnityEngine.Debug:Log (object)
StreetscapeReview:Run () (at Assets/Editor/StreetscapeReview.cs:53)

(Filename: Assets/Editor/StreetscapeReview.cs Line: 53)

Unloading 1 Unused Serialized files (Serialized files now loaded: 0)
Unloading 1 unused Assets / (3.2 KB). Loaded Objects now: 761.
Memory consumption went from 220.5 MB to 220.5 MB.
Total: 13.325500 ms (FindLiveObjects: 0.332800 ms CreateObjectMapping: 0.019800 ms MarkObjects: 12.734800 ms  DeleteObjects: 0.074500 ms)

STREET_REVIEW 43 後ろからバイク PASS 464 ms
UnityEngine.Debug:ExtractStackTraceNoAlloc (byte*,int,string)
UnityEngine.StackTraceUtility:ExtractStackTrace ()
UnityEngine.DebugLogHandler:Internal_Log (UnityEngine.LogType,UnityEngine.LogOption,string,UnityEngine.Object)
UnityEngine.DebugLogHandler:LogFormat (UnityEngine.LogType,UnityEngine.Object,string,object[])
UnityEngine.Logger:Log (UnityEngine.LogType,object)
UnityEngine.Debug:Log (object)
StreetscapeReview:Run () (at Assets/Editor/StreetscapeReview.cs:53)

(Filename: Assets/Editor/StreetscapeReview.cs Line: 53)

Unloading 1 Unused Serialized files (Serialized files now loaded: 0)
Unloading 1 unused Assets / (1.0 KB). Loaded Objects now: 761.
Memory consumption went from 220.5 MB to 220.5 MB.
Total: 14.944700 ms (FindLiveObjects: 0.478100 ms CreateObjectMapping: 0.016300 ms MarkObjects: 14.201100 ms  DeleteObjects: 0.083400 ms)

STREET_REVIEW 44 後ろから自転車ベル PASS 498 ms
UnityEngine.Debug:ExtractStackTraceNoAlloc (byte*,int,string)
UnityEngine.StackTraceUtility:ExtractStackTrace ()
UnityEngine.DebugLogHandler:Internal_Log (UnityEngine.LogType,UnityEngine.LogOption,string,UnityEngine.Object)
UnityEngine.DebugLogHandler:LogFormat (UnityEngine.LogType,UnityEngine.Object,string,object[])
UnityEngine.Logger:Log (UnityEngine.LogType,object)
UnityEngine.Debug:Log (object)
StreetscapeReview:Run () (at Assets/Editor/StreetscapeReview.cs:53)

(Filename: Assets/Editor/StreetscapeReview.cs Line: 53)

Unloading 1 Unused Serialized files (Serialized files now loaded: 0)
Unloading 1 unused Assets / (2.6 KB). Loaded Objects now: 761.
Memory consumption went from 220.5 MB to 220.5 MB.
Total: 13.234400 ms (FindLiveObjects: 0.260700 ms CreateObjectMapping: 0.019000 ms MarkObjects: 12.730300 ms  DeleteObjects: 0.067000 ms)

STREET_REVIEW 45 救急車が横を通過 PASS 565 ms
UnityEngine.Debug:ExtractStackTraceNoAlloc (byte*,int,string)
UnityEngine.StackTraceUtility:ExtractStackTrace ()
UnityEngine.DebugLogHandler:Internal_Log (UnityEngine.LogType,UnityEngine.LogOption,string,UnityEngine.Object)
UnityEngine.DebugLogHandler:LogFormat (UnityEngine.LogType,UnityEngine.Object,string,object[])
UnityEngine.Logger:Log (UnityEngine.LogType,object)
UnityEngine.Debug:Log (object)
StreetscapeReview:Run () (at Assets/Editor/StreetscapeReview.cs:53)

(Filename: Assets/Editor/StreetscapeReview.cs Line: 53)

Unloading 1 Unused Serialized files (Serialized files now loaded: 0)
Unloading 1 unused Assets / (2.6 KB). Loaded Objects now: 761.
Memory consumption went from 220.5 MB to 220.5 MB.
Total: 11.222000 ms (FindLiveObjects: 0.256900 ms CreateObjectMapping: 0.012200 ms MarkObjects: 10.614000 ms  DeleteObjects: 0.068400 ms)

STREET_REVIEW 46 救急車が近づくだけ PASS 496 ms
UnityEngine.Debug:ExtractStackTraceNoAlloc (byte*,int,string)
UnityEngine.StackTraceUtility:ExtractStackTrace ()
UnityEngine.DebugLogHandler:Internal_Log (UnityEngine.LogType,UnityEngine.LogOption,string,UnityEngine.Object)
UnityEngine.DebugLogHandler:LogFormat (UnityEngine.LogType,UnityEngine.Object,string,object[])
UnityEngine.Logger:Log (UnityEngine.LogType,object)
UnityEngine.Debug:Log (object)
StreetscapeReview:Run () (at Assets/Editor/StreetscapeReview.cs:53)

(Filename: Assets/Editor/StreetscapeReview.cs Line: 53)

Unloading 1 Unused Serialized files (Serialized files now loaded: 0)
Unloading 1 unused Assets / (2.6 KB). Loaded Objects now: 761.
Memory consumption went from 220.5 MB to 220.5 MB.
Total: 15.725700 ms (FindLiveObjects: 0.288300 ms CreateObjectMapping: 0.015700 ms MarkObjects: 15.164500 ms  DeleteObjects: 0.072200 ms)

STREET_REVIEW 47 横断歩道を渡る途中_右から車が減速して横切る PASS 318 ms
UnityEngine.Debug:ExtractStackTraceNoAlloc (byte*,int,string)
UnityEngine.StackTraceUtility:ExtractStackTrace ()
UnityEngine.DebugLogHandler:Internal_Log (UnityEngine.LogType,UnityEngine.LogOption,string,UnityEngine.Object)
UnityEngine.DebugLogHandler:LogFormat (UnityEngine.LogType,UnityEngine.Object,string,object[])
UnityEngine.Logger:Log (UnityEngine.LogType,object)
UnityEngine.Debug:Log (object)
StreetscapeReview:Run () (at Assets/Editor/StreetscapeReview.cs:53)

(Filename: Assets/Editor/StreetscapeReview.cs Line: 53)

Unloading 1 Unused Serialized files (Serialized files now loaded: 0)
Unloading 1 unused Assets / (2.6 KB). Loaded Objects now: 761.
Memory consumption went from 220.5 MB to 220.5 MB.
Total: 17.531800 ms (FindLiveObjects: 0.290700 ms CreateObjectMapping: 0.019800 ms MarkObjects: 16.988200 ms  DeleteObjects: 0.071000 ms)

STREET_REVIEW 48 正門から出て交差点を渡る_東から車 PASS 1135 ms
UnityEngine.Debug:ExtractStackTraceNoAlloc (byte*,int,string)
UnityEngine.StackTraceUtility:ExtractStackTrace ()
UnityEngine.DebugLogHandler:Internal_Log (UnityEngine.LogType,UnityEngine.LogOption,string,UnityEngine.Object)
UnityEngine.DebugLogHandler:LogFormat (UnityEngine.LogType,UnityEngine.Object,string,object[])
UnityEngine.Logger:Log (UnityEngine.LogType,object)
UnityEngine.Debug:Log (object)
StreetscapeReview:Run () (at Assets/Editor/StreetscapeReview.cs:53)

(Filename: Assets/Editor/StreetscapeReview.cs Line: 53)

Unloading 1 Unused Serialized files (Serialized files now loaded: 0)
Unloading 1 unused Assets / (2.4 KB). Loaded Objects now: 761.
Memory consumption went from 220.5 MB to 220.5 MB.
Total: 11.632900 ms (FindLiveObjects: 0.233400 ms CreateObjectMapping: 0.012400 ms MarkObjects: 11.126600 ms  DeleteObjects: 0.067100 ms)

STREET_REVIEW 49 正門前で待つ_北から車が左折_南西からも車 PASS 1094 ms
UnityEngine.Debug:ExtractStackTraceNoAlloc (byte*,int,string)
UnityEngine.StackTraceUtility:ExtractStackTrace ()
UnityEngine.DebugLogHandler:Internal_Log (UnityEngine.LogType,UnityEngine.LogOption,string,UnityEngine.Object)
UnityEngine.DebugLogHandler:LogFormat (UnityEngine.LogType,UnityEngine.Object,string,object[])
UnityEngine.Logger:Log (UnityEngine.LogType,object)
UnityEngine.Debug:Log (object)
StreetscapeReview:Run () (at Assets/Editor/StreetscapeReview.cs:53)

(Filename: Assets/Editor/StreetscapeReview.cs Line: 53)

Unloading 1 Unused Serialized files (Serialized files now loaded: 0)
Unloading 1 unused Assets / (3.2 KB). Loaded Objects now: 764.
Memory consumption went from 220.5 MB to 220.5 MB.
Total: 14.446700 ms (FindLiveObjects: 0.281400 ms CreateObjectMapping: 0.019200 ms MarkObjects: 13.888100 ms  DeleteObjects: 0.076300 ms)

STREET_REVIEW 50 歩行_渡った直後に東からの車が背中側を右折 PASS 1113 ms
UnityEngine.Debug:ExtractStackTraceNoAlloc (byte*,int,string)
UnityEngine.StackTraceUtility:ExtractStackTrace ()
UnityEngine.DebugLogHandler:Internal_Log (UnityEngine.LogType,UnityEngine.LogOption,string,UnityEngine.Object)
UnityEngine.DebugLogHandler:LogFormat (UnityEngine.LogType,UnityEngine.Object,string,object[])
UnityEngine.Logger:Log (UnityEngine.LogType,object)
UnityEngine.Debug:Log (object)
StreetscapeReview:Run () (at Assets/Editor/StreetscapeReview.cs:53)

(Filename: Assets/Editor/StreetscapeReview.cs Line: 53)

Unloading 1 Unused Serialized files (Serialized files now loaded: 0)
Unloading 1 unused Assets / (2.4 KB). Loaded Objects now: 764.
Memory consumption went from 220.5 MB to 220.5 MB.
Total: 13.247700 ms (FindLiveObjects: 0.327300 ms CreateObjectMapping: 0.016500 ms MarkObjects: 12.655700 ms  DeleteObjects: 0.079700 ms)

STREET_REVIEW 51 歩行_渡る瞬間に北からの車が目の前を左折 PASS 1125 ms
UnityEngine.Debug:ExtractStackTraceNoAlloc (byte*,int,string)
UnityEngine.StackTraceUtility:ExtractStackTrace ()
UnityEngine.DebugLogHandler:Internal_Log (UnityEngine.LogType,UnityEngine.LogOption,string,UnityEngine.Object)
UnityEngine.DebugLogHandler:LogFormat (UnityEngine.LogType,UnityEngine.Object,string,object[])
UnityEngine.Logger:Log (UnityEngine.LogType,object)
UnityEngine.Debug:Log (object)
StreetscapeReview:Run () (at Assets/Editor/StreetscapeReview.cs:53)

(Filename: Assets/Editor/StreetscapeReview.cs Line: 53)

Unloading 1 Unused Serialized files (Serialized files now loaded: 0)
Unloading 1 unused Assets / (0.9 KB). Loaded Objects now: 764.
Memory consumption went from 220.5 MB to 220.5 MB.
Total: 12.095000 ms (FindLiveObjects: 0.245900 ms CreateObjectMapping: 0.014600 ms MarkObjects: 11.603400 ms  DeleteObjects: 0.071500 ms)

STREET_REVIEW 52 複合_前から車と後ろから自転車ベル PASS 456 ms
UnityEngine.Debug:ExtractStackTraceNoAlloc (byte*,int,string)
UnityEngine.StackTraceUtility:ExtractStackTrace ()
UnityEngine.DebugLogHandler:Internal_Log (UnityEngine.LogType,UnityEngine.LogOption,string,UnityEngine.Object)
UnityEngine.DebugLogHandler:LogFormat (UnityEngine.LogType,UnityEngine.Object,string,object[])
UnityEngine.Logger:Log (UnityEngine.LogType,object)
UnityEngine.Debug:Log (object)
StreetscapeReview:Run () (at Assets/Editor/StreetscapeReview.cs:53)

(Filename: Assets/Editor/StreetscapeReview.cs Line: 53)

Unloading 1 Unused Serialized files (Serialized files now loaded: 0)
Unloading 1 unused Assets / (0.8 KB). Loaded Objects now: 764.
Memory consumption went from 220.5 MB to 220.5 MB.
Total: 16.018700 ms (FindLiveObjects: 0.308200 ms CreateObjectMapping: 0.016300 ms MarkObjects: 15.440800 ms  DeleteObjects: 0.081100 ms)

STREET_REVIEW 53 路地_ゆっくり抜けていく車 PASS 468 ms
UnityEngine.Debug:ExtractStackTraceNoAlloc (byte*,int,string)
UnityEngine.StackTraceUtility:ExtractStackTrace ()
UnityEngine.DebugLogHandler:Internal_Log (UnityEngine.LogType,UnityEngine.LogOption,string,UnityEngine.Object)
UnityEngine.DebugLogHandler:LogFormat (UnityEngine.LogType,UnityEngine.Object,string,object[])
UnityEngine.Logger:Log (UnityEngine.LogType,object)
UnityEngine.Debug:Log (object)
StreetscapeReview:Run () (at Assets/Editor/StreetscapeReview.cs:53)

(Filename: Assets/Editor/StreetscapeReview.cs Line: 53)

Unloading 1 Unused Serialized files (Serialized files now loaded: 0)
Unloading 1 unused Assets / (2.6 KB). Loaded Objects now: 764.
Memory consumption went from 220.5 MB to 220.5 MB.
Total: 10.033400 ms (FindLiveObjects: 0.248800 ms CreateObjectMapping: 0.007900 ms MarkObjects: 9.435500 ms  DeleteObjects: 0.069700 ms)

STREET_REVIEW 54 路地_前から対向車 PASS 490 ms
UnityEngine.Debug:ExtractStackTraceNoAlloc (byte*,int,string)
UnityEngine.StackTraceUtility:ExtractStackTrace ()
UnityEngine.DebugLogHandler:Internal_Log (UnityEngine.LogType,UnityEngine.LogOption,string,UnityEngine.Object)
UnityEngine.DebugLogHandler:LogFormat (UnityEngine.LogType,UnityEngine.Object,string,object[])
UnityEngine.Logger:Log (UnityEngine.LogType,object)
UnityEngine.Debug:Log (object)
StreetscapeReview:Run () (at Assets/Editor/StreetscapeReview.cs:53)

(Filename: Assets/Editor/StreetscapeReview.cs Line: 53)

Unloading 1 Unused Serialized files (Serialized files now loaded: 0)
Unloading 1 unused Assets / (1.9 KB). Loaded Objects now: 764.
Memory consumption went from 220.5 MB to 220.5 MB.
Total: 15.490300 ms (FindLiveObjects: 0.328000 ms CreateObjectMapping: 0.014500 ms MarkObjects: 14.903700 ms  DeleteObjects: 0.070300 ms)

STREET_REVIEW 55 路地_後ろからゆっくり車_至近 PASS 463 ms
UnityEngine.Debug:ExtractStackTraceNoAlloc (byte*,int,string)
UnityEngine.StackTraceUtility:ExtractStackTrace ()
UnityEngine.DebugLogHandler:Internal_Log (UnityEngine.LogType,UnityEngine.LogOption,string,UnityEngine.Object)
UnityEngine.DebugLogHandler:LogFormat (UnityEngine.LogType,UnityEngine.Object,string,object[])
UnityEngine.Logger:Log (UnityEngine.LogType,object)
UnityEngine.Debug:Log (object)
StreetscapeReview:Run () (at Assets/Editor/StreetscapeReview.cs:53)

(Filename: Assets/Editor/StreetscapeReview.cs Line: 53)

Unloading 1 Unused Serialized files (Serialized files now loaded: 0)
Unloading 1 unused Assets / (1.6 KB). Loaded Objects now: 764.
Memory consumption went from 220.5 MB to 220.5 MB.
Total: 14.696600 ms (FindLiveObjects: 0.496400 ms CreateObjectMapping: 0.016500 ms MarkObjects: 13.939300 ms  DeleteObjects: 0.076700 ms)

STREET_REVIEW 56 路肩に停車中の車が発進して走り去る PASS 411 ms
UnityEngine.Debug:ExtractStackTraceNoAlloc (byte*,int,string)
UnityEngine.StackTraceUtility:ExtractStackTrace ()
UnityEngine.DebugLogHandler:Internal_Log (UnityEngine.LogType,UnityEngine.LogOption,string,UnityEngine.Object)
UnityEngine.DebugLogHandler:LogFormat (UnityEngine.LogType,UnityEngine.Object,string,object[])
UnityEngine.Logger:Log (UnityEngine.LogType,object)
UnityEngine.Debug:Log (object)
StreetscapeReview:Run () (at Assets/Editor/StreetscapeReview.cs:53)

(Filename: Assets/Editor/StreetscapeReview.cs Line: 53)

Unloading 1 Unused Serialized files (Serialized files now loaded: 0)
Unloading 1 unused Assets / (0.8 KB). Loaded Objects now: 761.
Memory consumption went from 220.5 MB to 220.5 MB.
Total: 11.132100 ms (FindLiveObjects: 0.304000 ms CreateObjectMapping: 0.014800 ms MarkObjects: 10.503700 ms  DeleteObjects: 0.067000 ms)

STREET_REVIEW 57 踏切_警報だけで列車はまだ PASS 635 ms
UnityEngine.Debug:ExtractStackTraceNoAlloc (byte*,int,string)
UnityEngine.StackTraceUtility:ExtractStackTrace ()
UnityEngine.DebugLogHandler:Internal_Log (UnityEngine.LogType,UnityEngine.LogOption,string,UnityEngine.Object)
UnityEngine.DebugLogHandler:LogFormat (UnityEngine.LogType,UnityEngine.Object,string,object[])
UnityEngine.Logger:Log (UnityEngine.LogType,object)
UnityEngine.Debug:Log (object)
StreetscapeReview:Run () (at Assets/Editor/StreetscapeReview.cs:53)

(Filename: Assets/Editor/StreetscapeReview.cs Line: 53)

Unloading 1 Unused Serialized files (Serialized files now loaded: 0)
Unloading 1 unused Assets / (2.0 KB). Loaded Objects now: 761.
Memory consumption went from 220.5 MB to 220.5 MB.
Total: 12.515300 ms (FindLiveObjects: 0.333300 ms CreateObjectMapping: 0.017500 ms MarkObjects: 11.926400 ms  DeleteObjects: 0.074900 ms)

STREET_REVIEW 58 踏切で待つ_列車が目の前を通過 PASS 464 ms
UnityEngine.Debug:ExtractStackTraceNoAlloc (byte*,int,string)
UnityEngine.StackTraceUtility:ExtractStackTrace ()
UnityEngine.DebugLogHandler:Internal_Log (UnityEngine.LogType,UnityEngine.LogOption,string,UnityEngine.Object)
UnityEngine.DebugLogHandler:LogFormat (UnityEngine.LogType,UnityEngine.Object,string,object[])
UnityEngine.Logger:Log (UnityEngine.LogType,object)
UnityEngine.Debug:Log (object)
StreetscapeReview:Run () (at Assets/Editor/StreetscapeReview.cs:53)

(Filename: Assets/Editor/StreetscapeReview.cs Line: 53)

Unloading 1 Unused Serialized files (Serialized files now loaded: 0)
Unloading 1 unused Assets / (2.5 KB). Loaded Objects now: 761.
Memory consumption went from 220.5 MB to 220.5 MB.
Total: 10.634100 ms (FindLiveObjects: 0.372400 ms CreateObjectMapping: 0.007500 ms MarkObjects: 10.022600 ms  DeleteObjects: 0.068200 ms)

STREET_REVIEW 59 静かな住宅街_何も来ない PASS 467 ms
UnityEngine.Debug:ExtractStackTraceNoAlloc (byte*,int,string)
UnityEngine.StackTraceUtility:ExtractStackTrace ()
UnityEngine.DebugLogHandler:Internal_Log (UnityEngine.LogType,UnityEngine.LogOption,string,UnityEngine.Object)
UnityEngine.DebugLogHandler:LogFormat (UnityEngine.LogType,UnityEngine.Object,string,object[])
UnityEngine.Logger:Log (UnityEngine.LogType,object)
UnityEngine.Debug:Log (object)
StreetscapeReview:Run () (at Assets/Editor/StreetscapeReview.cs:53)

(Filename: Assets/Editor/StreetscapeReview.cs Line: 53)

Unloading 1 Unused Serialized files (Serialized files now loaded: 0)
Unloading 1 unused Assets / (0.8 KB). Loaded Objects now: 761.
Memory consumption went from 220.6 MB to 220.6 MB.
Total: 12.562800 ms (FindLiveObjects: 0.340100 ms CreateObjectMapping: 0.018000 ms MarkObjects: 11.581900 ms  DeleteObjects: 0.124800 ms)

STREET_REVIEW 60 駐車場_バックしてくる車 PASS 103 ms
UnityEngine.Debug:ExtractStackTraceNoAlloc (byte*,int,string)
UnityEngine.StackTraceUtility:ExtractStackTrace ()
UnityEngine.DebugLogHandler:Internal_Log (UnityEngine.LogType,UnityEngine.LogOption,string,UnityEngine.Object)
UnityEngine.DebugLogHandler:LogFormat (UnityEngine.LogType,UnityEngine.Object,string,object[])
UnityEngine.Logger:Log (UnityEngine.LogType,object)
UnityEngine.Debug:Log (object)
StreetscapeReview:Run () (at Assets/Editor/StreetscapeReview.cs:53)

(Filename: Assets/Editor/StreetscapeReview.cs Line: 53)

Unloading 1 Unused Serialized files (Serialized files now loaded: 0)
Unloading 1 unused Assets / (2.6 KB). Loaded Objects now: 764.
Memory consumption went from 220.6 MB to 220.6 MB.
Total: 11.351600 ms (FindLiveObjects: 0.288400 ms CreateObjectMapping: 0.016600 ms MarkObjects: 10.811600 ms  DeleteObjects: 0.071800 ms)

STREET_REVIEW 61 高架下_頭上を列車が通過_後ろから車 PASS 483 ms
UnityEngine.Debug:ExtractStackTraceNoAlloc (byte*,int,string)
UnityEngine.StackTraceUtility:ExtractStackTrace ()
UnityEngine.DebugLogHandler:Internal_Log (UnityEngine.LogType,UnityEngine.LogOption,string,UnityEngine.Object)
UnityEngine.DebugLogHandler:LogFormat (UnityEngine.LogType,UnityEngine.Object,string,object[])
UnityEngine.Logger:Log (UnityEngine.LogType,object)
UnityEngine.Debug:Log (object)
StreetscapeReview:Run () (at Assets/Editor/StreetscapeReview.cs:53)

(Filename: Assets/Editor/StreetscapeReview.cs Line: 53)

Unloading 1 Unused Serialized files (Serialized files now loaded: 0)
Unloading 1 unused Assets / (3.2 KB). Loaded Objects now: 764.
Memory consumption went from 220.6 MB to 220.6 MB.
Total: 12.313000 ms (FindLiveObjects: 0.286600 ms CreateObjectMapping: 0.014300 ms MarkObjects: 11.724600 ms  DeleteObjects: 0.088800 ms)

Importing 'GUID: 1c87d87f797876447bb16c8fa55efe15 - Path: Assets/RuntimeReview.unity' with importer (DefaultImporter)
Imported 'GUID: 1c87d87f797876447bb16c8fa55efe15' -> (Import Result ID: 'df5e8e92a0d543924b05138ba0a0a48b') in 0.025 seconds [static dependencies only]. Details - ImportResultOutputID=72fbd918730905731be51750a2583c0d DependenciesID=40a86b45ac6e13a1475aef925279fa51 StaticDependenciesID=f98eebec54b1782180c7e79205ee810b 
Asset Pipeline Refresh (id=69370017f601cc240b2c3527239b4c4d): Total: 0.186 seconds - Initiated by StopAssetImportingV2(NoUpdateAssetOptions)
D3D11 device created for Microsoft Media Foundation video decoding.
[Project] Loading completed in 91.039 seconds
	Project init time: 				24.936 seconds
		Template init time: 		0.000 seconds
		Package Manager init time: 		1.337 seconds
		Asset Database init time: 		3.011 seconds
		Global illumination init time: 	0.022 seconds
		Assemblies load time: 			6.333 seconds
		Unity extensions init time: 	0.002 seconds
		Asset Database refresh time: 	12.152 seconds
	Scene opening time: 			60.284 seconds
##utp:{"type":"ProjectInfo","version":2,"phase":"Immediate","time":1788593655655,"processId":282840,"projectLoad":91.0389723,"projectInit":24.9364321,"templateInit":0.0,"packageManagerInit":1.3369876,"assetDatabaseInit":3.0105321,"globalIlluminationInit":0.022335,"assembliesLoad":6.3333546,"unityExtensionsInit":0.0018544,"assetDatabaseRefresh":12.1521813,"sceneOpening":60.2843618}
##utp:{"type":"EditorInfo","version":2,"phase":"Immediate","time":1788593655656,"processId":282840,"editorVersion":"6000.6.0f1 (f7f8ed4d1e24)","branch":"6000.6/respin/6000.6.0f1-fa21a270ab12","buildType":"Release","platform":"Windows"}
[Licensing::Client] Successfully resolved entitlement details
Reloading assemblies for play mode.
Reloading assemblies after forced synchronous recompile.
Begin MonoManager ReloadAssembly
[Licensing::Client] Successfully resolved entitlement details
Native extension for WindowsStandalone target not found
Native extension for WebGL target not found
ScheduleIndexationOnStartup MainProcess:True IndexOnStartup:True
Scripting: successfully reloaded assembly
- Finished resetting the current domain, in  1.595 seconds
Domain Reload Profiling: 3148ms
	BeginReloadAssembly (868ms)
		DisableScriptedObjects (143ms)
		CreateAndSetChildDomain (144ms)
	RebuildCommonClasses (37ms)
	RebuildNativeTypeToScriptingClass (43ms)
	initialDomainReloadingComplete (240ms)
	LoadAllAssembliesAndSetupDomain (363ms)
		LoadAssemblies (479ms)
		TypeCache.Refresh (7ms)
		AnalyzeDomain (7ms)
	FinalizeReload (1597ms)
		SetupLoadedEditorAssemblies (0ms)
			LogAssemblyErrors (4ms)
			InitializePlatformSupportModulesInManaged (6ms)
			BeforeProcessingInitializeOnLoad (329ms)
			ProcessInitializeOnLoadAttributes (297ms)
			ProcessInitializeOnLoadMethodAttributes (199ms)
			AfterProcessingInitializeOnLoad (18ms)
		AwakeInstancesAfterBackupRestoration (125ms)

Asset Pipeline Refresh (id=b05cdc80b89fd3f41a19ad788e301c0a): Total: 3.797 seconds - Initiated by StopAssetImportingV2(ForceSynchronousImport | ForceDomainReload)
	(Values over 0.05ms)
	Summary:
		Imports: total=0 (actual=0, local cache=0, cache server=0)
		Asset DB Process Time: managed=0 ms, native=1747 ms
		Asset DB Callback time: managed=122 ms, native=7 ms
		Scripting: domain reloads=1, domain reload time=1911 ms, compile time=8 ms, other=0 ms
		Project Asset Count: scripts=38, non-scripts=20
		Asset File Changes: new=0, changed=0, moved=0, deleted=0
		Scan Filter Count: 0
	InvokePackagesCallback: 18.620ms
	ApplyChangesToAssetFolders: 0.184ms
	Collect global state as custom dependencies: 9.986ms
	ProcessAssetsWithTransientArtifactChanges: 7.262ms
	CategorizeAssets: 0.690ms
	CompileScripts: 8.379ms
	ImportOutOfDateAssets: 1599.085ms (1597.794ms without children)
		UnloadImportedAssets: 0.485ms
		ImportSchedulerStart: 0.775ms
	PostProcessAllAssets: 123.924ms
		PostProcessCallbackCreateDeferredMaterials 0.159ms
		ShaderAssetModifiedCallback 0.070ms
		MonoPostProcessAllAssets: 122.066ms
			StyleCatalogPostProcessor.OnPostprocessAllAssets 22.024ms
			AssetPostprocessor.OnPostprocessAllAssets 16.671ms
			BuilderAssetPostprocessor.OnPostprocessAllAssets 15.051ms
			WindowAssetPostprocessingWatcher.OnPostprocessAllAssets 14.986ms
			SyncVS.PostprocessSyncProject 7.221ms
			AssetChangedListener.OnPostprocessAllAssets 4.602ms
			RetainedModeAssetPostprocessor.OnPostprocessAllAssets 4.316ms
			SpeedTree9Postprocessor.OnPostprocessAllAssets 2.042ms
			TextAssetPostProcessor.OnPostprocessAllAssets 1.708ms
			ArtifactBrowserPostProcessor.OnPostprocessAllAssets 1.427ms
			EditModeScopePostprocessor.OnPostprocessAllAssets 0.854ms
			TerrainToolbarOverlayPostProcessor.OnPostprocessAllAssets 0.810ms
			AudioMixerPostprocessor.OnPostprocessAllAssets 0.720ms
			ReferencedClipsPostProcessor.OnPostprocessAllAssets 0.637ms
			SpeedTreePostProcessor.OnPostprocessAllAssets 0.571ms
			AssetEvents.OnPostprocessAllAssets 0.533ms
			ThemePostprocessor.OnPostprocessAllAssets 0.475ms
			AssetDatabaseCallbacks.OnPostprocessAllAssets 0.317ms
			ConfigAssetsTracker.OnPostprocessAllAssets 0.258ms
			RenderPipelineGlobalSettingsPostprocessor.OnPostprocessAllAssets 0.252ms
			ScenarioDriftAssetsTracker.OnPostprocessAllAssets 0.234ms
			AudioContainerPostProcessor.OnPostprocessAllAssets 0.148ms
	PostAssetChangesProfiler: 0.821ms
	UnloadStreamsBegin: 0.167ms
	Untracked: 1983.711ms

Loaded scene 'Temp/__Backupscenes/0.backup'
	Deserialize:            4.393 ms
	Integration:            76.348 ms
	Integration of assets:  0.358 ms
	Thread Wait Time:       -0.325 ms
	Total Operation Time:   80.774 ms
[MODES] ModeService[none].Initialize
[MODES] ModeService[none].LoadModes
Start Indexing on Editor startup
ArgumentOutOfRangeException: Index was out of range. Must be non-negative and less than the size of the collection.
Parameter name: index
  at System.Collections.Generic.List`1[T].get_Item (System.Int32 index) [0x00009] in <c5ae8a4eeb824526b5df2932bc2395e0>:0 
  at UnityEditor.Search.SearchDatabase+<EnumerateAll>d__78.MoveNext () [0x00089] in <f03e16b4b58248838607cefa048bd30a>:0 
  at System.Linq.Enumerable.TryGetFirst[TSource] (System.Collections.Generic.IEnumerable`1[T] source, System.Boolean& found) [0x00045] in <f1b392d8fe224ca2b1f9fab1000b77eb>:0 
  at System.Linq.Enumerable.First[TSource] (System.Collections.Generic.IEnumerable`1[T] source) [0x00000] in <f1b392d8fe224ca2b1f9fab1000b77eb>:0 
  at UnityEditor.Search.SearchDatabase.GetDefaultSearchDatabase () [0x00005] in <f03e16b4b58248838607cefa048bd30a>:0 
  at UnityEditor.Search.SearchInit.IndexationOnStartup () [0x0000a] in <f03e16b4b58248838607cefa048bd30a>:0 
  at UnityEditor.EditorApplication.Internal_CallDelayFunctions () [0x00029] in <2194b77af8ea43e69caba13ba778a69a>:0 
UnityEngine.StackTraceUtility:ExtractStringFromExceptionInternal(Object, String&, String&)

Created GICache directory at C:/Users/satos/AppData/LocalLow/Unity/Caches/GiCache. Took: 0.069s, timestamps: [95.917 - 95.986]
[Licensing::Client] Successfully resolved entitlement details
There are no audio listeners in the scene. Please ensure there is always one audio listener in the scene
There are no audio listeners in the scene. Please ensure there is always one audio listener in the scene
There are no audio listeners in the scene. Please ensure there is always one audio listener in the scene
There are no audio listeners in the scene. Please ensure there is always one audio listener in the scene
There are no audio listeners in the scene. Please ensure there is always one audio listener in the scene
There are no audio listeners in the scene. Please ensure there is always one audio listener in the scene
There are no audio listeners in the scene. Please ensure there is always one audio listener in the scene
There are no audio listeners in the scene. Please ensure there is always one audio listener in the scene
There are no audio listeners in the scene. Please ensure there is always one audio listener in the scene
There are no audio listeners in the scene. Please ensure there is always one audio listener in the scene
There are no audio listeners in the scene. Please ensure there is always one audio listener in the scene
There are no audio listeners in the scene. Please ensure there is always one audio listener in the scene
There are no audio listeners in the scene. Please ensure there is always one audio listener in the scene
There are no audio listeners in the scene. Please ensure there is always one audio listener in the scene
There are no audio listeners in the scene. Please ensure there is always one audio listener in the scene
There are no audio listeners in the scene. Please ensure there is always one audio listener in the scene
There are no audio listeners in the scene. Please ensure there is always one audio listener in the scene
There are no audio listeners in the scene. Please ensure there is always one audio listener in the scene
There are no audio listeners in the scene. Please ensure there is always one audio listener in the scene
There are no audio listeners in the scene. Please ensure there is always one audio listener in the scene
There are no audio listeners in the scene. Please ensure there is always one audio listener in the scene
There are no audio listeners in the scene. Please ensure there is always one audio listener in the scene
There are no audio listeners in the scene. Please ensure there is always one audio listener in the scene
There are no audio listeners in the scene. Please ensure there is always one audio listener in the scene
There are no audio listeners in the scene. Please ensure there is always one audio listener in the scene
There are no audio listeners in the scene. Please ensure there is always one audio listener in the scene
There are no audio listeners in the scene. Please ensure there is always one audio listener in the scene
There are no audio listeners in the scene. Please ensure there is always one audio listener in the scene
There are no audio listeners in the scene. Please ensure there is always one audio listener in the scene
There are no audio listeners in the scene. Please ensure there is always one audio listener in the scene
There are no audio listeners in the scene. Please ensure there is always one audio listener in the scene
There are no audio listeners in the scene. Please ensure there is always one audio listener in the scene
There are no audio listeners in the scene. Please ensure there is always one audio listener in the scene
There are no audio listeners in the scene. Please ensure there is always one audio listener in the scene
There are no audio listeners in the scene. Please ensure there is always one audio listener in the scene
There are no audio listeners in the scene. Please ensure there is always one audio listener in the scene
There are no audio listeners in the scene. Please ensure there is always one audio listener in the scene
There are no audio listeners in the scene. Please ensure there is always one audio listener in the scene
There are no audio listeners in the scene. Please ensure there is always one audio listener in the scene
There are no audio listeners in the scene. Please ensure there is always one audio listener in the scene
There are no audio listeners in the scene. Please ensure there is always one audio listener in the scene
There are no audio listeners in the scene. Please ensure there is always one audio listener in the scene
There are no audio listeners in the scene. Please ensure there is always one audio listener in the scene
There are no audio listeners in the scene. Please ensure there is always one audio listener in the scene
There are no audio listeners in the scene. Please ensure there is always one audio listener in the scene
There are no audio listeners in the scene. Please ensure there is always one audio listener in the scene
There are no audio listeners in the scene. Please ensure there is always one audio listener in the scene
There are no audio listeners in the scene. Please ensure there is always one audio listener in the scene
There are no audio listeners in the scene. Please ensure there is always one audio listener in the scene
There are no audio listeners in the scene. Please ensure there is always one audio listener in the scene
MonoPathRemapper: Attempts to remap: 3446; Successful remaps: 0
Serialized file version minimum: 23, current 23
[Physics::Module] Cleanup current backend.
[Physics::Module] Id: 0xf2b8ea05
Input System module state changed to: ShutdownInProgress.
Input Polling Thread exited.
Input System module state changed to: Shutdown.
[Licensing::IpcConnector] LicenseClient-satos-notifications channel disconnected successfully.
[Licensing::IpcConnector] LicenseClient-satos channel disconnected successfully.
Lingering sessions upon destruction of worker manager
Unity Data Store service was successfully shut down
UDS shutting down local client system
AcceleratorClientConnectionCallback - disconnected - :0
Cleanup mono
CodeReloadManager destroyed
Checking for leaked weakptr:
  Found no leaked weakptrs.
[Package Manager] Server process was shutdown
##utp:{"type":"MemoryLeaks","version":2,"phase":"Immediate","time":1788593668101,"processId":282840,"allocatedMemory":10735006,"memoryLabels":[{"Default":158556},{"Permanent":15516},{"NewDelete":68783},{"Thread":4197984},{"Manager":31109},{"VertexData":536},{"Geometry":816},{"Texture":24},{"Shader":832697},{"Material":24},{"GfxDevice":56328},{"Animation":952},{"FreeType":8},{"FontEngine":736},{"Physics":1970},{"Physics2D":16},{"Serialization":17984},{"Input":42840},{"JobScheduler":256},{"TextLib":280},{"Mono":48},{"ScriptingNativeRuntime":1177944},{"BaseObject":50384},{"Resource":1208},{"Renderer":2376},{"Transform":4685},{"File":4416},{"WebCam":616},{"Culling":32},{"Terrain":11442},{"Wind":24},{"STL":40},{"String":542303},{"StaticString":3808},{"Utility":2673718},{"Curl":2559},{"PoolAlloc":2168},{"AI":80},{"TypeTree":17165},{"ScriptManager":18960},{"CodeReload":448},{"RuntimeInitializeOnLoadManager":64},{"Sprites":102},{"SpriteAtlas":120},{"GI":7816},{"Director":8296},{"CloudService":7440},{"WebRequest":6427},{"VR":49650},{"SceneManager":608},{"Video":208},{"LazyScriptCache":32},{"Camera":729},{"Secure":2377},{"SerializationCache":9256},{"APIUpdating":10320},{"Subsystems":336},{"VirtualTexturing":57888},{"StaticSafetyDebugInfo":278528},{"Analytics":768},{"Hierarchy":1188},{"UIElements":40},{"CoreStats":14456},{"Identifiers":7152},{"Gui":128},{"EditorUtility":91770},{"VersionControl":8},{"Undo":931},{"AssetDatabase":168261},{"AssetImporter":40},{"EditorGi":328},{"UnityConnect":40465},{"Upm":1912},{"UpmDiagnostics":8},{"AssetCompliance":96},{"DrivenProperties":72},{"LocalIPC":260},{"ProfilerEditor":9746},{"CoreBusinessMetrics":3600},{"Windowing":456},{"Licensing":12757},{"AssetReference":32},{"IPCStream":32}]}
