VBCSCompilerPreWarmer: pre-warm launched (dotnet PID 312388)
VBCSCompiler prewarm took 259.06 ms
[Licensing::Module] Trying to connect to existing licensing client channel...
Built from '6000.6/respin/6000.6.0f1-fa21a270ab12' branch; Version is '6000.6.0f1 (f7f8ed4d1e24) revision 16251117'; Using compiler version '194234433'; Build Type 'Release'
OS: 'Windows 11  (10.0.26200) Core' Language: 'ja' Physical Memory: 13989 MB
BatchMode: 1, IsHumanControllingUs: 0, StartBugReporterOnCrash: 0, Is64bit: 1
System  architecture: x64
Process architecture: x64
Date: 2026-09-05T07:27:48Z
[Licensing::IpcConnector] Successfully connected to: "LicenseClient-satos" at "2026-09-05T07:27:48.9221858Z"
[Licensing::Client] Code 10 while verifying Licensing Client signature (process Id: 289524, path: "C:/Program Files/Unity Hub/UnityLicensingClient_V1/Unity.Licensing.Client.exe")
[Licensing::Module] LicensingClient has failed validation; ignoring
[Licensing::Client] Handshaking with LicensingClient:
  Version:                 1.18.3+d7ffd15
  Session Id:              b311bd60b23649948eee3dbb58ec7a99
  Correlation Id:          75310c5e00f062ddb09fb59929a4bcde
  External correlation Id: 6613229970470271836
  Machine Id:              +pGsxVhBC7oefG2xQE5qOJnLbZ8=
[Licensing::Module] Successfully connected to LicensingClient on channel: "LicenseClient-satos" (connect: 0.00s, validation: 0.22s, handshake: 0.34s)
[Licensing::IpcConnector] Successfully connected to: "LicenseClient-satos-notifications" at "2026-09-05T07:27:49.4824074Z"
[Licensing::Module] Error: Access token is unavailable; failed to update
[Licensing::Client] Successfully resolved entitlement details
[Licensing::Module] License group:
  Id: 15669754532075-UnityPersXXXX
  Product: Unity Personal
  Type: Assigned
  Expiration: Unlimited
[Licensing::Client] Successfully updated license, isAsync: True, time: 0.02
[Licensing::Client] Successfully resolved entitlement details
[Licensing::Module] Licensing Background thread has ended after 0.93s

COMMAND LINE ARGUMENTS:
C:\Program Files\Unity\Hub\Editor\6000.6.0f1\Editor\Unity.exe
-batchmode
-projectPath
C:\Users\satos\research\outdoor_seld_e2e\out\streetscape_review_2026-09-05\review_project
-executeMethod
StreetscapeRuntimeReview.Run
-force-d3d11
-logFile
C:\Users\satos\research\outdoor_seld_e2e\out\streetscape_review_2026-09-05\unity_runtime.log
Successfully changed project path to: C:\Users\satos\research\outdoor_seld_e2e\out\streetscape_review_2026-09-05\review_project
C:/Users/satos/research/outdoor_seld_e2e/out/streetscape_review_2026-09-05/review_project
[UnityMemory] Configuration Parameters - Can be set up in boot.config
    "memorysetup-temp-allocator-size-gi-baking-worker=262144"
    "memorysetup-temp-allocator-size-gi-baking-worker=262144"
    "memorysetup-temp-allocator-size-gi-baking-worker=262144"
    "memorysetup-temp-allocator-size-gi-baking-worker=262144"
    "memorysetup-temp-allocator-size-gi-baking-worker=262144"
    "memorysetup-temp-allocator-size-nav-mesh-worker=65536"
    "memorysetup-temp-allocator-size-audio-worker=65536"
    "memorysetup-temp-allocator-size-cloud-worker=32768"
    "memorysetup-temp-allocator-size-gfx=262144"
    "memorysetup-remapper-allocator-initial-capacity=32768"
    "memorysetup-temp-allocator-size-preload-manager=33554432"
    "memorysetup-allocator-temp-initial-block-size-main=262144"
    "memorysetup-allocator-temp-initial-block-size-worker=262144"
    "memorysetup-temp-allocator-size-job-worker=262144"
    "memorysetup-temp-allocator-size-background-worker=32768"
    "memorysetup-bucket-allocator-granularity=16"
    "memorysetup-bucket-allocator-bucket-count=8"
    "memorysetup-bucket-allocator-block-size=33554432"
    "memorysetup-bucket-allocator-block-count=8"
    "memorysetup-main-allocator-block-size=16777216"
    "memorysetup-thread-allocator-block-size=16777216"
    "memorysetup-main-allocator-mimalloc-enabled=1"
    "memorysetup-gfx-main-allocator-block-size=16777216"
    "memorysetup-gfx-thread-allocator-block-size=16777216"
    "memorysetup-cache-allocator-block-size=4194304"
    "memorysetup-typetree-allocator-block-size=2097152"
    "memorysetup-profiler-bucket-allocator-granularity=16"
    "memorysetup-profiler-bucket-allocator-bucket-count=8"
    "memorysetup-profiler-bucket-allocator-block-size=33554432"
    "memorysetup-profiler-bucket-allocator-block-count=8"
    "memorysetup-profiler-allocator-block-size=16777216"
    "memorysetup-profiler-editor-allocator-block-size=1048576"
    "memorysetup-temp-allocator-size-main=16777216"
    "memorysetup-job-temp-allocator-block-size=2097152"
    "memorysetup-job-temp-allocator-block-size-background=1048576"
    "memorysetup-job-temp-allocator-reduction-small-platforms=262144"
Logging is directed to a specific file, skipping project log.
Player connection [253920]  Target information:

Player connection [253920]  * "[IP] 10.160.228.118 [Port] 55505 [Flags] 2 [Guid] 3147512749 [EditorId] 3147512749 [Version] 1048832 [Id] WindowsEditor(7,Stoopy) [Debug] 1 [PackageName] WindowsEditor [ProjectName] Editor" 

Player connection [253920]  * "[IP] 192.168.1.15 [Port] 55505 [Flags] 2 [Guid] 3147512749 [EditorId] 3147512749 [Version] 1048832 [Id] WindowsEditor(7,Stoopy) [Debug] 1 [PackageName] WindowsEditor [ProjectName] Editor" 

Player connection [253920] Host joined multi-casting on [225.0.0.222:54997]...
Player connection [253920] Host joined alternative multi-casting on [225.0.0.222:34997]...
Input System module state changed to: Initialized.
[Physics::Module] Initialized fallback backend.
[Physics::Module] Id: 0xdecafbad
[Package Manager] Connected to IPC stream "Upm-302756" after 1.3 seconds.
[Licensing::Client] Successfully resolved entitlement details
Library Redirect Path: Library/
Launching Unity Data Store - C:/Program Files/Unity/Hub/Editor/6000.6.0f1/Editor/Data/Tools/Unity.DataStore.exe 
Unity Data Store artifact dir = Library/DataStore, working dir = C:/Users/satos/research/outdoor_seld_e2e/out/streetscape_review_2026-09-05/review_project[Physics::Module] Selected backend.
[Physics::Module] Name: PhysX
[Physics::Module] Id: 0xf2b8ea05
[Physics::Module] SDK Version: 4.1.2
[Physics::Module] Integration Version: 1.0.0
[Physics::Module] Threading Mode: Multi-Threaded
Unity Data Store running and initialised
Initialize engine version: 6000.6.0f1 (f7f8ed4d1e24)
[EntityIdStore] init: VM path (explicit commit), pageSize=4096, blockCount=1048576, entitiesPerBlock=256, slots reserved=4294967296 bytes
[Subsystems] Discovering subsystems at path C:/Program Files/Unity/Hub/Editor/6000.6.0f1/Editor/Data/Resources/UnitySubsystems
[Subsystems] Discovering subsystems at path C:/Users/satos/research/outdoor_seld_e2e/out/streetscape_review_2026-09-05/review_project/Assets
Forcing GfxDevice: Direct3D 11
GfxDevice: creating device client; kGfxThreadingModeNonThreaded
Direct3D:
    Version:  Direct3D 11.0 [level 11.1]
    Renderer: AMD Radeon(TM) 820M Graphics (ID=0x1902)
    Vendor:   ATI
    VRAM:     6994 MB
    Driver:   32.0.22054.3001
Initialize mono
Mono path[0] = 'C:/Program Files/Unity/Hub/Editor/6000.6.0f1/Editor/Data/Managed'
Mono path[1] = 'C:/Program Files/Unity/Hub/Editor/6000.6.0f1/Editor/Data/BCLExtensions/runtime/netstandard2.1'
Mono path[2] = 'C:/Program Files/Unity/Hub/Editor/6000.6.0f1/Editor/Data/MonoBleedingEdge/lib/mono/unityjit-win32'
Mono config path = 'C:/Program Files/Unity/Hub/Editor/6000.6.0f1/Editor/Data/MonoBleedingEdge/etc'
Using monoOptions --debugger-agent=transport=dt_socket,embedding=1,server=y,suspend=n,address=127.0.0.1:56756
CodeReloadManager initialized
ImportWorker Server TCP listen port: 0
AcceleratorClientConnectionCallback - disconnected - :0
Begin MonoManager ReloadAssembly
Registering precompiled unity dll's ...
Register platform support module: C:/Program Files/Unity/Hub/Editor/6000.6.0f1/Editor/Data/PlaybackEngines/WebGLSupport/UnityEditor.WebGL.Extensions.dll
Register platform support module: C:/Program Files/Unity/Hub/Editor/6000.6.0f1/Editor/Data/PlaybackEngines/WindowsStandaloneSupport/UnityEditor.WindowsStandalone.Extensions.dll
Registered in 0.018835 seconds.
Native extension for WindowsStandalone target not found
Native extension for WebGL target not found
Package Manager log level set to [2]
ScheduleIndexationOnStartup MainProcess:False IndexOnStartup:False
Scripting: successfully reloaded assembly
- Finished resetting the current domain, in  3.426 seconds
Domain Reload Profiling: 5820ms
	BeginReloadAssembly (830ms)
		CreateAndSetChildDomain (26ms)
	RebuildCommonClasses (20ms)
	RebuildNativeTypeToScriptingClass (77ms)
	initialDomainReloadingComplete (361ms)
	LoadAllAssembliesAndSetupDomain (1103ms)
		LoadAssemblies (799ms)
		TypeCache.Refresh (781ms)
			TypeCache.ScanAssembly (724ms)
		AnalyzeDomain (5ms)
	FinalizeReload (3430ms)
		SetupLoadedEditorAssemblies (0ms)
			LogAssemblyErrors (4ms)
			InitializePlatformSupportModulesInManaged (10ms)
			BeforeProcessingInitializeOnLoad (376ms)
			ProcessInitializeOnLoadAttributes (333ms)
			ProcessInitializeOnLoadMethodAttributes (2019ms)
			EditorAssembliesLoaded (3ms)
[Licensing::Client] Successfully resolved entitlement details
Application.AssetDatabase Initial Refresh Start
[Package Manager] Restoring resolved packages state from cache
[Licensing::Client] Successfully resolved entitlement details
[Package Manager] Registered 6 packages:
  Built-in packages:
    com.unity.modules.audio@1.0.0 (location: C:\Users\satos\research\outdoor_seld_e2e\out\streetscape_review_2026-09-05\review_project\Library\PackageCache\com.unity.modules.audio)
    com.unity.modules.imgui@1.0.0 (location: C:\Users\satos\research\outdoor_seld_e2e\out\streetscape_review_2026-09-05\review_project\Library\PackageCache\com.unity.modules.imgui)
    com.unity.modules.physics@1.0.0 (location: C:\Users\satos\research\outdoor_seld_e2e\out\streetscape_review_2026-09-05\review_project\Library\PackageCache\com.unity.modules.physics)
    com.unity.modules.unitywebrequest@1.0.0 (location: C:\Users\satos\research\outdoor_seld_e2e\out\streetscape_review_2026-09-05\review_project\Library\PackageCache\com.unity.modules.unitywebrequest)
    com.unity.modules.unitywebrequestaudio@1.0.0 (location: C:\Users\satos\research\outdoor_seld_e2e\out\streetscape_review_2026-09-05\review_project\Library\PackageCache\com.unity.modules.unitywebrequestaudio)
    com.unity.modules.imageconversion@1.0.0 (location: C:\Users\satos\research\outdoor_seld_e2e\out\streetscape_review_2026-09-05\review_project\Library\PackageCache\com.unity.modules.imageconversion)
[Subsystems] No new subsystems found in resolved package list.
[Package Manager] Done registering packages in 0.03 seconds
[ScriptCompilation] Requested script compilation because: AssetDatabase observed changes in script compilation related files
Starting: C:\Program Files\Unity\Hub\Editor\6000.6.0f1\Editor\Data\Tools\BuildPipeline\bee_backend.exe --ipc --defer-dag-verification --dagfile="Library/Bee/1900b0aE.dag" --continue-on-failure --profile="Library/Bee/backend1.traceevents" ScriptAssemblies
WorkingDir: C:/Users/satos/research/outdoor_seld_e2e/out/streetscape_review_2026-09-05/review_project
DisplayProgressbar: Compiling Scripts
ExitCode: 4 Duration: 3s838ms
Rebuilding DAG because FileSignature timestamp changed: Library/Bee/1900b0aE-inputdata.json
[175/182    3s] ILPP-Configuration Library/ilpp-configuration.nevergeneratedoutput
*** Tundra requires additional run (3.60 seconds), 1 items updated, 173 evaluated
Starting: C:\Program Files\Unity\Hub\Editor\6000.6.0f1\Editor\Data\DotNetSdk\dotnet.exe "C:\Program Files\Unity\Hub\Editor\6000.6.0f1\Editor\Data\Tools\BuildPipeline\ScriptCompilationBuildProgram.exe" "Library/Bee/1900b0aE.dag.json" "Library/Bee/1900b0aE-inputdata.json" "Library\Bee\buildprogram0.traceevents"
WorkingDir: C:/Users/satos/research/outdoor_seld_e2e/out/streetscape_review_2026-09-05/review_project
ExitCode: 0 Duration: 5s422ms
Starting: C:\Program Files\Unity\Hub\Editor\6000.6.0f1\Editor\Data\Tools\BuildPipeline\bee_backend.exe --ipc --defer-dag-verification --dagfile="Library/Bee/1900b0aE.dag" --continue-on-failure --dagfilejson="Library\Bee\1900b0aE.dag.json" --profile="Library/Bee/backend2.traceevents" ScriptAssemblies
WorkingDir: C:/Users/satos/research/outdoor_seld_e2e/out/streetscape_review_2026-09-05/review_project
ExitCode: 0 Duration: 8s525ms
Finished compiling graph: 185 nodes, 663 flattened edges (655 ToBuild, 4 ToUse), maximum node priority 20
[173/182    0s] WriteText Library/Bee/artifacts/1900b0aE.dag/Assembly-CSharp-Editor.rsp
[174/182    5s] Csc Library/Bee/artifacts/1900b0aE.dag/Assembly-CSharp-Editor.dll (+2 others)
[175/182    6s] ILPP-Configuration Library/ilpp-configuration.nevergeneratedoutput
[179/182    0s] ILPostProcess Library/Bee/artifacts/1900b0aE.dag/post-processed/Assembly-CSharp-Editor.dll (+pdb)
Processing assembly Library/Bee/artifacts/1900b0aE.dag/Assembly-CSharp-Editor.dll, with 147 defines and 296 references

processors: zzzUnity.Burst.CodeGen.BurstILPostProcessor

1 processor(s) skipped this assembly
[180/182    0s] CopyFiles Library/ScriptAssemblies/Assembly-CSharp-Editor.pdb
[181/182    0s] CopyFiles Library/ScriptAssemblies/Assembly-CSharp-Editor.dll
*** Tundra build success (7.65 seconds), 6 items updated, 182 evaluated
AssetDatabase: script compilation time: 20.960586s
Total cache size 36826192
Total cache size after purge 36826192, took 00:00:00.3039186
Begin MonoManager ReloadAssembly
Importing 'GUID: 5b29e99508f331645b2f89589b799f0d - Path: Assets/StreamingAssets' with importer (DefaultImporter)
Imported 'GUID: 5b29e99508f331645b2f89589b799f0d' -> (Import Result ID: 'd1e83e49aaf20032b733b10cae3b0778') in 0.108 seconds [static dependencies only]. Details - ImportResultOutputID=d0b0e82c686bec53a6856e2fa82d8155 DependenciesID=5e10fc0fcaa4a76516d38e1e7fb72ce1 StaticDependenciesID=5aae54c0638298405a36ac1230a2c061 
Importing 'GUID: ac08398108d64cf47aeb70ee5f046c67 - Path: Assets/StreamingAssets/joycon_demo_v2' with importer (DefaultImporter)
Imported 'GUID: ac08398108d64cf47aeb70ee5f046c67' -> (Import Result ID: 'f3afff027fea10cc086c7f3e94c1c7de') in 0.026 seconds [static dependencies only]. Details - ImportResultOutputID=71bc101f0dcf249b04d5388548268897 DependenciesID=7ef22f5aac0c0f6579f5bc56e3aae29e StaticDependenciesID=7264691f3495479fddd0d8ca8d46a987 
Importing 'GUID: 06d8d491c3c944443a65f5bf438f47a8 - Path: Assets/StreamingAssets/joycon_demo_v2/1_路地・住宅街' with importer (DefaultImporter)
Imported 'GUID: 06d8d491c3c944443a65f5bf438f47a8' -> (Import Result ID: '07ddec332d6ef4e53dd94863168feaf7') in 0.018 seconds [static dependencies only]. Details - ImportResultOutputID=0723d4941fdbe1dfe0bea6f99ed3fee1 DependenciesID=a0ee9cd23e968906fd8d07e9ed4fd45c StaticDependenciesID=b9ef6deea149fa799813f3d109c9f5df 
Native extension for WindowsStandalone target not found
Native extension for WebGL target not found
ScheduleIndexationOnStartup MainProcess:True IndexOnStartup:True
Scripting: successfully reloaded assembly
- Finished resetting the current domain, in  2.733 seconds
Domain Reload Profiling: 7962ms
	BeginReloadAssembly (2753ms)
		ExecutionOrderSort (9ms)
		DisableScriptedObjects (240ms)
		CreateAndSetChildDomain (332ms)
	RebuildCommonClasses (54ms)
	RebuildNativeTypeToScriptingClass (112ms)
	initialDomainReloadingComplete (1493ms)
	LoadAllAssembliesAndSetupDomain (810ms)
		LoadAssemblies (1815ms)
		TypeCache.Refresh (23ms)
			TypeCache.ScanAssembly (7ms)
		AnalyzeDomain (49ms)
			BuildScriptInfoCaches (33ms)
	FinalizeReload (2740ms)
		SetupLoadedEditorAssemblies (0ms)
			LogAssemblyErrors (5ms)
			InitializePlatformSupportModulesInManaged (16ms)
			BeforeProcessingInitializeOnLoad (588ms)
			ProcessInitializeOnLoadAttributes (416ms)
			ProcessInitializeOnLoadMethodAttributes (382ms)
			AfterProcessingInitializeOnLoad (38ms)
			EditorAssembliesLoaded (3ms)
		AwakeInstancesAfterBackupRestoration (183ms)
Starting new worker id: 0 with log in C:/Users/satos/research/outdoor_seld_e2e/out/streetscape_review_2026-09-05/review_project/Logs/AssetImportWorkerHW0.log
Importing 'GUID: a0d1cc0599dcbc649822cc0f9ff964c8 - Path: Assets/StreamingAssets/joycon_demo_v2/1_路地・住宅街/前から対向車と、遠くを追い越す車_cues.csv' with importer (DefaultImporter)
Imported 'GUID: a0d1cc0599dcbc649822cc0f9ff964c8' -> (Import Result ID: 'e93945d8a128b6b9346173bcc95b35fc') in 0.197 seconds [static dependencies only]. Details - ImportResultOutputID=d453f4e765666149acdadb4d6f09d030 DependenciesID=93af594b8e854f32c74cb918755e2c79 StaticDependenciesID=447de10d1d315f0fb4f80b09ba143d49 
Importing 'GUID: 410cc63f28a3abf42aff1f65522f0c28 - Path: Assets/StreamingAssets/joycon_demo_v2/1_路地・住宅街/前から対向車と、遠くを追い越す車_scene.csv' with importer (DefaultImporter)
Imported 'GUID: 410cc63f28a3abf42aff1f65522f0c28' -> (Import Result ID: '167c315f69fa6b86ffa7e296b3fe7fd4') in 0.026 seconds [static dependencies only]. Details - ImportResultOutputID=2ff3aa0892364fc1cf94c1f5ca2b61aa DependenciesID=322e66207e3158c66cf5e5b9171badcf StaticDependenciesID=4056e6e51c8b2ad1c7675b619e6d56ac 
Importing 'GUID: 828e0b32687267544b2d6f270029fa8b - Path: Assets/StreamingAssets/joycon_demo_v2/1_路地・住宅街/複合_前から車と後ろから自転車ベル_cues.csv' with importer (DefaultImporter)
Imported 'GUID: 828e0b32687267544b2d6f270029fa8b' -> (Import Result ID: '1cff0fddb315b5bcf3a21131e7c333d8') in 0.015 seconds [static dependencies only]. Details - ImportResultOutputID=51d76b35849770fce2ea132d305be6bf DependenciesID=aaab8636b138908fcc6f8e1e90beefac StaticDependenciesID=c48d01f2a689f14d047ed7638788bc8e 
Importing 'GUID: b5de9d5a247b2b740ba3276a96eda3dc - Path: Assets/StreamingAssets/joycon_demo_v2/1_路地・住宅街/複合_前から車と後ろから自転車ベル_scene.csv' with importer (DefaultImporter)
Imported 'GUID: b5de9d5a247b2b740ba3276a96eda3dc' -> (Import Result ID: '54087092702904a98adae2c06f696ab1') in 0.011 seconds [static dependencies only]. Details - ImportResultOutputID=9925ba21084a26859262305e44ddecc7 DependenciesID=ac03b7ec9906d06d7009dbb8aef31d1c StaticDependenciesID=9ab4a1d20a687528e149f1c60d7d2932 
Importing 'GUID: c50fa3bd00f869d4d8cd344b7466c54f - Path: Assets/StreamingAssets/joycon_demo_v2/1_路地・住宅街/複合_前から車と後ろから自転車ベル_urgency.csv' with importer (DefaultImporter)
Imported 'GUID: c50fa3bd00f869d4d8cd344b7466c54f' -> (Import Result ID: 'b3eb97f2d0f894dddd7f4ca23ad21e13') in 0.013 seconds [static dependencies only]. Details - ImportResultOutputID=d68dd8ebcc5ac1be5fcf6168dd6f03c5 DependenciesID=0f371f598cee9b45a57a43bda9bc078d StaticDependenciesID=6f2149edfb8cd39571d51e235e08d6d3 
Importing 'GUID: 7a9a1b6a808944a4c83e7f146c35ea9a - Path: Assets/StreamingAssets/joycon_demo_v2/1_路地・住宅街/前から対向車と、遠くを追い越す車_detect.csv' with importer (DefaultImporter)
Imported 'GUID: 7a9a1b6a808944a4c83e7f146c35ea9a' -> (Import Result ID: 'b495b41c65487a9b7581a0dd304e2cf2') in 0.022 seconds [static dependencies only]. Details - ImportResultOutputID=1d07b10bed2c265bae2675353e8f2e15 DependenciesID=2454a74f8e0532fca31163ab5e1329d8 StaticDependenciesID=4f1784ecdc040d585bd6a52abf6f2de7 
Importing 'GUID: eac240a6deb80de4fb077a7337229039 - Path: Assets/StreamingAssets/joycon_demo_v2/1_路地・住宅街/前から対向車と、遠くを追い越す車.wav' with importer (DefaultImporter)
Imported 'GUID: eac240a6deb80de4fb077a7337229039' -> (Import Result ID: 'c839fbaec2e44494b37027f653b7ff35') in 0.219 seconds [static dependencies only]. Details - ImportResultOutputID=bd0af422e0154483faa86cc5a8947239 DependenciesID=0f802591b1115d6e4cc9ba14317c56cd StaticDependenciesID=80da77b6ae0a55ab25d3a8839edc82d8 
Importing 'GUID: cca9042a61f6eee48a289a536aa349ba - Path: Assets/StreamingAssets/joycon_demo_v2/1_路地・住宅街/複合_前から車と後ろから自転車ベル_layout.csv' with importer (DefaultImporter)
Imported 'GUID: cca9042a61f6eee48a289a536aa349ba' -> (Import Result ID: '1f1435b576f6872a742f8b07d7d6add6') in 0.014 seconds [static dependencies only]. Details - ImportResultOutputID=553832230a10d76f9c040819e11a1ac9 DependenciesID=618f060315a4efcd84e94e8339bedf13 StaticDependenciesID=8d2b436bc6d68b61f662d1ffb00d80f1 
Importing 'GUID: 4d059d2c4b6eb444db10d0a547c9a026 - Path: Assets/StreamingAssets/joycon_demo_v2/1_路地・住宅街/複合_前から車と後ろから自転車ベル_detect.csv' with importer (DefaultImporter)
Imported 'GUID: 4d059d2c4b6eb444db10d0a547c9a026' -> (Import Result ID: '1a6ee068c8cd1eb4189ab7cf72f675b7') in 0.017 seconds [static dependencies only]. Details - ImportResultOutputID=410a1cfa6cd29573a34966919ecd688d DependenciesID=4511ad1161e9e2a8f47b7c81e7e0ebe8 StaticDependenciesID=7fd46886af1651d69479738ebeaee365 
Importing 'GUID: dd8951ebb8ed5c945814630906f34325 - Path: Assets/StreamingAssets/joycon_demo_v2/1_路地・住宅街/前から対向車と、遠くを追い越す車_urgency.csv' with importer (DefaultImporter)
Imported 'GUID: dd8951ebb8ed5c945814630906f34325' -> (Import Result ID: '773f9f10d4d737c36611d2b8681ebbb9') in 0.014 seconds [static dependencies only]. Details - ImportResultOutputID=94be301b26c16f01c70556dc9a06d171 DependenciesID=e4e8446c9480c3a61db3398fe1354d14 StaticDependenciesID=26179dfd65a0365a47a33a03499c303f 
Importing 'GUID: ed3a64479ed82a44b889a53160c6e759 - Path: Assets/StreamingAssets/joycon_demo_v2/1_路地・住宅街/前から対向車と、遠くを追い越す車_layout.csv' with importer (DefaultImporter)
Imported 'GUID: ed3a64479ed82a44b889a53160c6e759' -> (Import Result ID: 'c697033d49566264f20ca0240a27fa7c') in 0.013 seconds [static dependencies only]. Details - ImportResultOutputID=0ea36f79054ccfc23649432b600434c9 DependenciesID=59cd83ecc7b43d42c492baf0b883eed4 StaticDependenciesID=cf5020f981f939763da4ae1b8864a524 
Importing 'GUID: 2ffdea31496b24e45a8aca9fc26f0504 - Path: Assets/StreamingAssets/joycon_demo_v2/1_路地・住宅街/複合_前から車と後ろから自転車ベル.wav' with importer (DefaultImporter)
Imported 'GUID: 2ffdea31496b24e45a8aca9fc26f0504' -> (Import Result ID: 'cab446e1fd4ffa71a55e0b54e2e2bb54') in 0.013 seconds [static dependencies only]. Details - ImportResultOutputID=34c8cf4625cd87549725c10980538ba7 DependenciesID=50de62ed03fd9010f5b733224854ef06 StaticDependenciesID=e58df20ee104aacf11a8825cb129fb4c 

Asset Pipeline Refresh (id=9aae1b20440e8184096efe9f086a4a08): Total: 31.810 seconds - Initiated by InitialRefreshV2(ForceSynchronousImport)
	(Values over 0.05ms)
	Summary:
		Imports: total=15 (actual=15, local cache=0, cache server=0)
		Asset DB Process Time: managed=25 ms, native=4643 ms
		Asset DB Callback time: managed=245 ms, native=58 ms
		Scripting: domain reloads=1, domain reload time=5821 ms, compile time=20985 ms, other=30 ms
		Project Asset Count: scripts=38, non-scripts=19
		Asset File Changes: new=16, changed=16, moved=0, deleted=0
		Scan Filter Count: 0
	InvokePackagesCallback: 70.509ms
	ApplyChangesToAssetFolders: 0.756ms
	Scan: 463.814ms
	Collect global state as custom dependencies: 102.229ms
	OnSourceAssetsModified: 5.936ms
	CategorizeScriptCompilationAssets: 1.097ms
	ProcessAssetsWithTransientArtifactChanges: 8.362ms
	CategorizeAssets: 3.256ms
	CompileScripts: 20985.264ms
	ImportOutOfDateAssets: 3622.291ms (2749.311ms without children)
		ImportManagerImport: 752.849ms (16.388ms without children)
			UpdateCategorizedAssets: 0.217ms
		UnloadImportedAssets: 0.591ms
		ImportSchedulerStart: 119.451ms
	PostProcessAllAssets: 246.898ms
		VersionControlSettings.HiddenFilePostprocess 1.430ms
		WindowTitlePostprocess 0.408ms
		VCAutoAddAssetPostprocess 0.334ms
		Canvas.OnAllAssetImport 0.333ms
		PostProcessCallbackCreateDeferredMaterials 0.122ms
		ComputeShaderImportPostprocess 0.093ms
		ShaderAssetModifiedCallback 0.079ms
		RaytracingShaderImportPostprocess 0.078ms
		SpeedTreeImporter.PostprocessAllAssets 0.069ms
		MonoPostProcessAllAssets: 239.053ms
			AssetPostprocessor.OnPostprocessAllAssets 48.092ms
			WindowAssetPostprocessingWatcher.OnPostprocessAllAssets 42.442ms
			StyleCatalogPostProcessor.OnPostprocessAllAssets 33.041ms
			BuilderAssetPostprocessor.OnPostprocessAllAssets 26.653ms
			SyncVS.PostprocessSyncProject 16.668ms
			AssetChangedListener.OnPostprocessAllAssets 9.212ms
			RetainedModeAssetPostprocessor.OnPostprocessAllAssets 5.902ms
			EditModeScopePostprocessor.OnPostprocessAllAssets 4.346ms
			SpeedTree9Postprocessor.OnPostprocessAllAssets 3.843ms
			TextAssetPostProcessor.OnPostprocessAllAssets 3.511ms
			ArtifactBrowserPostProcessor.OnPostprocessAllAssets 2.000ms
			ReferencedClipsPostProcessor.OnPostprocessAllAssets 1.693ms
			AssetEvents.OnPostprocessAllAssets 1.416ms
			TerrainToolbarOverlayPostProcessor.OnPostprocessAllAssets 1.207ms
			AudioMixerPostprocessor.OnPostprocessAllAssets 1.110ms
			SpeedTreePostProcessor.OnPostprocessAllAssets 1.050ms
			ThemePostprocessor.OnPostprocessAllAssets 0.642ms
			AssetDatabaseCallbacks.OnPostprocessAllAssets 0.586ms
			ConfigAssetsTracker.OnPostprocessAllAssets 0.546ms
			ScenarioDriftAssetsTracker.OnPostprocessAllAssets 0.423ms
			RenderPipelineGlobalSettingsPostprocessor.OnPostprocessAllAssets 0.384ms
			AudioContainerPostProcessor.OnPostprocessAllAssets 0.228ms
	PostAssetChangesProfiler: 4.547ms
	UnloadStreamsBegin: 3.943ms
	PersistCurrentRevisions: 0.167ms
	Untracked: 6197.043ms

Application.AssetDatabase Initial Refresh End
Launched and connected shader compiler UnityShaderCompiler.exe after 0.15 seconds
Scanning for USB devices : 19.700ms
Initializing Unity extensions:
[MODES] ModeService[none].Initialize
[MODES] ModeService[none].LoadModes
[MODES] Loading mode Default (0) for mode-current-id-JoyconDemo
Unloading 3 Unused Serialized files (Serialized files now loaded: 0)
Unloading 22 unused Assets / (471.9 KB). Loaded Objects now: 749.
Memory consumption went from 218.2 MB to 217.7 MB.
Total: 21.501300 ms (FindLiveObjects: 0.736700 ms CreateObjectMapping: 0.021100 ms MarkObjects: 18.540500 ms  DeleteObjects: 1.602600 ms)

Unloading 0 Unused Serialized files (Serialized files now loaded: 0)
Unloading 0 unused Assets / (Unknown). Loaded Objects now: 749.
Memory consumption went from 217.7 MB to 217.7 MB.
Total: 18.383000 ms (FindLiveObjects: 0.296300 ms CreateObjectMapping: 0.015400 ms MarkObjects: 17.827400 ms  DeleteObjects: 0.019600 ms)

Importing 'GUID: 1c87d87f797876447bb16c8fa55efe15 - Path: Assets/RuntimeReview.unity' with importer (DefaultImporter)
Imported 'GUID: 1c87d87f797876447bb16c8fa55efe15' -> (Import Result ID: '5e78fd76dbabde93345e6994b4b67b9f') in 0.005 seconds [static dependencies only]. Details - ImportResultOutputID=72fbd918730905731be51750a2583c0d DependenciesID=8eb289f57ca16b498204d2250b878751 StaticDependenciesID=ed5003b64da8f8f64e47efb4656252ae 
Asset Pipeline Refresh (id=274131e0e68a0184b857efbe5799c072): Total: 0.124 seconds - Initiated by StopAssetImportingV2(NoUpdateAssetOptions)
D3D11 device created for Microsoft Media Foundation video decoding.
[Project] Loading completed in 56.515 seconds
	Project init time: 				47.179 seconds
		Template init time: 		0.000 seconds
		Package Manager init time: 		1.411 seconds
		Asset Database init time: 		5.653 seconds
		Global illumination init time: 	0.030 seconds
		Assemblies load time: 			6.089 seconds
		Unity extensions init time: 	0.002 seconds
		Asset Database refresh time: 	31.811 seconds
	Scene opening time: 			0.798 seconds
##utp:{"type":"ProjectInfo","version":2,"phase":"Immediate","time":1788593324994,"processId":302756,"projectLoad":56.5152922,"projectInit":47.1785568,"templateInit":0.0,"packageManagerInit":1.4110835,"assetDatabaseInit":5.6533973,"globalIlluminationInit":0.0299931,"assembliesLoad":6.0885275,"unityExtensionsInit":0.0018001,"assetDatabaseRefresh":31.8111188,"sceneOpening":0.7976414}
##utp:{"type":"EditorInfo","version":2,"phase":"Immediate","time":1788593324995,"processId":302756,"editorVersion":"6000.6.0f1 (f7f8ed4d1e24)","branch":"6000.6/respin/6000.6.0f1-fa21a270ab12","buildType":"Release","platform":"Windows"}
Reloading assemblies for play mode.
Reloading assemblies after forced synchronous recompile.
Begin MonoManager ReloadAssembly
Native extension for WindowsStandalone target not found
Native extension for WebGL target not found
ScheduleIndexationOnStartup MainProcess:True IndexOnStartup:True
Scripting: successfully reloaded assembly
- Finished resetting the current domain, in  1.599 seconds
Domain Reload Profiling: 3892ms
	BeginReloadAssembly (1388ms)
		DisableScriptedObjects (177ms)
		CreateAndSetChildDomain (215ms)
	RebuildCommonClasses (33ms)
	RebuildNativeTypeToScriptingClass (47ms)
	initialDomainReloadingComplete (321ms)
	LoadAllAssembliesAndSetupDomain (499ms)
		LoadAssemblies (849ms)
		TypeCache.Refresh (6ms)
		AnalyzeDomain (5ms)
	FinalizeReload (1604ms)
		SetupLoadedEditorAssemblies (0ms)
			LogAssemblyErrors (5ms)
			InitializePlatformSupportModulesInManaged (6ms)
			BeforeProcessingInitializeOnLoad (270ms)
			ProcessInitializeOnLoadAttributes (253ms)
			ProcessInitializeOnLoadMethodAttributes (186ms)
			AfterProcessingInitializeOnLoad (20ms)
		AwakeInstancesAfterBackupRestoration (120ms)

Asset Pipeline Refresh (id=997142c071af66f4c8027da2fc6d0e7d): Total: 4.659 seconds - Initiated by StopAssetImportingV2(ForceSynchronousImport | ForceDomainReload)
	(Values over 0.05ms)
	Summary:
		Imports: total=0 (actual=0, local cache=0, cache server=0)
		Asset DB Process Time: managed=0 ms, native=1839 ms
		Asset DB Callback time: managed=170 ms, native=9 ms
		Scripting: domain reloads=1, domain reload time=2630 ms, compile time=9 ms, other=0 ms
		Project Asset Count: scripts=38, non-scripts=20
		Asset File Changes: new=0, changed=0, moved=0, deleted=0
		Scan Filter Count: 0
	InvokePackagesCallback: 23.977ms
	ApplyChangesToAssetFolders: 0.211ms
	Collect global state as custom dependencies: 12.071ms
	ProcessAssetsWithTransientArtifactChanges: 2.636ms
	CategorizeAssets: 2.813ms
	CompileScripts: 9.338ms
	ImportOutOfDateAssets: 1607.585ms (1605.677ms without children)
		UnloadImportedAssets: 0.651ms
		EnsureUptoDateAssetsAreRegisteredWithGuidPM: 0.069ms
		ImportSchedulerStart: 1.177ms
	PostProcessAllAssets: 173.185ms
		PostProcessCallbackCreateDeferredMaterials 0.173ms
		ShaderAssetModifiedCallback 0.110ms
		MonoPostProcessAllAssets: 170.506ms
			StyleCatalogPostProcessor.OnPostprocessAllAssets 28.696ms
			AssetPostprocessor.OnPostprocessAllAssets 26.695ms
			BuilderAssetPostprocessor.OnPostprocessAllAssets 26.104ms
			WindowAssetPostprocessingWatcher.OnPostprocessAllAssets 18.290ms
			SyncVS.PostprocessSyncProject 10.775ms
			RetainedModeAssetPostprocessor.OnPostprocessAllAssets 5.688ms
			AssetChangedListener.OnPostprocessAllAssets 3.601ms
			ArtifactBrowserPostProcessor.OnPostprocessAllAssets 3.160ms
			SpeedTree9Postprocessor.OnPostprocessAllAssets 2.558ms
			TextAssetPostProcessor.OnPostprocessAllAssets 2.533ms
			AudioMixerPostprocessor.OnPostprocessAllAssets 1.604ms
			EditModeScopePostprocessor.OnPostprocessAllAssets 1.073ms
			ReferencedClipsPostProcessor.OnPostprocessAllAssets 0.708ms
			AssetEvents.OnPostprocessAllAssets 0.706ms
			TerrainToolbarOverlayPostProcessor.OnPostprocessAllAssets 0.664ms
			SpeedTreePostProcessor.OnPostprocessAllAssets 0.648ms
			ThemePostprocessor.OnPostprocessAllAssets 0.634ms
			AssetDatabaseCallbacks.OnPostprocessAllAssets 0.475ms
			AudioContainerPostProcessor.OnPostprocessAllAssets 0.398ms
			ConfigAssetsTracker.OnPostprocessAllAssets 0.398ms
			RenderPipelineGlobalSettingsPostprocessor.OnPostprocessAllAssets 0.390ms
			ScenarioDriftAssetsTracker.OnPostprocessAllAssets 0.335ms
	PostAssetChangesProfiler: 1.265ms
	UnloadStreamsBegin: 0.249ms
	Untracked: 2732.337ms

[Licensing::Client] Successfully resolved entitlement details
Loaded scene 'Temp/__Backupscenes/0.backup'
	Deserialize:            5.112 ms
	Integration:            81.259 ms
	Integration of assets:  0.007 ms
	Thread Wait Time:       330.120 ms
	Total Operation Time:   416.497 ms
[MODES] ModeService[none].Initialize
[MODES] ModeService[none].LoadModes
Start Indexing on Editor startup
ArgumentOutOfRangeException: Index was out of range. Must be non-negative and less than the size of the collection.
Parameter name: index
  at System.Collections.Generic.List`1[T].get_Item (System.Int32 index) [0x00009] in <c5ae8a4eeb824526b5df2932bc2395e0>:0 
  at UnityEditor.Search.SearchDatabase+<EnumerateAll>d__78.MoveNext () [0x00089] in <f03e16b4b58248838607cefa048bd30a>:0 
  at System.Linq.Enumerable.TryGetFirst[TSource] (System.Collections.Generic.IEnumerable`1[T] source, System.Boolean& found) [0x00045] in <f1b392d8fe224ca2b1f9fab1000b77eb>:0 
  at System.Linq.Enumerable.First[TSource] (System.Collections.Generic.IEnumerable`1[T] source) [0x00000] in <f1b392d8fe224ca2b1f9fab1000b77eb>:0 
  at UnityEditor.Search.SearchDatabase.GetDefaultSearchDatabase () [0x00005] in <f03e16b4b58248838607cefa048bd30a>:0 
  at UnityEditor.Search.SearchInit.IndexationOnStartup () [0x0000a] in <f03e16b4b58248838607cefa048bd30a>:0 
  at UnityEditor.EditorApplication.Internal_CallDelayFunctions () [0x00029] in <2194b77af8ea43e69caba13ba778a69a>:0 
UnityEngine.StackTraceUtility:ExtractStringFromExceptionInternal(Object, String&, String&)

Created GICache directory at C:/Users/satos/AppData/LocalLow/Unity/Caches/GiCache. Took: 0.494s, timestamps: [64.265 - 64.759]
[Licensing::Client] Successfully resolved entitlement details
There are no audio listeners in the scene. Please ensure there is always one audio listener in the scene
There are no audio listeners in the scene. Please ensure there is always one audio listener in the scene
There are no audio listeners in the scene. Please ensure there is always one audio listener in the scene
There are no audio listeners in the scene. Please ensure there is always one audio listener in the scene
There are no audio listeners in the scene. Please ensure there is always one audio listener in the scene
There are no audio listeners in the scene. Please ensure there is always one audio listener in the scene
There are no audio listeners in the scene. Please ensure there is always one audio listener in the scene
There are no audio listeners in the scene. Please ensure there is always one audio listener in the scene
There are no audio listeners in the scene. Please ensure there is always one audio listener in the scene
There are no audio listeners in the scene. Please ensure there is always one audio listener in the scene
There are no audio listeners in the scene. Please ensure there is always one audio listener in the scene
There are no audio listeners in the scene. Please ensure there is always one audio listener in the scene
There are no audio listeners in the scene. Please ensure there is always one audio listener in the scene
There are no audio listeners in the scene. Please ensure there is always one audio listener in the scene
There are no audio listeners in the scene. Please ensure there is always one audio listener in the scene
There are no audio listeners in the scene. Please ensure there is always one audio listener in the scene
There are no audio listeners in the scene. Please ensure there is always one audio listener in the scene
There are no audio listeners in the scene. Please ensure there is always one audio listener in the scene
There are no audio listeners in the scene. Please ensure there is always one audio listener in the scene
There are no audio listeners in the scene. Please ensure there is always one audio listener in the scene
There are no audio listeners in the scene. Please ensure there is always one audio listener in the scene
There are no audio listeners in the scene. Please ensure there is always one audio listener in the scene
There are no audio listeners in the scene. Please ensure there is always one audio listener in the scene
There are no audio listeners in the scene. Please ensure there is always one audio listener in the scene
There are no audio listeners in the scene. Please ensure there is always one audio listener in the scene
There are no audio listeners in the scene. Please ensure there is always one audio listener in the scene
There are no audio listeners in the scene. Please ensure there is always one audio listener in the scene
There are no audio listeners in the scene. Please ensure there is always one audio listener in the scene
There are no audio listeners in the scene. Please ensure there is always one audio listener in the scene
There are no audio listeners in the scene. Please ensure there is always one audio listener in the scene
There are no audio listeners in the scene. Please ensure there is always one audio listener in the scene
There are no audio listeners in the scene. Please ensure there is always one audio listener in the scene
There are no audio listeners in the scene. Please ensure there is always one audio listener in the scene
There are no audio listeners in the scene. Please ensure there is always one audio listener in the scene
There are no audio listeners in the scene. Please ensure there is always one audio listener in the scene
There are no audio listeners in the scene. Please ensure there is always one audio listener in the scene
There are no audio listeners in the scene. Please ensure there is always one audio listener in the scene
There are no audio listeners in the scene. Please ensure there is always one audio listener in the scene
There are no audio listeners in the scene. Please ensure there is always one audio listener in the scene
There are no audio listeners in the scene. Please ensure there is always one audio listener in the scene
There are no audio listeners in the scene. Please ensure there is always one audio listener in the scene
There are no audio listeners in the scene. Please ensure there is always one audio listener in the scene
There are no audio listeners in the scene. Please ensure there is always one audio listener in the scene
There are no audio listeners in the scene. Please ensure there is always one audio listener in the scene
There are no audio listeners in the scene. Please ensure there is always one audio listener in the scene
There are no audio listeners in the scene. Please ensure there is always one audio listener in the scene
There are no audio listeners in the scene. Please ensure there is always one audio listener in the scene
There are no audio listeners in the scene. Please ensure there is always one audio listener in the scene
There are no audio listeners in the scene. Please ensure there is always one audio listener in the scene
There are no audio listeners in the scene. Please ensure there is always one audio listener in the scene
There are no audio listeners in the scene. Please ensure there is always one audio listener in the scene
There are no audio listeners in the scene. Please ensure there is always one audio listener in the scene
There are no audio listeners in the scene. Please ensure there is always one audio listener in the scene
There are no audio listeners in the scene. Please ensure there is always one audio listener in the scene
MonoPathRemapper: Attempts to remap: 2086; Successful remaps: 0
Serialized file version minimum: 23, current 23
[Physics::Module] Cleanup current backend.
[Physics::Module] Id: 0xf2b8ea05
Input System module state changed to: ShutdownInProgress.
Input Polling Thread exited.
Input System module state changed to: Shutdown.
[Licensing::IpcConnector] LicenseClient-satos-notifications channel disconnected successfully.
[Licensing::IpcConnector] LicenseClient-satos channel disconnected successfully.
Unity Data Store service was successfully shut down
UDS shutting down local client system
AcceleratorClientConnectionCallback - disconnected - :0
Cleanup mono
CodeReloadManager destroyed
Checking for leaked weakptr:
  Found no leaked weakptrs.
[Package Manager] Server process was shutdown
##utp:{"type":"MemoryLeaks","version":2,"phase":"Immediate","time":1788593339256,"processId":302756,"allocatedMemory":10913106,"memoryLabels":[{"Default":156316},{"Permanent":15516},{"NewDelete":68783},{"Thread":4197984},{"Manager":31109},{"VertexData":8},{"Geometry":816},{"Texture":24},{"Shader":832697},{"Material":24},{"GfxDevice":55968},{"Animation":952},{"FreeType":8},{"FontEngine":736},{"Physics":1970},{"Physics2D":16},{"Serialization":17984},{"Input":42840},{"JobScheduler":256},{"TextLib":280},{"Mono":48},{"ScriptingNativeRuntime":1177944},{"BaseObject":50384},{"Resource":1208},{"Renderer":2376},{"Transform":4685},{"File":4416},{"WebCam":616},{"Culling":32},{"Terrain":11442},{"Wind":24},{"STL":40},{"String":723096},{"StaticString":3808},{"Utility":2673718},{"Curl":2559},{"PoolAlloc":2168},{"AI":80},{"TypeTree":17165},{"ScriptManager":18960},{"CodeReload":448},{"RuntimeInitializeOnLoadManager":64},{"Sprites":102},{"SpriteAtlas":120},{"GI":7816},{"Director":8296},{"CloudService":7440},{"WebRequest":6702},{"VR":49650},{"SceneManager":608},{"Video":208},{"LazyScriptCache":32},{"Camera":729},{"Secure":2377},{"SerializationCache":9256},{"APIUpdating":10320},{"Subsystems":336},{"VirtualTexturing":57888},{"StaticSafetyDebugInfo":278528},{"Analytics":768},{"Hierarchy":1188},{"UIElements":40},{"CoreStats":14456},{"Identifiers":7152},{"Gui":128},{"EditorUtility":91770},{"VersionControl":8},{"Undo":931},{"AssetDatabase":168421},{"AssetImporter":40},{"EditorGi":328},{"UnityConnect":40465},{"Upm":1912},{"UpmDiagnostics":8},{"AssetCompliance":96},{"DrivenProperties":72},{"LocalIPC":260},{"ProfilerEditor":9746},{"CoreBusinessMetrics":3600},{"Windowing":456},{"Licensing":12757},{"AssetReference":32},{"IPCStream":32}]}
