VBCSCompilerPreWarmer: pre-warm launched (dotnet PID 316092)
VBCSCompiler prewarm took 63.14 ms
[Licensing::Module] Trying to connect to existing licensing client channel...
Built from '6000.6/respin/6000.6.0f1-fa21a270ab12' branch; Version is '6000.6.0f1 (f7f8ed4d1e24) revision 16251117'; Using compiler version '194234433'; Build Type 'Release'
OS: 'Windows 11  (10.0.26200) Core' Language: 'ja' Physical Memory: 13989 MB
BatchMode: 1, IsHumanControllingUs: 0, StartBugReporterOnCrash: 0, Is64bit: 1
System  architecture: x64
Process architecture: x64
Date: 2026-09-05T12:17:28Z
[Licensing::IpcConnector] Successfully connected to: "LicenseClient-satos" at "2026-09-05T12:17:28.4275186Z"
[Licensing::Client] Code 10 while verifying Licensing Client signature (process Id: 289524, path: "C:/Program Files/Unity Hub/UnityLicensingClient_V1/Unity.Licensing.Client.exe")
[Licensing::Module] LicensingClient has failed validation; ignoring
[Licensing::Client] Handshaking with LicensingClient:
  Version:                 1.18.3+d7ffd15
  Session Id:              1c49c05e1f6d4b3a9d3582a5c1ad5adf
  Correlation Id:          75310c5e00f062ddb09fb59929a4bcde
  External correlation Id: 5974830412978470763
  Machine Id:              +pGsxVhBC7oefG2xQE5qOJnLbZ8=
[Licensing::Module] Successfully connected to LicensingClient on channel: "LicenseClient-satos" (connect: 0.00s, validation: 0.04s, handshake: 0.18s)
[Licensing::IpcConnector] Successfully connected to: "LicenseClient-satos-notifications" at "2026-09-05T12:17:28.648291Z"
[Licensing::Module] Error: Access token is unavailable; failed to update
[Licensing::Client] Successfully resolved entitlement details
[Licensing::Module] License group:
  Id: 15669754532075-UnityPersXXXX
  Product: Unity Personal
  Type: Assigned
  Expiration: Unlimited
[Licensing::Client] Successfully updated license, isAsync: True, time: 0.00
[Licensing::Client] Successfully resolved entitlement details
[Licensing::Module] Licensing Background thread has ended after 0.30s

COMMAND LINE ARGUMENTS:
C:\Program Files\Unity\Hub\Editor\6000.6.0f1\Editor\Unity.exe
-batchmode
-projectPath
C:\Users\satos\research\outdoor_seld_e2e\out\streetscape_review_2026-09-05\review_project
-executeMethod
StreetscapeRuntimeReview.Run
-force-d3d11
-logFile
C:\Users\satos\research\outdoor_seld_e2e\out\streetscape_review_2026-09-05\unity_hud_verified.log
Successfully changed project path to: C:\Users\satos\research\outdoor_seld_e2e\out\streetscape_review_2026-09-05\review_project
C:/Users/satos/research/outdoor_seld_e2e/out/streetscape_review_2026-09-05/review_project
[UnityMemory] Configuration Parameters - Can be set up in boot.config
    "memorysetup-temp-allocator-size-gi-baking-worker=262144"
    "memorysetup-temp-allocator-size-gi-baking-worker=262144"
    "memorysetup-temp-allocator-size-gi-baking-worker=262144"
    "memorysetup-temp-allocator-size-gi-baking-worker=262144"
    "memorysetup-temp-allocator-size-gi-baking-worker=262144"
    "memorysetup-temp-allocator-size-nav-mesh-worker=65536"
    "memorysetup-temp-allocator-size-audio-worker=65536"
    "memorysetup-temp-allocator-size-cloud-worker=32768"
    "memorysetup-temp-allocator-size-gfx=262144"
    "memorysetup-remapper-allocator-initial-capacity=32768"
    "memorysetup-temp-allocator-size-preload-manager=33554432"
    "memorysetup-allocator-temp-initial-block-size-main=262144"
    "memorysetup-allocator-temp-initial-block-size-worker=262144"
    "memorysetup-temp-allocator-size-job-worker=262144"
    "memorysetup-temp-allocator-size-background-worker=32768"
    "memorysetup-bucket-allocator-granularity=16"
    "memorysetup-bucket-allocator-bucket-count=8"
    "memorysetup-bucket-allocator-block-size=33554432"
    "memorysetup-bucket-allocator-block-count=8"
    "memorysetup-main-allocator-block-size=16777216"
    "memorysetup-thread-allocator-block-size=16777216"
    "memorysetup-main-allocator-mimalloc-enabled=1"
    "memorysetup-gfx-main-allocator-block-size=16777216"
    "memorysetup-gfx-thread-allocator-block-size=16777216"
    "memorysetup-cache-allocator-block-size=4194304"
    "memorysetup-typetree-allocator-block-size=2097152"
    "memorysetup-profiler-bucket-allocator-granularity=16"
    "memorysetup-profiler-bucket-allocator-bucket-count=8"
    "memorysetup-profiler-bucket-allocator-block-size=33554432"
    "memorysetup-profiler-bucket-allocator-block-count=8"
    "memorysetup-profiler-allocator-block-size=16777216"
    "memorysetup-profiler-editor-allocator-block-size=1048576"
    "memorysetup-temp-allocator-size-main=16777216"
    "memorysetup-job-temp-allocator-block-size=2097152"
    "memorysetup-job-temp-allocator-block-size-background=1048576"
    "memorysetup-job-temp-allocator-reduction-small-platforms=262144"
Logging is directed to a specific file, skipping project log.
Player connection [315668]  Target information:

Player connection [315668]  * "[IP] 10.160.228.118 [Port] 55505 [Flags] 2 [Guid] 4131981292 [EditorId] 4131981292 [Version] 1048832 [Id] WindowsEditor(7,Stoopy) [Debug] 1 [PackageName] WindowsEditor [ProjectName] Editor" 

Player connection [315668]  * "[IP] 192.168.1.15 [Port] 55505 [Flags] 2 [Guid] 4131981292 [EditorId] 4131981292 [Version] 1048832 [Id] WindowsEditor(7,Stoopy) [Debug] 1 [PackageName] WindowsEditor [ProjectName] Editor" 

Player connection [315668] Host joined multi-casting on [225.0.0.222:54997]...
Player connection [315668] Host joined alternative multi-casting on [225.0.0.222:34997]...
Input System module state changed to: Initialized.
[Physics::Module] Initialized fallback backend.
[Physics::Module] Id: 0xdecafbad
[Package Manager] Connected to IPC stream "Upm-277768" after 0.9 seconds.
[Licensing::Client] Successfully resolved entitlement details
Library Redirect Path: Library/
Launching Unity Data Store - C:/Program Files/Unity/Hub/Editor/6000.6.0f1/Editor/Data/Tools/Unity.DataStore.exe 
Unity Data Store artifact dir = Library/DataStore, working dir = C:/Users/satos/research/outdoor_seld_e2e/out/streetscape_review_2026-09-05/review_project[Physics::Module] Selected backend.
[Physics::Module] Name: PhysX
[Physics::Module] Id: 0xf2b8ea05
[Physics::Module] SDK Version: 4.1.2
[Physics::Module] Integration Version: 1.0.0
[Physics::Module] Threading Mode: Multi-Threaded
Unity Data Store running and initialised
Initialize engine version: 6000.6.0f1 (f7f8ed4d1e24)
[EntityIdStore] init: VM path (explicit commit), pageSize=4096, blockCount=1048576, entitiesPerBlock=256, slots reserved=4294967296 bytes
[Subsystems] Discovering subsystems at path C:/Program Files/Unity/Hub/Editor/6000.6.0f1/Editor/Data/Resources/UnitySubsystems
[Subsystems] Discovering subsystems at path C:/Users/satos/research/outdoor_seld_e2e/out/streetscape_review_2026-09-05/review_project/Assets
Forcing GfxDevice: Direct3D 11
GfxDevice: creating device client; kGfxThreadingModeNonThreaded
Direct3D:
    Version:  Direct3D 11.0 [level 11.1]
    Renderer: AMD Radeon(TM) 820M Graphics (ID=0x1902)
    Vendor:   ATI
    VRAM:     6994 MB
    Driver:   32.0.22054.3001
Initialize mono
Mono path[0] = 'C:/Program Files/Unity/Hub/Editor/6000.6.0f1/Editor/Data/Managed'
Mono path[1] = 'C:/Program Files/Unity/Hub/Editor/6000.6.0f1/Editor/Data/BCLExtensions/runtime/netstandard2.1'
Mono path[2] = 'C:/Program Files/Unity/Hub/Editor/6000.6.0f1/Editor/Data/MonoBleedingEdge/lib/mono/unityjit-win32'
Mono config path = 'C:/Program Files/Unity/Hub/Editor/6000.6.0f1/Editor/Data/MonoBleedingEdge/etc'
Using monoOptions --debugger-agent=transport=dt_socket,embedding=1,server=y,suspend=n,address=127.0.0.1:56768
CodeReloadManager initialized
ImportWorker Server TCP listen port: 0
AcceleratorClientConnectionCallback - disconnected - :0
Begin MonoManager ReloadAssembly
Registering precompiled unity dll's ...
Register platform support module: C:/Program Files/Unity/Hub/Editor/6000.6.0f1/Editor/Data/PlaybackEngines/WebGLSupport/UnityEditor.WebGL.Extensions.dll
Register platform support module: C:/Program Files/Unity/Hub/Editor/6000.6.0f1/Editor/Data/PlaybackEngines/WindowsStandaloneSupport/UnityEditor.WindowsStandalone.Extensions.dll
Registered in 0.021871 seconds.
Native extension for WindowsStandalone target not found
Native extension for WebGL target not found
Package Manager log level set to [2]
ScheduleIndexationOnStartup MainProcess:False IndexOnStartup:False
Scripting: successfully reloaded assembly
- Finished resetting the current domain, in  2.967 seconds
Domain Reload Profiling: 5417ms
	BeginReloadAssembly (603ms)
		CreateAndSetChildDomain (17ms)
	RebuildCommonClasses (23ms)
	RebuildNativeTypeToScriptingClass (52ms)
	initialDomainReloadingComplete (549ms)
	LoadAllAssembliesAndSetupDomain (1220ms)
		LoadAssemblies (579ms)
		TypeCache.Refresh (864ms)
			TypeCache.ScanAssembly (806ms)
		AnalyzeDomain (4ms)
	FinalizeReload (2970ms)
		SetupLoadedEditorAssemblies (0ms)
			LogAssemblyErrors (5ms)
			InitializePlatformSupportModulesInManaged (9ms)
			BeforeProcessingInitializeOnLoad (297ms)
			ProcessInitializeOnLoadAttributes (328ms)
			ProcessInitializeOnLoadMethodAttributes (1715ms)
			EditorAssembliesLoaded (3ms)
[Licensing::Client] Successfully resolved entitlement details
Application.AssetDatabase Initial Refresh Start
[Package Manager] Restoring resolved packages state from cache
[Licensing::Client] Successfully resolved entitlement details
[Package Manager] Registered 7 packages:
  Built-in packages:
    com.unity.modules.audio@1.0.0 (location: C:\Users\satos\research\outdoor_seld_e2e\out\streetscape_review_2026-09-05\review_project\Library\PackageCache\com.unity.modules.audio)
    com.unity.modules.imgui@1.0.0 (location: C:\Users\satos\research\outdoor_seld_e2e\out\streetscape_review_2026-09-05\review_project\Library\PackageCache\com.unity.modules.imgui)
    com.unity.modules.physics@1.0.0 (location: C:\Users\satos\research\outdoor_seld_e2e\out\streetscape_review_2026-09-05\review_project\Library\PackageCache\com.unity.modules.physics)
    com.unity.modules.unitywebrequest@1.0.0 (location: C:\Users\satos\research\outdoor_seld_e2e\out\streetscape_review_2026-09-05\review_project\Library\PackageCache\com.unity.modules.unitywebrequest)
    com.unity.modules.unitywebrequestaudio@1.0.0 (location: C:\Users\satos\research\outdoor_seld_e2e\out\streetscape_review_2026-09-05\review_project\Library\PackageCache\com.unity.modules.unitywebrequestaudio)
    com.unity.modules.imageconversion@1.0.0 (location: C:\Users\satos\research\outdoor_seld_e2e\out\streetscape_review_2026-09-05\review_project\Library\PackageCache\com.unity.modules.imageconversion)
    com.unity.modules.screencapture@1.0.0 (location: C:\Users\satos\research\outdoor_seld_e2e\out\streetscape_review_2026-09-05\review_project\Library\PackageCache\com.unity.modules.screencapture)
[Subsystems] No new subsystems found in resolved package list.
[Package Manager] Done registering packages in 0.03 seconds
A meta data file (.meta) exists but its asset 'Assets/Editor/DemoHudReview.cs' can't be found. When moving or deleting files outside of Unity, please ensure that the corresponding .meta file is moved or deleted along with it.
[ScriptCompilation] Requested script compilation because: AssetDatabase observed changes in script compilation related files
Starting: C:\Program Files\Unity\Hub\Editor\6000.6.0f1\Editor\Data\Tools\BuildPipeline\bee_backend.exe --ipc --defer-dag-verification --dagfile="Library/Bee/1900b0aE.dag" --continue-on-failure --profile="Library/Bee/backend1.traceevents" ScriptAssemblies
WorkingDir: C:/Users/satos/research/outdoor_seld_e2e/out/streetscape_review_2026-09-05/review_project
DisplayProgressbar: Compiling Scripts
ExitCode: 4 Duration: 1s114ms
Rebuilding DAG because FileSignature timestamp changed: Library/Bee/1900b0aE-inputdata.json
[174/182    0s] ILPP-Configuration Library/ilpp-configuration.nevergeneratedoutput
*** Tundra requires additional run (0.92 seconds), 2 items updated, 173 evaluated
Starting: C:\Program Files\Unity\Hub\Editor\6000.6.0f1\Editor\Data\DotNetSdk\dotnet.exe "C:\Program Files\Unity\Hub\Editor\6000.6.0f1\Editor\Data\Tools\BuildPipeline\ScriptCompilationBuildProgram.exe" "Library/Bee/1900b0aE.dag.json" "Library/Bee/1900b0aE-inputdata.json" "Library\Bee\buildprogram0.traceevents"
WorkingDir: C:/Users/satos/research/outdoor_seld_e2e/out/streetscape_review_2026-09-05/review_project
ExitCode: 0 Duration: 0s946ms
Starting: C:\Program Files\Unity\Hub\Editor\6000.6.0f1\Editor\Data\Tools\BuildPipeline\bee_backend.exe --ipc --defer-dag-verification --dagfile="Library/Bee/1900b0aE.dag" --continue-on-failure --dagfilejson="Library\Bee\1900b0aE.dag.json" --profile="Library/Bee/backend2.traceevents" ScriptAssemblies
WorkingDir: C:/Users/satos/research/outdoor_seld_e2e/out/streetscape_review_2026-09-05/review_project
ExitCode: 0 Duration: 4s251ms
Finished compiling graph: 185 nodes, 664 flattened edges (656 ToBuild, 4 ToUse), maximum node priority 20
[171/182    0s] WriteText Library/Bee/artifacts/1900b0aE.dag/Assembly-CSharp.rsp
[172/182    0s] WriteText Library/Bee/artifacts/1900b0aE.dag/Assembly-CSharp-Editor.rsp
[173/182    0s] ILPP-Configuration Library/ilpp-configuration.nevergeneratedoutput
[174/182    1s] Csc Library/Bee/artifacts/1900b0aE.dag/Assembly-CSharp.dll (+2 others)
Assets\JoyconManager.cs(20,25): warning UAC1001: Field 'j' type 'Joycon' is skipped by serialization (missing the [Serializable] attribute). Refer to the Serialization rules analyzer reference. (https://docs.unity3d.com/6000.6/Documentation/Manual/script-serialization-analyzer.html#uac1001)
[175/182    0s] ILPostProcess Library/Bee/artifacts/1900b0aE.dag/post-processed/Assembly-CSharp.dll (+pdb)
Processing assembly Library/Bee/artifacts/1900b0aE.dag/Assembly-CSharp.dll, with 149 defines and 255 references

processors: zzzUnity.Burst.CodeGen.BurstILPostProcessor

1 processor(s) skipped this assembly
[176/182    0s] CopyFiles Library/ScriptAssemblies/Assembly-CSharp.pdb
[177/182    0s] CopyFiles Library/ScriptAssemblies/Assembly-CSharp.dll
[178/182    1s] Csc Library/Bee/artifacts/1900b0aE.dag/Assembly-CSharp-Editor.dll (+2 others)
[179/182    0s] ILPostProcess Library/Bee/artifacts/1900b0aE.dag/post-processed/Assembly-CSharp-Editor.dll (+pdb)
Processing assembly Library/Bee/artifacts/1900b0aE.dag/Assembly-CSharp-Editor.dll, with 147 defines and 296 references

processors: zzzUnity.Burst.CodeGen.BurstILPostProcessor

1 processor(s) skipped this assembly
[180/182    0s] CopyFiles Library/ScriptAssemblies/Assembly-CSharp-Editor.pdb
[181/182    0s] CopyFiles Library/ScriptAssemblies/Assembly-CSharp-Editor.dll
*** Tundra build success (4.10 seconds), 11 items updated, 182 evaluated
Assets\JoyconManager.cs(20,25): warning UAC1001: Field 'j' type 'Joycon' is skipped by serialization (missing the [Serializable] attribute). Refer to the Serialization rules analyzer reference. (https://docs.unity3d.com/6000.6/Documentation/Manual/script-serialization-analyzer.html#uac1001)
AssetDatabase: script compilation time: 8.385485s
Total cache size 36826192
Total cache size after purge 36826192, took 00:00:00.1394304
Begin MonoManager ReloadAssembly
Native extension for WindowsStandalone target not found
Native extension for WebGL target not found
ScheduleIndexationOnStartup MainProcess:True IndexOnStartup:True
Scripting: successfully reloaded assembly
- Finished resetting the current domain, in  1.824 seconds
Domain Reload Profiling: 3642ms
	BeginReloadAssembly (1049ms)
		DisableScriptedObjects (159ms)
		CreateAndSetChildDomain (147ms)
	RebuildCommonClasses (27ms)
	RebuildNativeTypeToScriptingClass (38ms)
	initialDomainReloadingComplete (254ms)
	LoadAllAssembliesAndSetupDomain (444ms)
		LoadAssemblies (630ms)
		TypeCache.Refresh (9ms)
		AnalyzeDomain (31ms)
			BuildScriptInfoCaches (25ms)
	FinalizeReload (1829ms)
		SetupLoadedEditorAssemblies (0ms)
			LogAssemblyErrors (5ms)
			InitializePlatformSupportModulesInManaged (11ms)
			BeforeProcessingInitializeOnLoad (495ms)
			ProcessInitializeOnLoadAttributes (309ms)
			ProcessInitializeOnLoadMethodAttributes (180ms)
			AfterProcessingInitializeOnLoad (18ms)
		AwakeInstancesAfterBackupRestoration (120ms)
Starting new worker id: 0 with log in C:/Users/satos/research/outdoor_seld_e2e/out/streetscape_review_2026-09-05/review_project/Logs/AssetImportWorkerHW0.log

Asset Pipeline Refresh (id=815ea9062d15e0a45b63a1160d0a1f14): Total: 13.542 seconds - Initiated by InitialRefreshV2(ForceSynchronousImport)
	(Values over 0.05ms)
	Summary:
		Imports: total=0 (actual=0, local cache=0, cache server=0)
		Asset DB Process Time: managed=0 ms, native=2504 ms
		Asset DB Callback time: managed=393 ms, native=58 ms
		Scripting: domain reloads=1, domain reload time=2165 ms, compile time=8403 ms, other=16 ms
		Project Asset Count: scripts=40, non-scripts=21
		Asset File Changes: new=1, changed=3, moved=0, deleted=1
		Scan Filter Count: 0
	InvokePackagesCallback: 71.544ms
	ApplyChangesToAssetFolders: 0.680ms
	Scan: 225.220ms
	Collect global state as custom dependencies: 55.116ms
	OnSourceAssetsModified: 7.559ms
	CategorizeScriptCompilationAssets: 0.208ms
	ProcessAssetsWithTransientArtifactChanges: 4.315ms
	CategorizeAssets: 1.554ms
	CompileScripts: 8402.503ms
	ImportOutOfDateAssets: 1925.933ms (1835.823ms without children)
		UnloadImportedAssets: 0.547ms
		EnsureUptoDateAssetsAreRegisteredWithGuidPM: 0.069ms
		ImportSchedulerStart: 89.484ms
	PostProcessAllAssets: 391.143ms
		WindowTitlePostprocess 0.384ms
		VCAutoAddAssetPostprocess 0.369ms
		Canvas.OnAllAssetImport 0.265ms
		VersionControlSettings.HiddenFilePostprocess 0.203ms
		PostProcessCallbackCreateDeferredMaterials 0.149ms
		RaytracingShaderImportPostprocess 0.060ms
		ShaderAssetModifiedCallback 0.054ms
		MonoPostProcessAllAssets: 384.488ms
			AssetPostprocessor.OnPostprocessAllAssets 107.646ms
			WindowAssetPostprocessingWatcher.OnPostprocessAllAssets 81.475ms
			BuilderAssetPostprocessor.OnPostprocessAllAssets 42.532ms
			StyleCatalogPostProcessor.OnPostprocessAllAssets 39.632ms
			SyncVS.PostprocessSyncProject 18.776ms
			SpeedTree9Postprocessor.OnPostprocessAllAssets 18.114ms
			AssetChangedListener.OnPostprocessAllAssets 9.354ms
			RetainedModeAssetPostprocessor.OnPostprocessAllAssets 7.760ms
			EditModeScopePostprocessor.OnPostprocessAllAssets 4.420ms
			TextAssetPostProcessor.OnPostprocessAllAssets 2.805ms
			ArtifactBrowserPostProcessor.OnPostprocessAllAssets 2.723ms
			TerrainToolbarOverlayPostProcessor.OnPostprocessAllAssets 1.708ms
			AssetDatabaseCallbacks.OnPostprocessAllAssets 1.266ms
			AudioMixerPostprocessor.OnPostprocessAllAssets 1.164ms
			AssetEvents.OnPostprocessAllAssets 1.043ms
			ConfigAssetsTracker.OnPostprocessAllAssets 0.998ms
			ReferencedClipsPostProcessor.OnPostprocessAllAssets 0.993ms
			ScenarioDriftAssetsTracker.OnPostprocessAllAssets 0.892ms
			SpeedTreePostProcessor.OnPostprocessAllAssets 0.669ms
			RenderPipelineGlobalSettingsPostprocessor.OnPostprocessAllAssets 0.476ms
			ThemePostprocessor.OnPostprocessAllAssets 0.468ms
			AudioContainerPostProcessor.OnPostprocessAllAssets 0.314ms
	PostAssetChangesProfiler: 5.812ms
	UnloadStreamsBegin: 4.170ms
	Untracked: 2371.961ms

Application.AssetDatabase Initial Refresh End
Launched and connected shader compiler UnityShaderCompiler.exe after 0.16 seconds
Scanning for USB devices : 17.488ms
Initializing Unity extensions:
[MODES] ModeService[none].Initialize
[MODES] ModeService[none].LoadModes
[MODES] Loading mode Default (0) for mode-current-id-JoyconDemo
Unloading 3 Unused Serialized files (Serialized files now loaded: 0)
Unloading 27 unused Assets / (472.1 KB). Loaded Objects now: 753.
Memory consumption went from 219.7 MB to 219.3 MB.
Total: 30.502000 ms (FindLiveObjects: 1.135500 ms CreateObjectMapping: 0.034800 ms MarkObjects: 27.735300 ms  DeleteObjects: 0.936000 ms)

Unloading 1 Unused Serialized files (Serialized files now loaded: 0)
Unloading 0 unused Assets / (Unknown). Loaded Objects now: 755.
Memory consumption went from 219.8 MB to 219.8 MB.
Total: 18.303400 ms (FindLiveObjects: 0.314700 ms CreateObjectMapping: 0.014300 ms MarkObjects: 17.741000 ms  DeleteObjects: 0.033200 ms)

Importing 'GUID: 1c87d87f797876447bb16c8fa55efe15 - Path: Assets/RuntimeReview.unity' with importer (DefaultImporter)
Imported 'GUID: 1c87d87f797876447bb16c8fa55efe15' -> (Import Result ID: '856b6f336ab62224e33783c7cbdbedb0') in 0.032 seconds [static dependencies only]. Details - ImportResultOutputID=72fbd918730905731be51750a2583c0d DependenciesID=3bb8f47f96952ab0bd01de9f15fba47e StaticDependenciesID=7c305e1153e53b6bce66745008a8aef1 
Asset Pipeline Refresh (id=8a3939b850f71f04f81150e21202197e): Total: 0.160 seconds - Initiated by StopAssetImportingV2(NoUpdateAssetOptions)
D3D11 device created for Microsoft Media Foundation video decoding.
[Project] Loading completed in 31.293 seconds
	Project init time: 				25.296 seconds
		Template init time: 		0.000 seconds
		Package Manager init time: 		0.956 seconds
		Asset Database init time: 		2.686 seconds
		Global illumination init time: 	0.032 seconds
		Assemblies load time: 			5.689 seconds
		Unity extensions init time: 	0.002 seconds
		Asset Database refresh time: 	13.544 seconds
	Scene opening time: 			0.990 seconds
##utp:{"type":"ProjectInfo","version":2,"phase":"Immediate","time":1788610679543,"processId":277768,"projectLoad":31.2928979,"projectInit":25.2958479,"templateInit":0.0,"packageManagerInit":0.9557083,"assetDatabaseInit":2.6856471,"globalIlluminationInit":0.0316223,"assembliesLoad":5.6891587,"unityExtensionsInit":0.0022882,"assetDatabaseRefresh":13.5435463,"sceneOpening":0.9898672}
##utp:{"type":"EditorInfo","version":2,"phase":"Immediate","time":1788610679545,"processId":277768,"editorVersion":"6000.6.0f1 (f7f8ed4d1e24)","branch":"6000.6/respin/6000.6.0f1-fa21a270ab12","buildType":"Release","platform":"Windows"}
Reloading assemblies for play mode.
Reloading assemblies after forced synchronous recompile.
Begin MonoManager ReloadAssembly
Native extension for WindowsStandalone target not found
Native extension for WebGL target not found
ScheduleIndexationOnStartup MainProcess:True IndexOnStartup:True
Scripting: successfully reloaded assembly
- Finished resetting the current domain, in  1.856 seconds
Domain Reload Profiling: 4614ms
	BeginReloadAssembly (1754ms)
		DisableScriptedObjects (201ms)
		CreateAndSetChildDomain (231ms)
	RebuildCommonClasses (45ms)
	RebuildNativeTypeToScriptingClass (59ms)
	initialDomainReloadingComplete (352ms)
	LoadAllAssembliesAndSetupDomain (544ms)
		LoadAssemblies (1134ms)
		TypeCache.Refresh (8ms)
		AnalyzeDomain (8ms)
	FinalizeReload (1860ms)
		SetupLoadedEditorAssemblies (0ms)
			LogAssemblyErrors (4ms)
			InitializePlatformSupportModulesInManaged (7ms)
			BeforeProcessingInitializeOnLoad (333ms)
			ProcessInitializeOnLoadAttributes (234ms)
			ProcessInitializeOnLoadMethodAttributes (158ms)
			AfterProcessingInitializeOnLoad (16ms)
			EditorAssembliesLoaded (3ms)
		AwakeInstancesAfterBackupRestoration (119ms)

Asset Pipeline Refresh (id=0542309adfb01484f81460aacb77ae99): Total: 5.532 seconds - Initiated by StopAssetImportingV2(ForceSynchronousImport | ForceDomainReload)
	(Values over 0.05ms)
	Summary:
		Imports: total=0 (actual=0, local cache=0, cache server=0)
		Asset DB Process Time: managed=0 ms, native=2129 ms
		Asset DB Callback time: managed=157 ms, native=7 ms
		Scripting: domain reloads=1, domain reload time=3226 ms, compile time=10 ms, other=0 ms
		Project Asset Count: scripts=40, non-scripts=21
		Asset File Changes: new=0, changed=0, moved=0, deleted=0
		Scan Filter Count: 0
	InvokePackagesCallback: 21.215ms
	ApplyChangesToAssetFolders: 0.228ms
	Collect global state as custom dependencies: 13.182ms
	ProcessAssetsWithTransientArtifactChanges: 3.627ms
	CategorizeAssets: 1.137ms
	CompileScripts: 9.659ms
	ImportOutOfDateAssets: 1863.133ms (1862.095ms without children)
		UnloadImportedAssets: 0.627ms
		ImportSchedulerStart: 0.361ms
	PostProcessAllAssets: 160.218ms
		PostProcessCallbackCreateDeferredMaterials 0.206ms
		ShaderAssetModifiedCallback 0.097ms
		MonoPostProcessAllAssets: 157.965ms
			StyleCatalogPostProcessor.OnPostprocessAllAssets 37.943ms
			AssetPostprocessor.OnPostprocessAllAssets 23.503ms
			BuilderAssetPostprocessor.OnPostprocessAllAssets 21.294ms
			WindowAssetPostprocessingWatcher.OnPostprocessAllAssets 17.896ms
			SyncVS.PostprocessSyncProject 10.337ms
			AssetChangedListener.OnPostprocessAllAssets 3.851ms
			RetainedModeAssetPostprocessor.OnPostprocessAllAssets 3.721ms
			SpeedTree9Postprocessor.OnPostprocessAllAssets 2.617ms
			AssetEvents.OnPostprocessAllAssets 2.485ms
			TextAssetPostProcessor.OnPostprocessAllAssets 2.128ms
			ArtifactBrowserPostProcessor.OnPostprocessAllAssets 1.474ms
			ReferencedClipsPostProcessor.OnPostprocessAllAssets 0.972ms
			EditModeScopePostprocessor.OnPostprocessAllAssets 0.796ms
			TerrainToolbarOverlayPostProcessor.OnPostprocessAllAssets 0.792ms
			ConfigAssetsTracker.OnPostprocessAllAssets 0.752ms
			SpeedTreePostProcessor.OnPostprocessAllAssets 0.749ms
			AudioMixerPostprocessor.OnPostprocessAllAssets 0.730ms
			AssetDatabaseCallbacks.OnPostprocessAllAssets 0.690ms
			ScenarioDriftAssetsTracker.OnPostprocessAllAssets 0.426ms
			ThemePostprocessor.OnPostprocessAllAssets 0.394ms
			RenderPipelineGlobalSettingsPostprocessor.OnPostprocessAllAssets 0.313ms
			AudioContainerPostProcessor.OnPostprocessAllAssets 0.301ms
	PostAssetChangesProfiler: 0.840ms
	UnloadStreamsBegin: 0.145ms
	Untracked: 3371.924ms

Loaded scene 'Temp/__Backupscenes/0.backup'
	Deserialize:            5.195 ms
	Integration:            86.684 ms
	Integration of assets:  0.007 ms
	Thread Wait Time:       290.357 ms
	Total Operation Time:   382.243 ms
[MODES] ModeService[none].Initialize
[MODES] ModeService[none].LoadModes
Start Indexing on Editor startup
ArgumentOutOfRangeException: Index was out of range. Must be non-negative and less than the size of the collection.
Parameter name: index
  at System.Collections.Generic.List`1[T].get_Item (System.Int32 index) [0x00009] in <c5ae8a4eeb824526b5df2932bc2395e0>:0 
  at UnityEditor.Search.SearchDatabase+<EnumerateAll>d__78.MoveNext () [0x00089] in <f03e16b4b58248838607cefa048bd30a>:0 
  at System.Linq.Enumerable.TryGetFirst[TSource] (System.Collections.Generic.IEnumerable`1[T] source, System.Boolean& found) [0x00045] in <f1b392d8fe224ca2b1f9fab1000b77eb>:0 
  at System.Linq.Enumerable.First[TSource] (System.Collections.Generic.IEnumerable`1[T] source) [0x00000] in <f1b392d8fe224ca2b1f9fab1000b77eb>:0 
  at UnityEditor.Search.SearchDatabase.GetDefaultSearchDatabase () [0x00005] in <f03e16b4b58248838607cefa048bd30a>:0 
  at UnityEditor.Search.SearchInit.IndexationOnStartup () [0x0000a] in <f03e16b4b58248838607cefa048bd30a>:0 
  at UnityEditor.EditorApplication.Internal_CallDelayFunctions () [0x00029] in <2194b77af8ea43e69caba13ba778a69a>:0 
UnityEngine.StackTraceUtility:ExtractStringFromExceptionInternal(Object, String&, String&)

Created GICache directory at C:/Users/satos/AppData/LocalLow/Unity/Caches/GiCache. Took: 0.056s, timestamps: [40.133 - 40.189]
[Licensing::Client] Successfully resolved entitlement details
There are no audio listeners in the scene. Please ensure there is always one audio listener in the scene
There are no audio listeners in the scene. Please ensure there is always one audio listener in the scene
There are no audio listeners in the scene. Please ensure there is always one audio listener in the scene
There are no audio listeners in the scene. Please ensure there is always one audio listener in the scene
There are no audio listeners in the scene. Please ensure there is always one audio listener in the scene
There are no audio listeners in the scene. Please ensure there is always one audio listener in the scene
There are no audio listeners in the scene. Please ensure there is always one audio listener in the scene
There are no audio listeners in the scene. Please ensure there is always one audio listener in the scene
There are no audio listeners in the scene. Please ensure there is always one audio listener in the scene
There are no audio listeners in the scene. Please ensure there is always one audio listener in the scene
There are no audio listeners in the scene. Please ensure there is always one audio listener in the scene
There are no audio listeners in the scene. Please ensure there is always one audio listener in the scene
There are no audio listeners in the scene. Please ensure there is always one audio listener in the scene
There are no audio listeners in the scene. Please ensure there is always one audio listener in the scene
There are no audio listeners in the scene. Please ensure there is always one audio listener in the scene
There are no audio listeners in the scene. Please ensure there is always one audio listener in the scene
There are no audio listeners in the scene. Please ensure there is always one audio listener in the scene
There are no audio listeners in the scene. Please ensure there is always one audio listener in the scene
There are no audio listeners in the scene. Please ensure there is always one audio listener in the scene
There are no audio listeners in the scene. Please ensure there is always one audio listener in the scene
There are no audio listeners in the scene. Please ensure there is always one audio listener in the scene
There are no audio listeners in the scene. Please ensure there is always one audio listener in the scene
There are no audio listeners in the scene. Please ensure there is always one audio listener in the scene
There are no audio listeners in the scene. Please ensure there is always one audio listener in the scene
There are no audio listeners in the scene. Please ensure there is always one audio listener in the scene
There are no audio listeners in the scene. Please ensure there is always one audio listener in the scene
There are no audio listeners in the scene. Please ensure there is always one audio listener in the scene
There are no audio listeners in the scene. Please ensure there is always one audio listener in the scene
There are no audio listeners in the scene. Please ensure there is always one audio listener in the scene
There are no audio listeners in the scene. Please ensure there is always one audio listener in the scene
There are no audio listeners in the scene. Please ensure there is always one audio listener in the scene
There are no audio listeners in the scene. Please ensure there is always one audio listener in the scene
There are no audio listeners in the scene. Please ensure there is always one audio listener in the scene
There are no audio listeners in the scene. Please ensure there is always one audio listener in the scene
There are no audio listeners in the scene. Please ensure there is always one audio listener in the scene
There are no audio listeners in the scene. Please ensure there is always one audio listener in the scene
There are no audio listeners in the scene. Please ensure there is always one audio listener in the scene
There are no audio listeners in the scene. Please ensure there is always one audio listener in the scene
There are no audio listeners in the scene. Please ensure there is always one audio listener in the scene
There are no audio listeners in the scene. Please ensure there is always one audio listener in the scene
There are no audio listeners in the scene. Please ensure there is always one audio listener in the scene
There are no audio listeners in the scene. Please ensure there is always one audio listener in the scene
There are no audio listeners in the scene. Please ensure there is always one audio listener in the scene
There are no audio listeners in the scene. Please ensure there is always one audio listener in the scene
There are no audio listeners in the scene. Please ensure there is always one audio listener in the scene
There are no audio listeners in the scene. Please ensure there is always one audio listener in the scene
There are no audio listeners in the scene. Please ensure there is always one audio listener in the scene
There are no audio listeners in the scene. Please ensure there is always one audio listener in the scene
There are no audio listeners in the scene. Please ensure there is always one audio listener in the scene
There are no audio listeners in the scene. Please ensure there is always one audio listener in the scene
There are no audio listeners in the scene. Please ensure there is always one audio listener in the scene
There are no audio listeners in the scene. Please ensure there is always one audio listener in the scene
MonoPathRemapper: Attempts to remap: 2115; Successful remaps: 0
Serialized file version minimum: 23, current 23
Animation component deleted: Component belongs to a disabled built-in package.
UnityEngine.Debug:ExtractStackTraceNoAlloc (byte*,int,string)
UnityEngine.StackTraceUtility:ExtractStackTrace ()
StreetscapeRuntimeReview:Finish (string) (at Assets/Editor/StreetscapeRuntimeReview.cs:85)
StreetscapeRuntimeReview:Tick () (at Assets/Editor/StreetscapeRuntimeReview.cs:78)
UnityEditor.EditorApplication:Internal_CallUpdateFunctions ()

[Assets/Editor/StreetscapeRuntimeReview.cs line 85]

[Physics::Module] Cleanup current backend.
[Physics::Module] Id: 0xf2b8ea05
Input System module state changed to: ShutdownInProgress.
Input Polling Thread exited.
Input System module state changed to: Shutdown.
[Licensing::IpcConnector] LicenseClient-satos-notifications channel disconnected successfully.
[Licensing::IpcConnector] LicenseClient-satos channel disconnected successfully.
Unity Data Store service was successfully shut down
UDS shutting down local client system
AcceleratorClientConnectionCallback - disconnected - :0
Cleanup mono
CodeReloadManager destroyed
Checking for leaked weakptr:
  Found no leaked weakptrs.
[Package Manager] Server process was shutdown
##utp:{"type":"MemoryLeaks","version":2,"phase":"Immediate","time":1788610699182,"processId":277768,"allocatedMemory":10964594,"memoryLabels":[{"Default":164542},{"Permanent":15516},{"NewDelete":68911},{"Thread":4197984},{"Manager":31109},{"VertexData":920},{"Geometry":816},{"Texture":24},{"Shader":832881},{"Material":24},{"GfxDevice":56544},{"Animation":952},{"FreeType":8},{"FontEngine":736},{"Physics":1970},{"Physics2D":16},{"Serialization":17984},{"Input":42840},{"JobScheduler":256},{"TextLib":45526},{"Mono":48},{"ScriptingNativeRuntime":1177944},{"BaseObject":50384},{"Resource":1208},{"Renderer":2376},{"Transform":4685},{"File":4416},{"WebCam":616},{"Culling":32},{"Terrain":11442},{"Wind":24},{"STL":40},{"String":718400},{"StaticString":3808},{"Utility":2673718},{"Curl":2478},{"PoolAlloc":2168},{"AI":80},{"TypeTree":17165},{"ScriptManager":18960},{"CodeReload":448},{"RuntimeInitializeOnLoadManager":64},{"Sprites":102},{"SpriteAtlas":120},{"GI":7816},{"Director":8296},{"CloudService":7584},{"WebRequest":7179},{"VR":49650},{"SceneManager":608},{"Video":208},{"LazyScriptCache":32},{"Camera":729},{"Secure":2377},{"SerializationCache":9256},{"APIUpdating":10320},{"Subsystems":336},{"VirtualTexturing":57888},{"StaticSafetyDebugInfo":278528},{"Analytics":768},{"Hierarchy":1188},{"UIElements":40},{"CoreStats":14456},{"Identifiers":7152},{"Gui":316},{"EditorUtility":91770},{"VersionControl":8},{"Undo":931},{"AssetDatabase":168605},{"AssetImporter":40},{"EditorGi":328},{"UnityConnect":40465},{"Upm":1912},{"UpmDiagnostics":8},{"AssetCompliance":96},{"DrivenProperties":72},{"LocalIPC":260},{"ProfilerEditor":9746},{"CoreBusinessMetrics":3600},{"Windowing":456},{"Licensing":12757},{"AssetReference":32},{"IPCStream":32}]}
