VBCSCompilerPreWarmer: pre-warm launched (dotnet PID 295248)
VBCSCompiler prewarm took 64.42 ms
[Licensing::Module] Trying to connect to existing licensing client channel...
Built from '6000.6/respin/6000.6.0f1-fa21a270ab12' branch; Version is '6000.6.0f1 (f7f8ed4d1e24) revision 16251117'; Using compiler version '194234433'; Build Type 'Release'
OS: 'Windows 11  (10.0.26200) Core' Language: 'ja' Physical Memory: 13989 MB
BatchMode: 1, IsHumanControllingUs: 0, StartBugReporterOnCrash: 0, Is64bit: 1
System  architecture: x64
Process architecture: x64
Date: 2026-09-05T07:24:18Z
[Licensing::IpcConnector] Successfully connected to: "LicenseClient-satos" at "2026-09-05T07:24:18.2105608Z"
[Licensing::Client] Code 10 while verifying Licensing Client signature (process Id: 289524, path: "C:/Program Files/Unity Hub/UnityLicensingClient_V1/Unity.Licensing.Client.exe")
[Licensing::Module] LicensingClient has failed validation; ignoring
[Licensing::Client] Handshaking with LicensingClient:
  Version:                 1.18.3+d7ffd15
  Session Id:              b0854dcae72c4eb89a9bdf0bccafabf9
  Correlation Id:          75310c5e00f062ddb09fb59929a4bcde
  External correlation Id: 7732498530707021990
  Machine Id:              +pGsxVhBC7oefG2xQE5qOJnLbZ8=
[Licensing::Module] Successfully connected to LicensingClient on channel: "LicenseClient-satos" (connect: 0.00s, validation: 0.03s, handshake: 0.19s)
[Licensing::IpcConnector] Successfully connected to: "LicenseClient-satos-notifications" at "2026-09-05T07:24:18.4342619Z"
[Licensing::Module] Error: Access token is unavailable; failed to update
[Licensing::Client] Successfully resolved entitlement details
[Licensing::Module] License group:
  Id: 15669754532075-UnityPersXXXX
  Product: Unity Personal
  Type: Assigned
  Expiration: Unlimited
[Licensing::Client] Successfully updated license, isAsync: True, time: 0.01
[Licensing::Client] Successfully resolved entitlement details
[Licensing::Module] Licensing Background thread has ended after 0.30s

COMMAND LINE ARGUMENTS:
C:\Program Files\Unity\Hub\Editor\6000.6.0f1\Editor\Unity.exe
-batchmode
-projectPath
C:\Users\satos\research\outdoor_seld_e2e\out\streetscape_review_2026-09-05\review_project
-executeMethod
StreetscapeReview.Run
-force-d3d11
-logFile
C:\Users\satos\research\outdoor_seld_e2e\out\streetscape_review_2026-09-05\unity_review_final.log
Successfully changed project path to: C:\Users\satos\research\outdoor_seld_e2e\out\streetscape_review_2026-09-05\review_project
C:/Users/satos/research/outdoor_seld_e2e/out/streetscape_review_2026-09-05/review_project
[UnityMemory] Configuration Parameters - Can be set up in boot.config
    "memorysetup-temp-allocator-size-gi-baking-worker=262144"
    "memorysetup-temp-allocator-size-gi-baking-worker=262144"
    "memorysetup-temp-allocator-size-gi-baking-worker=262144"
    "memorysetup-temp-allocator-size-gi-baking-worker=262144"
    "memorysetup-temp-allocator-size-gi-baking-worker=262144"
    "memorysetup-temp-allocator-size-nav-mesh-worker=65536"
    "memorysetup-temp-allocator-size-audio-worker=65536"
    "memorysetup-temp-allocator-size-cloud-worker=32768"
    "memorysetup-temp-allocator-size-gfx=262144"
    "memorysetup-remapper-allocator-initial-capacity=32768"
    "memorysetup-temp-allocator-size-preload-manager=33554432"
    "memorysetup-allocator-temp-initial-block-size-main=262144"
    "memorysetup-allocator-temp-initial-block-size-worker=262144"
    "memorysetup-temp-allocator-size-job-worker=262144"
    "memorysetup-temp-allocator-size-background-worker=32768"
    "memorysetup-bucket-allocator-granularity=16"
    "memorysetup-bucket-allocator-bucket-count=8"
    "memorysetup-bucket-allocator-block-size=33554432"
    "memorysetup-bucket-allocator-block-count=8"
    "memorysetup-main-allocator-block-size=16777216"
    "memorysetup-thread-allocator-block-size=16777216"
    "memorysetup-main-allocator-mimalloc-enabled=1"
    "memorysetup-gfx-main-allocator-block-size=16777216"
    "memorysetup-gfx-thread-allocator-block-size=16777216"
    "memorysetup-cache-allocator-block-size=4194304"
    "memorysetup-typetree-allocator-block-size=2097152"
    "memorysetup-profiler-bucket-allocator-granularity=16"
    "memorysetup-profiler-bucket-allocator-bucket-count=8"
    "memorysetup-profiler-bucket-allocator-block-size=33554432"
    "memorysetup-profiler-bucket-allocator-block-count=8"
    "memorysetup-profiler-allocator-block-size=16777216"
    "memorysetup-profiler-editor-allocator-block-size=1048576"
    "memorysetup-temp-allocator-size-main=16777216"
    "memorysetup-job-temp-allocator-block-size=2097152"
    "memorysetup-job-temp-allocator-block-size-background=1048576"
    "memorysetup-job-temp-allocator-reduction-small-platforms=262144"
Logging is directed to a specific file, skipping project log.
Player connection [269428]  Target information:

Player connection [269428]  * "[IP] 10.160.228.118 [Port] 55505 [Flags] 2 [Guid] 4103999827 [EditorId] 4103999827 [Version] 1048832 [Id] WindowsEditor(7,Stoopy) [Debug] 1 [PackageName] WindowsEditor [ProjectName] Editor" 

Player connection [269428]  * "[IP] 192.168.1.15 [Port] 55505 [Flags] 2 [Guid] 4103999827 [EditorId] 4103999827 [Version] 1048832 [Id] WindowsEditor(7,Stoopy) [Debug] 1 [PackageName] WindowsEditor [ProjectName] Editor" 

Player connection [269428] Host joined multi-casting on [225.0.0.222:54997]...
Player connection [269428] Host joined alternative multi-casting on [225.0.0.222:34997]...
Input System module state changed to: Initialized.
[Physics::Module] Initialized fallback backend.
[Physics::Module] Id: 0xdecafbad
[Package Manager] Connected to IPC stream "Upm-224792" after 0.7 seconds.
[Licensing::Client] Successfully resolved entitlement details
Library Redirect Path: Library/
Launching Unity Data Store - C:/Program Files/Unity/Hub/Editor/6000.6.0f1/Editor/Data/Tools/Unity.DataStore.exe 
Unity Data Store artifact dir = Library/DataStore, working dir = C:/Users/satos/research/outdoor_seld_e2e/out/streetscape_review_2026-09-05/review_project[Physics::Module] Selected backend.
[Physics::Module] Name: PhysX
[Physics::Module] Id: 0xf2b8ea05
[Physics::Module] SDK Version: 4.1.2
[Physics::Module] Integration Version: 1.0.0
[Physics::Module] Threading Mode: Multi-Threaded
Unity Data Store running and initialised
Initialize engine version: 6000.6.0f1 (f7f8ed4d1e24)
[EntityIdStore] init: VM path (explicit commit), pageSize=4096, blockCount=1048576, entitiesPerBlock=256, slots reserved=4294967296 bytes
[Subsystems] Discovering subsystems at path C:/Program Files/Unity/Hub/Editor/6000.6.0f1/Editor/Data/Resources/UnitySubsystems
[Subsystems] Discovering subsystems at path C:/Users/satos/research/outdoor_seld_e2e/out/streetscape_review_2026-09-05/review_project/Assets
Forcing GfxDevice: Direct3D 11
GfxDevice: creating device client; kGfxThreadingModeNonThreaded
Direct3D:
    Version:  Direct3D 11.0 [level 11.1]
    Renderer: AMD Radeon(TM) 820M Graphics (ID=0x1902)
    Vendor:   ATI
    VRAM:     6994 MB
    Driver:   32.0.22054.3001
Initialize mono
Mono path[0] = 'C:/Program Files/Unity/Hub/Editor/6000.6.0f1/Editor/Data/Managed'
Mono path[1] = 'C:/Program Files/Unity/Hub/Editor/6000.6.0f1/Editor/Data/BCLExtensions/runtime/netstandard2.1'
Mono path[2] = 'C:/Program Files/Unity/Hub/Editor/6000.6.0f1/Editor/Data/MonoBleedingEdge/lib/mono/unityjit-win32'
Mono config path = 'C:/Program Files/Unity/Hub/Editor/6000.6.0f1/Editor/Data/MonoBleedingEdge/etc'
Using monoOptions --debugger-agent=transport=dt_socket,embedding=1,server=y,suspend=n,address=127.0.0.1:56792
CodeReloadManager initialized
ImportWorker Server TCP listen port: 0
AcceleratorClientConnectionCallback - disconnected - :0
Begin MonoManager ReloadAssembly
Registering precompiled unity dll's ...
Register platform support module: C:/Program Files/Unity/Hub/Editor/6000.6.0f1/Editor/Data/PlaybackEngines/WebGLSupport/UnityEditor.WebGL.Extensions.dll
Register platform support module: C:/Program Files/Unity/Hub/Editor/6000.6.0f1/Editor/Data/PlaybackEngines/WindowsStandaloneSupport/UnityEditor.WindowsStandalone.Extensions.dll
Registered in 0.014712 seconds.
Native extension for WindowsStandalone target not found
Native extension for WebGL target not found
Package Manager log level set to [2]
ScheduleIndexationOnStartup MainProcess:False IndexOnStartup:False
Scripting: successfully reloaded assembly
- Finished resetting the current domain, in  3.055 seconds
Domain Reload Profiling: 5174ms
	BeginReloadAssembly (593ms)
		CreateAndSetChildDomain (23ms)
	RebuildCommonClasses (24ms)
	RebuildNativeTypeToScriptingClass (64ms)
	initialDomainReloadingComplete (376ms)
	LoadAllAssembliesAndSetupDomain (1057ms)
		LoadAssemblies (567ms)
		TypeCache.Refresh (787ms)
			TypeCache.ScanAssembly (690ms)
		AnalyzeDomain (3ms)
	FinalizeReload (3060ms)
		SetupLoadedEditorAssemblies (0ms)
			LogAssemblyErrors (4ms)
			InitializePlatformSupportModulesInManaged (9ms)
			BeforeProcessingInitializeOnLoad (323ms)
			ProcessInitializeOnLoadAttributes (338ms)
			ProcessInitializeOnLoadMethodAttributes (1799ms)
			EditorAssembliesLoaded (4ms)
[Licensing::Client] Successfully resolved entitlement details
Application.AssetDatabase Initial Refresh Start
[Package Manager] Restoring resolved packages state from cache
[Licensing::Client] Successfully resolved entitlement details
[Package Manager] Registered 6 packages:
  Built-in packages:
    com.unity.modules.audio@1.0.0 (location: C:\Users\satos\research\outdoor_seld_e2e\out\streetscape_review_2026-09-05\review_project\Library\PackageCache\com.unity.modules.audio)
    com.unity.modules.imgui@1.0.0 (location: C:\Users\satos\research\outdoor_seld_e2e\out\streetscape_review_2026-09-05\review_project\Library\PackageCache\com.unity.modules.imgui)
    com.unity.modules.physics@1.0.0 (location: C:\Users\satos\research\outdoor_seld_e2e\out\streetscape_review_2026-09-05\review_project\Library\PackageCache\com.unity.modules.physics)
    com.unity.modules.unitywebrequest@1.0.0 (location: C:\Users\satos\research\outdoor_seld_e2e\out\streetscape_review_2026-09-05\review_project\Library\PackageCache\com.unity.modules.unitywebrequest)
    com.unity.modules.unitywebrequestaudio@1.0.0 (location: C:\Users\satos\research\outdoor_seld_e2e\out\streetscape_review_2026-09-05\review_project\Library\PackageCache\com.unity.modules.unitywebrequestaudio)
    com.unity.modules.imageconversion@1.0.0 (location: C:\Users\satos\research\outdoor_seld_e2e\out\streetscape_review_2026-09-05\review_project\Library\PackageCache\com.unity.modules.imageconversion)
[Subsystems] No new subsystems found in resolved package list.
[Package Manager] Done registering packages in 0.05 seconds
[ScriptCompilation] Requested script compilation because: AssetDatabase observed changes in script compilation related files
Starting: C:\Program Files\Unity\Hub\Editor\6000.6.0f1\Editor\Data\Tools\BuildPipeline\bee_backend.exe --ipc --defer-dag-verification --dagfile="Library/Bee/1900b0aE.dag" --continue-on-failure --profile="Library/Bee/backend1.traceevents" ScriptAssemblies
WorkingDir: C:/Users/satos/research/outdoor_seld_e2e/out/streetscape_review_2026-09-05/review_project
DisplayProgressbar: Compiling Scripts
ExitCode: 0 Duration: 6s276ms
[173/182    1s] ILPP-Configuration Library/ilpp-configuration.nevergeneratedoutput
[174/182    3s] Csc Library/Bee/artifacts/1900b0aE.dag/Assembly-CSharp.dll (+2 others)
Assets\JoyconManager.cs(20,25): warning UAC1001: Field 'j' type 'Joycon' is skipped by serialization (missing the [Serializable] attribute). Refer to the Serialization rules analyzer reference. (https://docs.unity3d.com/6000.6/Documentation/Manual/script-serialization-analyzer.html#uac1001)
[175/182    0s] ILPostProcess Library/Bee/artifacts/1900b0aE.dag/post-processed/Assembly-CSharp.dll (+pdb)
Processing assembly Library/Bee/artifacts/1900b0aE.dag/Assembly-CSharp.dll, with 149 defines and 254 references

processors: zzzUnity.Burst.CodeGen.BurstILPostProcessor

1 processor(s) skipped this assembly
[176/182    0s] CopyFiles Library/ScriptAssemblies/Assembly-CSharp.pdb
[177/182    0s] CopyFiles Library/ScriptAssemblies/Assembly-CSharp.dll
[178/182    1s] Csc Library/Bee/artifacts/1900b0aE.dag/Assembly-CSharp-Editor.dll (+2 others)
[179/182    0s] ILPostProcess Library/Bee/artifacts/1900b0aE.dag/post-processed/Assembly-CSharp-Editor.dll (+pdb)
Processing assembly Library/Bee/artifacts/1900b0aE.dag/Assembly-CSharp-Editor.dll, with 147 defines and 296 references

processors: zzzUnity.Burst.CodeGen.BurstILPostProcessor

1 processor(s) skipped this assembly
[180/182    0s] CopyFiles Library/ScriptAssemblies/Assembly-CSharp-Editor.pdb
[181/182    0s] CopyFiles Library/ScriptAssemblies/Assembly-CSharp-Editor.dll
*** Tundra build success (6.04 seconds), 9 items updated, 182 evaluated
Assets\JoyconManager.cs(20,25): warning UAC1001: Field 'j' type 'Joycon' is skipped by serialization (missing the [Serializable] attribute). Refer to the Serialization rules analyzer reference. (https://docs.unity3d.com/6000.6/Documentation/Manual/script-serialization-analyzer.html#uac1001)
AssetDatabase: script compilation time: 8.851464s
Total cache size 36826192
Total cache size after purge 36826192, took 00:00:00.2090476
Begin MonoManager ReloadAssembly
Native extension for WindowsStandalone target not found
Native extension for WebGL target not found
ScheduleIndexationOnStartup MainProcess:True IndexOnStartup:True
Scripting: successfully reloaded assembly
- Finished resetting the current domain, in  1.535 seconds
Domain Reload Profiling: 3508ms
	BeginReloadAssembly (1183ms)
		DisableScriptedObjects (159ms)
		CreateAndSetChildDomain (208ms)
	RebuildCommonClasses (36ms)
	RebuildNativeTypeToScriptingClass (46ms)
	initialDomainReloadingComplete (250ms)
	LoadAllAssembliesAndSetupDomain (453ms)
		LoadAssemblies (567ms)
		TypeCache.Refresh (10ms)
		AnalyzeDomain (15ms)
			BuildScriptInfoCaches (9ms)
	FinalizeReload (1539ms)
		SetupLoadedEditorAssemblies (0ms)
			LogAssemblyErrors (6ms)
			InitializePlatformSupportModulesInManaged (6ms)
			BeforeProcessingInitializeOnLoad (289ms)
			ProcessInitializeOnLoadAttributes (211ms)
			ProcessInitializeOnLoadMethodAttributes (194ms)
			AfterProcessingInitializeOnLoad (14ms)
		AwakeInstancesAfterBackupRestoration (99ms)
Starting new worker id: 0 with log in C:/Users/satos/research/outdoor_seld_e2e/out/streetscape_review_2026-09-05/review_project/Logs/AssetImportWorkerHW0.log

Asset Pipeline Refresh (id=591256185b2d46c46818f1951ea3c98b): Total: 13.526 seconds - Initiated by InitialRefreshV2(ForceSynchronousImport)
	(Values over 0.05ms)
	Summary:
		Imports: total=0 (actual=0, local cache=0, cache server=0)
		Asset DB Process Time: managed=0 ms, native=2073 ms
		Asset DB Callback time: managed=228 ms, native=82 ms
		Scripting: domain reloads=1, domain reload time=2259 ms, compile time=8865 ms, other=16 ms
		Project Asset Count: scripts=35, non-scripts=7
		Asset File Changes: new=0, changed=2, moved=0, deleted=0
		Scan Filter Count: 0
	InvokePackagesCallback: 87.057ms
	ApplyChangesToAssetFolders: 0.706ms
	Scan: 91.274ms
	Collect global state as custom dependencies: 58.782ms
	OnSourceAssetsModified: 3.937ms
	CategorizeScriptCompilationAssets: 0.600ms
	ProcessAssetsWithTransientArtifactChanges: 6.989ms
	CategorizeAssets: 2.236ms
	CompileScripts: 8864.580ms
	ImportOutOfDateAssets: 1623.351ms (1547.882ms without children)
		UnloadImportedAssets: 0.332ms
		EnsureUptoDateAssetsAreRegisteredWithGuidPM: 0.050ms
		ImportSchedulerStart: 75.075ms
	PostProcessAllAssets: 238.471ms
		VCAutoAddAssetPostprocess 6.339ms
		PostProcessCallbackCreateDeferredMaterials 1.386ms
		ShaderAssetModifiedCallback 0.553ms
		WindowTitlePostprocess 0.397ms
		Canvas.OnAllAssetImport 0.299ms
		MonoPostProcessAllAssets: 225.938ms
			AssetPostprocessor.OnPostprocessAllAssets 47.205ms
			WindowAssetPostprocessingWatcher.OnPostprocessAllAssets 40.227ms
			StyleCatalogPostProcessor.OnPostprocessAllAssets 36.556ms
			BuilderAssetPostprocessor.OnPostprocessAllAssets 25.057ms
			SyncVS.PostprocessSyncProject 13.833ms
			RetainedModeAssetPostprocessor.OnPostprocessAllAssets 7.396ms
			AssetChangedListener.OnPostprocessAllAssets 6.816ms
			TextAssetPostProcessor.OnPostprocessAllAssets 4.911ms
			EditModeScopePostprocessor.OnPostprocessAllAssets 3.391ms
			SpeedTree9Postprocessor.OnPostprocessAllAssets 3.109ms
			ArtifactBrowserPostProcessor.OnPostprocessAllAssets 2.522ms
			AudioMixerPostprocessor.OnPostprocessAllAssets 1.467ms
			ReferencedClipsPostProcessor.OnPostprocessAllAssets 1.100ms
			AssetEvents.OnPostprocessAllAssets 1.019ms
			TerrainToolbarOverlayPostProcessor.OnPostprocessAllAssets 0.997ms
			SpeedTreePostProcessor.OnPostprocessAllAssets 0.880ms
			ThemePostprocessor.OnPostprocessAllAssets 0.765ms
			AssetDatabaseCallbacks.OnPostprocessAllAssets 0.708ms
			RenderPipelineGlobalSettingsPostprocessor.OnPostprocessAllAssets 0.568ms
			ConfigAssetsTracker.OnPostprocessAllAssets 0.533ms
			ScenarioDriftAssetsTracker.OnPostprocessAllAssets 0.466ms
			AudioContainerPostProcessor.OnPostprocessAllAssets 0.295ms
	PostAssetChangesProfiler: 3.792ms
	UnloadStreamsBegin: 3.194ms
	Untracked: 2470.080ms

Application.AssetDatabase Initial Refresh End
Launched and connected shader compiler UnityShaderCompiler.exe after 0.12 seconds
Scanning for USB devices : 19.511ms
Initializing Unity extensions:
[MODES] ModeService[none].Initialize
[MODES] ModeService[none].LoadModes
[MODES] Loading mode Default (0) for mode-current-id-JoyconDemo
Unloading 3 Unused Serialized files (Serialized files now loaded: 0)
Unloading 21 unused Assets / (486.7 KB). Loaded Objects now: 746.
Memory consumption went from 216.8 MB to 216.3 MB.
Total: 25.273100 ms (FindLiveObjects: 0.895700 ms CreateObjectMapping: 0.027900 ms MarkObjects: 19.876300 ms  DeleteObjects: 3.834400 ms)

Unloading 1 Unused Serialized files (Serialized files now loaded: 0)
Unloading 0 unused Assets / (Unknown). Loaded Objects now: 748.
Memory consumption went from 216.8 MB to 216.8 MB.
Total: 16.967500 ms (FindLiveObjects: 0.311200 ms CreateObjectMapping: 0.018200 ms MarkObjects: 16.436300 ms  DeleteObjects: 0.017000 ms)

STREET_REVIEW 0 前から対向車と、遠くを追い越す車 PASS 1005 ms
UnityEngine.Debug:ExtractStackTraceNoAlloc (byte*,int,string)
UnityEngine.StackTraceUtility:ExtractStackTrace ()
UnityEngine.DebugLogHandler:Internal_Log (UnityEngine.LogType,UnityEngine.LogOption,string,UnityEngine.Object)
UnityEngine.DebugLogHandler:LogFormat (UnityEngine.LogType,UnityEngine.Object,string,object[])
UnityEngine.Logger:Log (UnityEngine.LogType,object)
UnityEngine.Debug:Log (object)
StreetscapeReview:Run () (at Assets/Editor/StreetscapeReview.cs:53)

(Filename: Assets/Editor/StreetscapeReview.cs Line: 53)

Unloading 2 Unused Serialized files (Serialized files now loaded: 0)
Unloading 1 unused Assets / (346 B). Loaded Objects now: 763.
Memory consumption went from 220.3 MB to 220.3 MB.
Total: 19.439300 ms (FindLiveObjects: 0.372800 ms CreateObjectMapping: 0.040900 ms MarkObjects: 18.489400 ms  DeleteObjects: 0.076500 ms)

STREET_REVIEW 1 複合_前から車と後ろから自転車ベル PASS 598 ms
UnityEngine.Debug:ExtractStackTraceNoAlloc (byte*,int,string)
UnityEngine.StackTraceUtility:ExtractStackTrace ()
UnityEngine.DebugLogHandler:Internal_Log (UnityEngine.LogType,UnityEngine.LogOption,string,UnityEngine.Object)
UnityEngine.DebugLogHandler:LogFormat (UnityEngine.LogType,UnityEngine.Object,string,object[])
UnityEngine.Logger:Log (UnityEngine.LogType,object)
UnityEngine.Debug:Log (object)
StreetscapeReview:Run () (at Assets/Editor/StreetscapeReview.cs:53)

(Filename: Assets/Editor/StreetscapeReview.cs Line: 53)

Unloading 1 Unused Serialized files (Serialized files now loaded: 0)
Unloading 1 unused Assets / (115 B). Loaded Objects now: 763.
Memory consumption went from 220.3 MB to 220.3 MB.
Total: 13.235600 ms (FindLiveObjects: 0.277100 ms CreateObjectMapping: 0.015000 ms MarkObjects: 12.483300 ms  DeleteObjects: 0.079100 ms)

STREET_REVIEW 2 路地_ゆっくり抜けていく車 PASS 525 ms
UnityEngine.Debug:ExtractStackTraceNoAlloc (byte*,int,string)
UnityEngine.StackTraceUtility:ExtractStackTrace ()
UnityEngine.DebugLogHandler:Internal_Log (UnityEngine.LogType,UnityEngine.LogOption,string,UnityEngine.Object)
UnityEngine.DebugLogHandler:LogFormat (UnityEngine.LogType,UnityEngine.Object,string,object[])
UnityEngine.Logger:Log (UnityEngine.LogType,object)
UnityEngine.Debug:Log (object)
StreetscapeReview:Run () (at Assets/Editor/StreetscapeReview.cs:53)

(Filename: Assets/Editor/StreetscapeReview.cs Line: 53)

Unloading 1 Unused Serialized files (Serialized files now loaded: 0)
Unloading 1 unused Assets / (2.6 KB). Loaded Objects now: 763.
Memory consumption went from 220.3 MB to 220.3 MB.
Total: 16.383000 ms (FindLiveObjects: 0.292400 ms CreateObjectMapping: 0.016800 ms MarkObjects: 15.841000 ms  DeleteObjects: 0.073300 ms)

STREET_REVIEW 3 路地_前から対向車 PASS 689 ms
UnityEngine.Debug:ExtractStackTraceNoAlloc (byte*,int,string)
UnityEngine.StackTraceUtility:ExtractStackTrace ()
UnityEngine.DebugLogHandler:Internal_Log (UnityEngine.LogType,UnityEngine.LogOption,string,UnityEngine.Object)
UnityEngine.DebugLogHandler:LogFormat (UnityEngine.LogType,UnityEngine.Object,string,object[])
UnityEngine.Logger:Log (UnityEngine.LogType,object)
UnityEngine.Debug:Log (object)
StreetscapeReview:Run () (at Assets/Editor/StreetscapeReview.cs:53)

(Filename: Assets/Editor/StreetscapeReview.cs Line: 53)

Unloading 1 Unused Serialized files (Serialized files now loaded: 0)
Unloading 1 unused Assets / (0.8 KB). Loaded Objects now: 763.
Memory consumption went from 220.3 MB to 220.3 MB.
Total: 18.370500 ms (FindLiveObjects: 0.335700 ms CreateObjectMapping: 0.019700 ms MarkObjects: 17.764000 ms  DeleteObjects: 0.075300 ms)

STREET_REVIEW 4 路地_後ろからゆっくり車_至近 PASS 627 ms
UnityEngine.Debug:ExtractStackTraceNoAlloc (byte*,int,string)
UnityEngine.StackTraceUtility:ExtractStackTrace ()
UnityEngine.DebugLogHandler:Internal_Log (UnityEngine.LogType,UnityEngine.LogOption,string,UnityEngine.Object)
UnityEngine.DebugLogHandler:LogFormat (UnityEngine.LogType,UnityEngine.Object,string,object[])
UnityEngine.Logger:Log (UnityEngine.LogType,object)
UnityEngine.Debug:Log (object)
StreetscapeReview:Run () (at Assets/Editor/StreetscapeReview.cs:53)

(Filename: Assets/Editor/StreetscapeReview.cs Line: 53)

Unloading 1 Unused Serialized files (Serialized files now loaded: 0)
Unloading 1 unused Assets / (0.8 KB). Loaded Objects now: 763.
Memory consumption went from 220.3 MB to 220.3 MB.
Total: 18.249600 ms (FindLiveObjects: 0.277000 ms CreateObjectMapping: 0.015200 ms MarkObjects: 17.680600 ms  DeleteObjects: 0.074600 ms)

STREET_REVIEW 5 路肩に停車中の車が発進して走り去る PASS 636 ms
UnityEngine.Debug:ExtractStackTraceNoAlloc (byte*,int,string)
UnityEngine.StackTraceUtility:ExtractStackTrace ()
UnityEngine.DebugLogHandler:Internal_Log (UnityEngine.LogType,UnityEngine.LogOption,string,UnityEngine.Object)
UnityEngine.DebugLogHandler:LogFormat (UnityEngine.LogType,UnityEngine.Object,string,object[])
UnityEngine.Logger:Log (UnityEngine.LogType,object)
UnityEngine.Debug:Log (object)
StreetscapeReview:Run () (at Assets/Editor/StreetscapeReview.cs:53)

(Filename: Assets/Editor/StreetscapeReview.cs Line: 53)

Unloading 1 Unused Serialized files (Serialized files now loaded: 0)
Unloading 1 unused Assets / (0.8 KB). Loaded Objects now: 763.
Memory consumption went from 220.3 MB to 220.3 MB.
Total: 16.557000 ms (FindLiveObjects: 0.304700 ms CreateObjectMapping: 0.010000 ms MarkObjects: 15.932300 ms  DeleteObjects: 0.102600 ms)

STREET_REVIEW 6 静かな住宅街_何も来ない PASS 598 ms
UnityEngine.Debug:ExtractStackTraceNoAlloc (byte*,int,string)
UnityEngine.StackTraceUtility:ExtractStackTrace ()
UnityEngine.DebugLogHandler:Internal_Log (UnityEngine.LogType,UnityEngine.LogOption,string,UnityEngine.Object)
UnityEngine.DebugLogHandler:LogFormat (UnityEngine.LogType,UnityEngine.Object,string,object[])
UnityEngine.Logger:Log (UnityEngine.LogType,object)
UnityEngine.Debug:Log (object)
StreetscapeReview:Run () (at Assets/Editor/StreetscapeReview.cs:53)

(Filename: Assets/Editor/StreetscapeReview.cs Line: 53)

Unloading 1 Unused Serialized files (Serialized files now loaded: 0)
Unloading 1 unused Assets / (0.9 KB). Loaded Objects now: 763.
Memory consumption went from 220.3 MB to 220.3 MB.
Total: 18.066500 ms (FindLiveObjects: 0.659800 ms CreateObjectMapping: 0.042700 ms MarkObjects: 17.013700 ms  DeleteObjects: 0.068300 ms)

STREET_REVIEW 7 バス停_バスが真横に停車して発進 PASS 664 ms
UnityEngine.Debug:ExtractStackTraceNoAlloc (byte*,int,string)
UnityEngine.StackTraceUtility:ExtractStackTrace ()
UnityEngine.DebugLogHandler:Internal_Log (UnityEngine.LogType,UnityEngine.LogOption,string,UnityEngine.Object)
UnityEngine.DebugLogHandler:LogFormat (UnityEngine.LogType,UnityEngine.Object,string,object[])
UnityEngine.Logger:Log (UnityEngine.LogType,object)
UnityEngine.Debug:Log (object)
StreetscapeReview:Run () (at Assets/Editor/StreetscapeReview.cs:53)

(Filename: Assets/Editor/StreetscapeReview.cs Line: 53)

Unloading 1 Unused Serialized files (Serialized files now loaded: 0)
Unloading 1 unused Assets / (2.4 KB). Loaded Objects now: 760.
Memory consumption went from 220.3 MB to 220.3 MB.
Total: 16.215500 ms (FindLiveObjects: 0.325100 ms CreateObjectMapping: 0.018000 ms MarkObjects: 15.622700 ms  DeleteObjects: 0.074900 ms)

STREET_REVIEW 8 交差点の角で待つ_前の道路を車が横切る PASS 408 ms
UnityEngine.Debug:ExtractStackTraceNoAlloc (byte*,int,string)
UnityEngine.StackTraceUtility:ExtractStackTrace ()
UnityEngine.DebugLogHandler:Internal_Log (UnityEngine.LogType,UnityEngine.LogOption,string,UnityEngine.Object)
UnityEngine.DebugLogHandler:LogFormat (UnityEngine.LogType,UnityEngine.Object,string,object[])
UnityEngine.Logger:Log (UnityEngine.LogType,object)
UnityEngine.Debug:Log (object)
StreetscapeReview:Run () (at Assets/Editor/StreetscapeReview.cs:53)

(Filename: Assets/Editor/StreetscapeReview.cs Line: 53)

Unloading 1 Unused Serialized files (Serialized files now loaded: 0)
Unloading 1 unused Assets / (3.2 KB). Loaded Objects now: 760.
Memory consumption went from 220.3 MB to 220.3 MB.
Total: 13.150800 ms (FindLiveObjects: 0.304900 ms CreateObjectMapping: 0.014500 ms MarkObjects: 12.570900 ms  DeleteObjects: 0.097900 ms)

STREET_REVIEW 9 左折巻き込み_後ろの車が目の前で左折 PASS 774 ms
UnityEngine.Debug:ExtractStackTraceNoAlloc (byte*,int,string)
UnityEngine.StackTraceUtility:ExtractStackTrace ()
UnityEngine.DebugLogHandler:Internal_Log (UnityEngine.LogType,UnityEngine.LogOption,string,UnityEngine.Object)
UnityEngine.DebugLogHandler:LogFormat (UnityEngine.LogType,UnityEngine.Object,string,object[])
UnityEngine.Logger:Log (UnityEngine.LogType,object)
UnityEngine.Debug:Log (object)
StreetscapeReview:Run () (at Assets/Editor/StreetscapeReview.cs:53)

(Filename: Assets/Editor/StreetscapeReview.cs Line: 53)

Unloading 1 Unused Serialized files (Serialized files now loaded: 0)
Unloading 1 unused Assets / (3.2 KB). Loaded Objects now: 760.
Memory consumption went from 220.4 MB to 220.4 MB.
Total: 15.372200 ms (FindLiveObjects: 0.309500 ms CreateObjectMapping: 0.018000 ms MarkObjects: 14.815400 ms  DeleteObjects: 0.064800 ms)

STREET_REVIEW 10 幹線_信号待ちで車が次々 PASS 571 ms
UnityEngine.Debug:ExtractStackTraceNoAlloc (byte*,int,string)
UnityEngine.StackTraceUtility:ExtractStackTrace ()
UnityEngine.DebugLogHandler:Internal_Log (UnityEngine.LogType,UnityEngine.LogOption,string,UnityEngine.Object)
UnityEngine.DebugLogHandler:LogFormat (UnityEngine.LogType,UnityEngine.Object,string,object[])
UnityEngine.Logger:Log (UnityEngine.LogType,object)
UnityEngine.Debug:Log (object)
StreetscapeReview:Run () (at Assets/Editor/StreetscapeReview.cs:53)

(Filename: Assets/Editor/StreetscapeReview.cs Line: 53)

Unloading 1 Unused Serialized files (Serialized files now loaded: 0)
Unloading 1 unused Assets / (2.6 KB). Loaded Objects now: 760.
Memory consumption went from 220.4 MB to 220.4 MB.
Total: 13.292000 ms (FindLiveObjects: 0.312000 ms CreateObjectMapping: 0.017400 ms MarkObjects: 12.724500 ms  DeleteObjects: 0.076000 ms)

STREET_REVIEW 11 幹線歩道_車3台が連続 PASS 510 ms
UnityEngine.Debug:ExtractStackTraceNoAlloc (byte*,int,string)
UnityEngine.StackTraceUtility:ExtractStackTrace ()
UnityEngine.DebugLogHandler:Internal_Log (UnityEngine.LogType,UnityEngine.LogOption,string,UnityEngine.Object)
UnityEngine.DebugLogHandler:LogFormat (UnityEngine.LogType,UnityEngine.Object,string,object[])
UnityEngine.Logger:Log (UnityEngine.LogType,object)
UnityEngine.Debug:Log (object)
StreetscapeReview:Run () (at Assets/Editor/StreetscapeReview.cs:53)

(Filename: Assets/Editor/StreetscapeReview.cs Line: 53)

Unloading 1 Unused Serialized files (Serialized files now loaded: 0)
Unloading 1 unused Assets / (1.5 KB). Loaded Objects now: 760.
Memory consumption went from 220.5 MB to 220.5 MB.
Total: 16.601100 ms (FindLiveObjects: 0.442200 ms CreateObjectMapping: 0.054100 ms MarkObjects: 15.842200 ms  DeleteObjects: 0.080400 ms)

STREET_REVIEW 12 横断歩道を渡る途中_右から車が減速して横切る PASS 466 ms
UnityEngine.Debug:ExtractStackTraceNoAlloc (byte*,int,string)
UnityEngine.StackTraceUtility:ExtractStackTrace ()
UnityEngine.DebugLogHandler:Internal_Log (UnityEngine.LogType,UnityEngine.LogOption,string,UnityEngine.Object)
UnityEngine.DebugLogHandler:LogFormat (UnityEngine.LogType,UnityEngine.Object,string,object[])
UnityEngine.Logger:Log (UnityEngine.LogType,object)
UnityEngine.Debug:Log (object)
StreetscapeReview:Run () (at Assets/Editor/StreetscapeReview.cs:53)

(Filename: Assets/Editor/StreetscapeReview.cs Line: 53)

Unloading 1 Unused Serialized files (Serialized files now loaded: 0)
Unloading 1 unused Assets / (2.7 KB). Loaded Objects now: 760.
Memory consumption went from 220.5 MB to 220.5 MB.
Total: 13.585600 ms (FindLiveObjects: 0.271600 ms CreateObjectMapping: 0.013900 ms MarkObjects: 13.075000 ms  DeleteObjects: 0.063700 ms)

STREET_REVIEW 13 踏切_警報だけで列車はまだ PASS 559 ms
UnityEngine.Debug:ExtractStackTraceNoAlloc (byte*,int,string)
UnityEngine.StackTraceUtility:ExtractStackTrace ()
UnityEngine.DebugLogHandler:Internal_Log (UnityEngine.LogType,UnityEngine.LogOption,string,UnityEngine.Object)
UnityEngine.DebugLogHandler:LogFormat (UnityEngine.LogType,UnityEngine.Object,string,object[])
UnityEngine.Logger:Log (UnityEngine.LogType,object)
UnityEngine.Debug:Log (object)
StreetscapeReview:Run () (at Assets/Editor/StreetscapeReview.cs:53)

(Filename: Assets/Editor/StreetscapeReview.cs Line: 53)

Unloading 1 Unused Serialized files (Serialized files now loaded: 0)
Unloading 1 unused Assets / (3.2 KB). Loaded Objects now: 760.
Memory consumption went from 220.6 MB to 220.6 MB.
Total: 17.093100 ms (FindLiveObjects: 0.292800 ms CreateObjectMapping: 0.019100 ms MarkObjects: 16.523300 ms  DeleteObjects: 0.074600 ms)

Worker ready: AssetImportWorkerHW0 0
STREET_REVIEW 14 踏切で待つ_列車が目の前を通過 PASS 656 ms
UnityEngine.Debug:ExtractStackTraceNoAlloc (byte*,int,string)
UnityEngine.StackTraceUtility:ExtractStackTrace ()
UnityEngine.DebugLogHandler:Internal_Log (UnityEngine.LogType,UnityEngine.LogOption,string,UnityEngine.Object)
UnityEngine.DebugLogHandler:LogFormat (UnityEngine.LogType,UnityEngine.Object,string,object[])
UnityEngine.Logger:Log (UnityEngine.LogType,object)
UnityEngine.Debug:Log (object)
StreetscapeReview:Run () (at Assets/Editor/StreetscapeReview.cs:53)

(Filename: Assets/Editor/StreetscapeReview.cs Line: 53)

Unloading 1 Unused Serialized files (Serialized files now loaded: 0)
Unloading 1 unused Assets / (0.7 KB). Loaded Objects now: 760.
Memory consumption went from 221.1 MB to 221.1 MB.
Total: 31.608200 ms (FindLiveObjects: 0.326800 ms CreateObjectMapping: 0.016900 ms MarkObjects: 30.859900 ms  DeleteObjects: 0.170900 ms)

STREET_REVIEW 15 高架下_頭上を列車が通過_後ろから車 PASS 1322 ms
UnityEngine.Debug:ExtractStackTraceNoAlloc (byte*,int,string)
UnityEngine.StackTraceUtility:ExtractStackTrace ()
UnityEngine.DebugLogHandler:Internal_Log (UnityEngine.LogType,UnityEngine.LogOption,string,UnityEngine.Object)
UnityEngine.DebugLogHandler:LogFormat (UnityEngine.LogType,UnityEngine.Object,string,object[])
UnityEngine.Logger:Log (UnityEngine.LogType,object)
UnityEngine.Debug:Log (object)
StreetscapeReview:Run () (at Assets/Editor/StreetscapeReview.cs:53)

(Filename: Assets/Editor/StreetscapeReview.cs Line: 53)

Unloading 1 Unused Serialized files (Serialized files now loaded: 0)
Unloading 1 unused Assets / (112 B). Loaded Objects now: 763.
Memory consumption went from 221.2 MB to 221.2 MB.
Total: 42.653100 ms (FindLiveObjects: 0.399400 ms CreateObjectMapping: 0.016500 ms MarkObjects: 41.974100 ms  DeleteObjects: 0.079100 ms)

STREET_REVIEW 16 宅配バイクが後ろから来て停止_発進 PASS 673 ms
UnityEngine.Debug:ExtractStackTraceNoAlloc (byte*,int,string)
UnityEngine.StackTraceUtility:ExtractStackTrace ()
UnityEngine.DebugLogHandler:Internal_Log (UnityEngine.LogType,UnityEngine.LogOption,string,UnityEngine.Object)
UnityEngine.DebugLogHandler:LogFormat (UnityEngine.LogType,UnityEngine.Object,string,object[])
UnityEngine.Logger:Log (UnityEngine.LogType,object)
UnityEngine.Debug:Log (object)
StreetscapeReview:Run () (at Assets/Editor/StreetscapeReview.cs:53)

(Filename: Assets/Editor/StreetscapeReview.cs Line: 53)

Unloading 1 Unused Serialized files (Serialized files now loaded: 0)
Unloading 1 unused Assets / (2.6 KB). Loaded Objects now: 763.
Memory consumption went from 221.2 MB to 221.2 MB.
Total: 15.768300 ms (FindLiveObjects: 0.286300 ms CreateObjectMapping: 0.018300 ms MarkObjects: 15.101200 ms  DeleteObjects: 0.074600 ms)

STREET_REVIEW 17 後ろからキックボード PASS 661 ms
UnityEngine.Debug:ExtractStackTraceNoAlloc (byte*,int,string)
UnityEngine.StackTraceUtility:ExtractStackTrace ()
UnityEngine.DebugLogHandler:Internal_Log (UnityEngine.LogType,UnityEngine.LogOption,string,UnityEngine.Object)
UnityEngine.DebugLogHandler:LogFormat (UnityEngine.LogType,UnityEngine.Object,string,object[])
UnityEngine.Logger:Log (UnityEngine.LogType,object)
UnityEngine.Debug:Log (object)
StreetscapeReview:Run () (at Assets/Editor/StreetscapeReview.cs:53)

(Filename: Assets/Editor/StreetscapeReview.cs Line: 53)

Unloading 1 Unused Serialized files (Serialized files now loaded: 0)
Unloading 1 unused Assets / (1.7 KB). Loaded Objects now: 763.
Memory consumption went from 221.2 MB to 221.2 MB.
Total: 16.176400 ms (FindLiveObjects: 0.296500 ms CreateObjectMapping: 0.017600 ms MarkObjects: 15.616500 ms  DeleteObjects: 0.078900 ms)

STREET_REVIEW 18 後ろからバイク PASS 580 ms
UnityEngine.Debug:ExtractStackTraceNoAlloc (byte*,int,string)
UnityEngine.StackTraceUtility:ExtractStackTrace ()
UnityEngine.DebugLogHandler:Internal_Log (UnityEngine.LogType,UnityEngine.LogOption,string,UnityEngine.Object)
UnityEngine.DebugLogHandler:LogFormat (UnityEngine.LogType,UnityEngine.Object,string,object[])
UnityEngine.Logger:Log (UnityEngine.LogType,object)
UnityEngine.Debug:Log (object)
StreetscapeReview:Run () (at Assets/Editor/StreetscapeReview.cs:53)

(Filename: Assets/Editor/StreetscapeReview.cs Line: 53)

Unloading 1 Unused Serialized files (Serialized files now loaded: 0)
Unloading 1 unused Assets / (3.2 KB). Loaded Objects now: 763.
Memory consumption went from 221.2 MB to 221.2 MB.
Total: 18.908400 ms (FindLiveObjects: 0.313300 ms CreateObjectMapping: 0.015600 ms MarkObjects: 18.290900 ms  DeleteObjects: 0.081100 ms)

STREET_REVIEW 19 後ろから自転車ベル PASS 605 ms
UnityEngine.Debug:ExtractStackTraceNoAlloc (byte*,int,string)
UnityEngine.StackTraceUtility:ExtractStackTrace ()
UnityEngine.DebugLogHandler:Internal_Log (UnityEngine.LogType,UnityEngine.LogOption,string,UnityEngine.Object)
UnityEngine.DebugLogHandler:LogFormat (UnityEngine.LogType,UnityEngine.Object,string,object[])
UnityEngine.Logger:Log (UnityEngine.LogType,object)
UnityEngine.Debug:Log (object)
StreetscapeReview:Run () (at Assets/Editor/StreetscapeReview.cs:53)

(Filename: Assets/Editor/StreetscapeReview.cs Line: 53)

Unloading 1 Unused Serialized files (Serialized files now loaded: 0)
Unloading 1 unused Assets / (2.7 KB). Loaded Objects now: 763.
Memory consumption went from 221.2 MB to 221.2 MB.
Total: 12.665900 ms (FindLiveObjects: 0.294400 ms CreateObjectMapping: 0.015700 ms MarkObjects: 12.100300 ms  DeleteObjects: 0.079800 ms)

STREET_REVIEW 20 駐車場_バックしてくる車 PASS 169 ms
UnityEngine.Debug:ExtractStackTraceNoAlloc (byte*,int,string)
UnityEngine.StackTraceUtility:ExtractStackTrace ()
UnityEngine.DebugLogHandler:Internal_Log (UnityEngine.LogType,UnityEngine.LogOption,string,UnityEngine.Object)
UnityEngine.DebugLogHandler:LogFormat (UnityEngine.LogType,UnityEngine.Object,string,object[])
UnityEngine.Logger:Log (UnityEngine.LogType,object)
UnityEngine.Debug:Log (object)
StreetscapeReview:Run () (at Assets/Editor/StreetscapeReview.cs:53)

(Filename: Assets/Editor/StreetscapeReview.cs Line: 53)

Unloading 1 Unused Serialized files (Serialized files now loaded: 0)
Unloading 1 unused Assets / (3.2 KB). Loaded Objects now: 763.
Memory consumption went from 221.2 MB to 221.2 MB.
Total: 13.306800 ms (FindLiveObjects: 0.258900 ms CreateObjectMapping: 0.012800 ms MarkObjects: 12.784700 ms  DeleteObjects: 0.070500 ms)

STREET_REVIEW 21 クラクションを鳴らされる PASS 643 ms
UnityEngine.Debug:ExtractStackTraceNoAlloc (byte*,int,string)
UnityEngine.StackTraceUtility:ExtractStackTrace ()
UnityEngine.DebugLogHandler:Internal_Log (UnityEngine.LogType,UnityEngine.LogOption,string,UnityEngine.Object)
UnityEngine.DebugLogHandler:LogFormat (UnityEngine.LogType,UnityEngine.Object,string,object[])
UnityEngine.Logger:Log (UnityEngine.LogType,object)
UnityEngine.Debug:Log (object)
StreetscapeReview:Run () (at Assets/Editor/StreetscapeReview.cs:53)

(Filename: Assets/Editor/StreetscapeReview.cs Line: 53)

Unloading 1 Unused Serialized files (Serialized files now loaded: 0)
Unloading 1 unused Assets / (2.0 KB). Loaded Objects now: 763.
Memory consumption went from 221.2 MB to 221.2 MB.
Total: 16.265900 ms (FindLiveObjects: 0.552000 ms CreateObjectMapping: 0.016700 ms MarkObjects: 15.432900 ms  DeleteObjects: 0.069700 ms)

STREET_REVIEW 22 救急車が横を通過 PASS 1012 ms
UnityEngine.Debug:ExtractStackTraceNoAlloc (byte*,int,string)
UnityEngine.StackTraceUtility:ExtractStackTrace ()
UnityEngine.DebugLogHandler:Internal_Log (UnityEngine.LogType,UnityEngine.LogOption,string,UnityEngine.Object)
UnityEngine.DebugLogHandler:LogFormat (UnityEngine.LogType,UnityEngine.Object,string,object[])
UnityEngine.Logger:Log (UnityEngine.LogType,object)
UnityEngine.Debug:Log (object)
StreetscapeReview:Run () (at Assets/Editor/StreetscapeReview.cs:53)

(Filename: Assets/Editor/StreetscapeReview.cs Line: 53)

Unloading 1 Unused Serialized files (Serialized files now loaded: 0)
Unloading 1 unused Assets / (2.4 KB). Loaded Objects now: 763.
Memory consumption went from 221.2 MB to 221.2 MB.
Total: 16.126900 ms (FindLiveObjects: 0.286300 ms CreateObjectMapping: 0.015000 ms MarkObjects: 15.567800 ms  DeleteObjects: 0.080100 ms)

STREET_REVIEW 23 救急車が近づくだけ PASS 778 ms
UnityEngine.Debug:ExtractStackTraceNoAlloc (byte*,int,string)
UnityEngine.StackTraceUtility:ExtractStackTrace ()
UnityEngine.DebugLogHandler:Internal_Log (UnityEngine.LogType,UnityEngine.LogOption,string,UnityEngine.Object)
UnityEngine.DebugLogHandler:LogFormat (UnityEngine.LogType,UnityEngine.Object,string,object[])
UnityEngine.Logger:Log (UnityEngine.LogType,object)
UnityEngine.Debug:Log (object)
StreetscapeReview:Run () (at Assets/Editor/StreetscapeReview.cs:53)

(Filename: Assets/Editor/StreetscapeReview.cs Line: 53)

Unloading 1 Unused Serialized files (Serialized files now loaded: 0)
Unloading 1 unused Assets / (0.7 KB). Loaded Objects now: 763.
Memory consumption went from 221.2 MB to 221.2 MB.
Total: 17.134100 ms (FindLiveObjects: 0.424700 ms CreateObjectMapping: 0.026200 ms MarkObjects: 16.344900 ms  DeleteObjects: 0.077600 ms)

STREET_REVIEW 24 A_同じ車に強が再発火_束ね確認 PASS 553 ms
UnityEngine.Debug:ExtractStackTraceNoAlloc (byte*,int,string)
UnityEngine.StackTraceUtility:ExtractStackTrace ()
UnityEngine.DebugLogHandler:Internal_Log (UnityEngine.LogType,UnityEngine.LogOption,string,UnityEngine.Object)
UnityEngine.DebugLogHandler:LogFormat (UnityEngine.LogType,UnityEngine.Object,string,object[])
UnityEngine.Logger:Log (UnityEngine.LogType,object)
UnityEngine.Debug:Log (object)
StreetscapeReview:Run () (at Assets/Editor/StreetscapeReview.cs:53)

(Filename: Assets/Editor/StreetscapeReview.cs Line: 53)

Unloading 1 Unused Serialized files (Serialized files now loaded: 0)
Unloading 1 unused Assets / (2.6 KB). Loaded Objects now: 763.
Memory consumption went from 221.2 MB to 221.2 MB.
Total: 11.861700 ms (FindLiveObjects: 0.299500 ms CreateObjectMapping: 0.020700 ms MarkObjects: 11.289600 ms  DeleteObjects: 0.069200 ms)

STREET_REVIEW 25 B_中から強へ昇格_段階と連続 PASS 482 ms
UnityEngine.Debug:ExtractStackTraceNoAlloc (byte*,int,string)
UnityEngine.StackTraceUtility:ExtractStackTrace ()
UnityEngine.DebugLogHandler:Internal_Log (UnityEngine.LogType,UnityEngine.LogOption,string,UnityEngine.Object)
UnityEngine.DebugLogHandler:LogFormat (UnityEngine.LogType,UnityEngine.Object,string,object[])
UnityEngine.Logger:Log (UnityEngine.LogType,object)
UnityEngine.Debug:Log (object)
StreetscapeReview:Run () (at Assets/Editor/StreetscapeReview.cs:53)

(Filename: Assets/Editor/StreetscapeReview.cs Line: 53)

Unloading 1 Unused Serialized files (Serialized files now loaded: 0)
Unloading 1 unused Assets / (0.9 KB). Loaded Objects now: 763.
Memory consumption went from 221.2 MB to 221.2 MB.
Total: 12.534400 ms (FindLiveObjects: 0.278100 ms CreateObjectMapping: 0.015600 ms MarkObjects: 11.998200 ms  DeleteObjects: 0.073700 ms)

STREET_REVIEW 26 C_幹線歩行_車3台の連続通知 PASS 454 ms
UnityEngine.Debug:ExtractStackTraceNoAlloc (byte*,int,string)
UnityEngine.StackTraceUtility:ExtractStackTrace ()
UnityEngine.DebugLogHandler:Internal_Log (UnityEngine.LogType,UnityEngine.LogOption,string,UnityEngine.Object)
UnityEngine.DebugLogHandler:LogFormat (UnityEngine.LogType,UnityEngine.Object,string,object[])
UnityEngine.Logger:Log (UnityEngine.LogType,object)
UnityEngine.Debug:Log (object)
StreetscapeReview:Run () (at Assets/Editor/StreetscapeReview.cs:53)

(Filename: Assets/Editor/StreetscapeReview.cs Line: 53)

Unloading 1 Unused Serialized files (Serialized files now loaded: 0)
Unloading 1 unused Assets / (2.6 KB). Loaded Objects now: 763.
Memory consumption went from 221.2 MB to 221.2 MB.
Total: 14.251100 ms (FindLiveObjects: 0.452600 ms CreateObjectMapping: 0.062600 ms MarkObjects: 13.495600 ms  DeleteObjects: 0.076400 ms)

STREET_REVIEW 27 D_安全な車だけ_抑制 PASS 516 ms
UnityEngine.Debug:ExtractStackTraceNoAlloc (byte*,int,string)
UnityEngine.StackTraceUtility:ExtractStackTrace ()
UnityEngine.DebugLogHandler:Internal_Log (UnityEngine.LogType,UnityEngine.LogOption,string,UnityEngine.Object)
UnityEngine.DebugLogHandler:LogFormat (UnityEngine.LogType,UnityEngine.Object,string,object[])
UnityEngine.Logger:Log (UnityEngine.LogType,object)
UnityEngine.Debug:Log (object)
StreetscapeReview:Run () (at Assets/Editor/StreetscapeReview.cs:53)

(Filename: Assets/Editor/StreetscapeReview.cs Line: 53)

Unloading 1 Unused Serialized files (Serialized files now loaded: 0)
Unloading 1 unused Assets / (2.6 KB). Loaded Objects now: 760.
Memory consumption went from 221.2 MB to 221.2 MB.
Total: 11.799900 ms (FindLiveObjects: 0.300000 ms CreateObjectMapping: 0.014900 ms MarkObjects: 11.251100 ms  DeleteObjects: 0.070200 ms)

STREET_REVIEW 28 南西から車が交差点を抜ける_後ろから自転車ベル PASS 1092 ms
UnityEngine.Debug:ExtractStackTraceNoAlloc (byte*,int,string)
UnityEngine.StackTraceUtility:ExtractStackTrace ()
UnityEngine.DebugLogHandler:Internal_Log (UnityEngine.LogType,UnityEngine.LogOption,string,UnityEngine.Object)
UnityEngine.DebugLogHandler:LogFormat (UnityEngine.LogType,UnityEngine.Object,string,object[])
UnityEngine.Logger:Log (UnityEngine.LogType,object)
UnityEngine.Debug:Log (object)
StreetscapeReview:Run () (at Assets/Editor/StreetscapeReview.cs:53)

(Filename: Assets/Editor/StreetscapeReview.cs Line: 53)

Unloading 1 Unused Serialized files (Serialized files now loaded: 0)
Unloading 1 unused Assets / (0.8 KB). Loaded Objects now: 760.
Memory consumption went from 221.2 MB to 221.2 MB.
Total: 12.092000 ms (FindLiveObjects: 0.280200 ms CreateObjectMapping: 0.015100 ms MarkObjects: 11.553400 ms  DeleteObjects: 0.068700 ms)

STREET_REVIEW 29 正門から出て交差点を渡る_東から車 PASS 1054 ms
UnityEngine.Debug:ExtractStackTraceNoAlloc (byte*,int,string)
UnityEngine.StackTraceUtility:ExtractStackTrace ()
UnityEngine.DebugLogHandler:Internal_Log (UnityEngine.LogType,UnityEngine.LogOption,string,UnityEngine.Object)
UnityEngine.DebugLogHandler:LogFormat (UnityEngine.LogType,UnityEngine.Object,string,object[])
UnityEngine.Logger:Log (UnityEngine.LogType,object)
UnityEngine.Debug:Log (object)
StreetscapeReview:Run () (at Assets/Editor/StreetscapeReview.cs:53)

(Filename: Assets/Editor/StreetscapeReview.cs Line: 53)

Unloading 1 Unused Serialized files (Serialized files now loaded: 0)
Unloading 1 unused Assets / (2.4 KB). Loaded Objects now: 760.
Memory consumption went from 221.2 MB to 221.2 MB.
Total: 15.612300 ms (FindLiveObjects: 0.236800 ms CreateObjectMapping: 0.011600 ms MarkObjects: 15.105400 ms  DeleteObjects: 0.077900 ms)

STREET_REVIEW 30 正門前で待つ_北から車が左折_南西からも車 PASS 1077 ms
UnityEngine.Debug:ExtractStackTraceNoAlloc (byte*,int,string)
UnityEngine.StackTraceUtility:ExtractStackTrace ()
UnityEngine.DebugLogHandler:Internal_Log (UnityEngine.LogType,UnityEngine.LogOption,string,UnityEngine.Object)
UnityEngine.DebugLogHandler:LogFormat (UnityEngine.LogType,UnityEngine.Object,string,object[])
UnityEngine.Logger:Log (UnityEngine.LogType,object)
UnityEngine.Debug:Log (object)
StreetscapeReview:Run () (at Assets/Editor/StreetscapeReview.cs:53)

(Filename: Assets/Editor/StreetscapeReview.cs Line: 53)

Unloading 1 Unused Serialized files (Serialized files now loaded: 0)
Unloading 1 unused Assets / (64.8 KB). Loaded Objects now: 763.
Memory consumption went from 221.3 MB to 221.2 MB.
Total: 22.328600 ms (FindLiveObjects: 0.301500 ms CreateObjectMapping: 0.013600 ms MarkObjects: 21.751200 ms  DeleteObjects: 0.089400 ms)

STREET_REVIEW 31 歩行_渡った直後に東からの車が背中側を右折 PASS 1133 ms
UnityEngine.Debug:ExtractStackTraceNoAlloc (byte*,int,string)
UnityEngine.StackTraceUtility:ExtractStackTrace ()
UnityEngine.DebugLogHandler:Internal_Log (UnityEngine.LogType,UnityEngine.LogOption,string,UnityEngine.Object)
UnityEngine.DebugLogHandler:LogFormat (UnityEngine.LogType,UnityEngine.Object,string,object[])
UnityEngine.Logger:Log (UnityEngine.LogType,object)
UnityEngine.Debug:Log (object)
StreetscapeReview:Run () (at Assets/Editor/StreetscapeReview.cs:53)

(Filename: Assets/Editor/StreetscapeReview.cs Line: 53)

Unloading 1 Unused Serialized files (Serialized files now loaded: 0)
Unloading 1 unused Assets / (3.2 KB). Loaded Objects now: 763.
Memory consumption went from 221.2 MB to 221.2 MB.
Total: 16.972300 ms (FindLiveObjects: 0.272300 ms CreateObjectMapping: 0.014500 ms MarkObjects: 16.395900 ms  DeleteObjects: 0.112400 ms)

STREET_REVIEW 32 歩行_渡る瞬間に北からの車が目の前を左折 PASS 1062 ms
UnityEngine.Debug:ExtractStackTraceNoAlloc (byte*,int,string)
UnityEngine.StackTraceUtility:ExtractStackTrace ()
UnityEngine.DebugLogHandler:Internal_Log (UnityEngine.LogType,UnityEngine.LogOption,string,UnityEngine.Object)
UnityEngine.DebugLogHandler:LogFormat (UnityEngine.LogType,UnityEngine.Object,string,object[])
UnityEngine.Logger:Log (UnityEngine.LogType,object)
UnityEngine.Debug:Log (object)
StreetscapeReview:Run () (at Assets/Editor/StreetscapeReview.cs:53)

(Filename: Assets/Editor/StreetscapeReview.cs Line: 53)

Unloading 1 Unused Serialized files (Serialized files now loaded: 0)
Unloading 1 unused Assets / (0.8 KB). Loaded Objects now: 763.
Memory consumption went from 221.2 MB to 221.2 MB.
Total: 22.768500 ms (FindLiveObjects: 0.300000 ms CreateObjectMapping: 0.015600 ms MarkObjects: 22.132200 ms  DeleteObjects: 0.080600 ms)

STREET_REVIEW 33 クラクションを鳴らされる PASS 606 ms
UnityEngine.Debug:ExtractStackTraceNoAlloc (byte*,int,string)
UnityEngine.StackTraceUtility:ExtractStackTrace ()
UnityEngine.DebugLogHandler:Internal_Log (UnityEngine.LogType,UnityEngine.LogOption,string,UnityEngine.Object)
UnityEngine.DebugLogHandler:LogFormat (UnityEngine.LogType,UnityEngine.Object,string,object[])
UnityEngine.Logger:Log (UnityEngine.LogType,object)
UnityEngine.Debug:Log (object)
StreetscapeReview:Run () (at Assets/Editor/StreetscapeReview.cs:53)

(Filename: Assets/Editor/StreetscapeReview.cs Line: 53)

Unloading 1 Unused Serialized files (Serialized files now loaded: 0)
Unloading 1 unused Assets / (1.4 KB). Loaded Objects now: 763.
Memory consumption went from 221.2 MB to 221.2 MB.
Total: 12.763400 ms (FindLiveObjects: 0.245500 ms CreateObjectMapping: 0.011900 ms MarkObjects: 12.287300 ms  DeleteObjects: 0.063400 ms)

STREET_REVIEW 34 バス停_バスが真横に停車して発進 PASS 466 ms
UnityEngine.Debug:ExtractStackTraceNoAlloc (byte*,int,string)
UnityEngine.StackTraceUtility:ExtractStackTrace ()
UnityEngine.DebugLogHandler:Internal_Log (UnityEngine.LogType,UnityEngine.LogOption,string,UnityEngine.Object)
UnityEngine.DebugLogHandler:LogFormat (UnityEngine.LogType,UnityEngine.Object,string,object[])
UnityEngine.Logger:Log (UnityEngine.LogType,object)
UnityEngine.Debug:Log (object)
StreetscapeReview:Run () (at Assets/Editor/StreetscapeReview.cs:53)

(Filename: Assets/Editor/StreetscapeReview.cs Line: 53)

Unloading 1 Unused Serialized files (Serialized files now loaded: 0)
Unloading 1 unused Assets / (2.6 KB). Loaded Objects now: 763.
Memory consumption went from 221.2 MB to 221.2 MB.
Total: 11.237800 ms (FindLiveObjects: 0.251800 ms CreateObjectMapping: 0.008500 ms MarkObjects: 10.747300 ms  DeleteObjects: 0.070500 ms)

STREET_REVIEW 35 交差点の角で待つ_前の道路を車が横切る PASS 298 ms
UnityEngine.Debug:ExtractStackTraceNoAlloc (byte*,int,string)
UnityEngine.StackTraceUtility:ExtractStackTrace ()
UnityEngine.DebugLogHandler:Internal_Log (UnityEngine.LogType,UnityEngine.LogOption,string,UnityEngine.Object)
UnityEngine.DebugLogHandler:LogFormat (UnityEngine.LogType,UnityEngine.Object,string,object[])
UnityEngine.Logger:Log (UnityEngine.LogType,object)
UnityEngine.Debug:Log (object)
StreetscapeReview:Run () (at Assets/Editor/StreetscapeReview.cs:53)

(Filename: Assets/Editor/StreetscapeReview.cs Line: 53)

Unloading 1 Unused Serialized files (Serialized files now loaded: 0)
Unloading 1 unused Assets / (3.2 KB). Loaded Objects now: 763.
Memory consumption went from 221.4 MB to 221.4 MB.
Total: 13.086700 ms (FindLiveObjects: 0.288800 ms CreateObjectMapping: 0.016400 ms MarkObjects: 12.548500 ms  DeleteObjects: 0.069000 ms)

STREET_REVIEW 36 前から対向車と、遠くを追い越す車 PASS 490 ms
UnityEngine.Debug:ExtractStackTraceNoAlloc (byte*,int,string)
UnityEngine.StackTraceUtility:ExtractStackTrace ()
UnityEngine.DebugLogHandler:Internal_Log (UnityEngine.LogType,UnityEngine.LogOption,string,UnityEngine.Object)
UnityEngine.DebugLogHandler:LogFormat (UnityEngine.LogType,UnityEngine.Object,string,object[])
UnityEngine.Logger:Log (UnityEngine.LogType,object)
UnityEngine.Debug:Log (object)
StreetscapeReview:Run () (at Assets/Editor/StreetscapeReview.cs:53)

(Filename: Assets/Editor/StreetscapeReview.cs Line: 53)

Unloading 1 Unused Serialized files (Serialized files now loaded: 0)
Unloading 1 unused Assets / (2.0 KB). Loaded Objects now: 763.
Memory consumption went from 221.5 MB to 221.5 MB.
Total: 13.368500 ms (FindLiveObjects: 0.282100 ms CreateObjectMapping: 0.014200 ms MarkObjects: 12.200300 ms  DeleteObjects: 0.067300 ms)

STREET_REVIEW 37 南西から車が交差点を抜ける_後ろから自転車ベル PASS 1050 ms
UnityEngine.Debug:ExtractStackTraceNoAlloc (byte*,int,string)
UnityEngine.StackTraceUtility:ExtractStackTrace ()
UnityEngine.DebugLogHandler:Internal_Log (UnityEngine.LogType,UnityEngine.LogOption,string,UnityEngine.Object)
UnityEngine.DebugLogHandler:LogFormat (UnityEngine.LogType,UnityEngine.Object,string,object[])
UnityEngine.Logger:Log (UnityEngine.LogType,object)
UnityEngine.Debug:Log (object)
StreetscapeReview:Run () (at Assets/Editor/StreetscapeReview.cs:53)

(Filename: Assets/Editor/StreetscapeReview.cs Line: 53)

Unloading 1 Unused Serialized files (Serialized files now loaded: 0)
Unloading 1 unused Assets / (2.6 KB). Loaded Objects now: 760.
Memory consumption went from 221.5 MB to 221.4 MB.
Total: 12.168500 ms (FindLiveObjects: 0.309300 ms CreateObjectMapping: 0.019900 ms MarkObjects: 11.582400 ms  DeleteObjects: 0.076100 ms)

STREET_REVIEW 38 宅配バイクが後ろから来て停止_発進 PASS 382 ms
UnityEngine.Debug:ExtractStackTraceNoAlloc (byte*,int,string)
UnityEngine.StackTraceUtility:ExtractStackTrace ()
UnityEngine.DebugLogHandler:Internal_Log (UnityEngine.LogType,UnityEngine.LogOption,string,UnityEngine.Object)
UnityEngine.DebugLogHandler:LogFormat (UnityEngine.LogType,UnityEngine.Object,string,object[])
UnityEngine.Logger:Log (UnityEngine.LogType,object)
UnityEngine.Debug:Log (object)
StreetscapeReview:Run () (at Assets/Editor/StreetscapeReview.cs:53)

(Filename: Assets/Editor/StreetscapeReview.cs Line: 53)

Unloading 1 Unused Serialized files (Serialized files now loaded: 0)
Unloading 1 unused Assets / (114 B). Loaded Objects now: 760.
Memory consumption went from 221.4 MB to 221.4 MB.
Total: 13.655300 ms (FindLiveObjects: 0.304800 ms CreateObjectMapping: 0.016800 ms MarkObjects: 13.069100 ms  DeleteObjects: 0.086100 ms)

STREET_REVIEW 39 左折巻き込み_後ろの車が目の前で左折 PASS 580 ms
UnityEngine.Debug:ExtractStackTraceNoAlloc (byte*,int,string)
UnityEngine.StackTraceUtility:ExtractStackTrace ()
UnityEngine.DebugLogHandler:Internal_Log (UnityEngine.LogType,UnityEngine.LogOption,string,UnityEngine.Object)
UnityEngine.DebugLogHandler:LogFormat (UnityEngine.LogType,UnityEngine.Object,string,object[])
UnityEngine.Logger:Log (UnityEngine.LogType,object)
UnityEngine.Debug:Log (object)
StreetscapeReview:Run () (at Assets/Editor/StreetscapeReview.cs:53)

(Filename: Assets/Editor/StreetscapeReview.cs Line: 53)

Unloading 1 Unused Serialized files (Serialized files now loaded: 0)
Unloading 1 unused Assets / (1.7 KB). Loaded Objects now: 760.
Memory consumption went from 221.4 MB to 221.4 MB.
Total: 13.797200 ms (FindLiveObjects: 0.314200 ms CreateObjectMapping: 0.013400 ms MarkObjects: 13.228400 ms  DeleteObjects: 0.075900 ms)

STREET_REVIEW 40 幹線_信号待ちで車が次々 PASS 607 ms
UnityEngine.Debug:ExtractStackTraceNoAlloc (byte*,int,string)
UnityEngine.StackTraceUtility:ExtractStackTrace ()
UnityEngine.DebugLogHandler:Internal_Log (UnityEngine.LogType,UnityEngine.LogOption,string,UnityEngine.Object)
UnityEngine.DebugLogHandler:LogFormat (UnityEngine.LogType,UnityEngine.Object,string,object[])
UnityEngine.Logger:Log (UnityEngine.LogType,object)
UnityEngine.Debug:Log (object)
StreetscapeReview:Run () (at Assets/Editor/StreetscapeReview.cs:53)

(Filename: Assets/Editor/StreetscapeReview.cs Line: 53)

Unloading 1 Unused Serialized files (Serialized files now loaded: 0)
Unloading 1 unused Assets / (3.2 KB). Loaded Objects now: 760.
Memory consumption went from 221.5 MB to 221.5 MB.
Total: 13.532000 ms (FindLiveObjects: 0.317600 ms CreateObjectMapping: 0.019100 ms MarkObjects: 12.936700 ms  DeleteObjects: 0.076000 ms)

STREET_REVIEW 41 幹線歩道_車3台が連続 PASS 464 ms
UnityEngine.Debug:ExtractStackTraceNoAlloc (byte*,int,string)
UnityEngine.StackTraceUtility:ExtractStackTrace ()
UnityEngine.DebugLogHandler:Internal_Log (UnityEngine.LogType,UnityEngine.LogOption,string,UnityEngine.Object)
UnityEngine.DebugLogHandler:LogFormat (UnityEngine.LogType,UnityEngine.Object,string,object[])
UnityEngine.Logger:Log (UnityEngine.LogType,object)
UnityEngine.Debug:Log (object)
StreetscapeReview:Run () (at Assets/Editor/StreetscapeReview.cs:53)

(Filename: Assets/Editor/StreetscapeReview.cs Line: 53)

Unloading 1 Unused Serialized files (Serialized files now loaded: 0)
Unloading 1 unused Assets / (1.9 KB). Loaded Objects now: 760.
Memory consumption went from 221.5 MB to 221.5 MB.
Total: 13.248600 ms (FindLiveObjects: 0.436600 ms CreateObjectMapping: 0.020300 ms MarkObjects: 12.558000 ms  DeleteObjects: 0.070700 ms)

STREET_REVIEW 42 後ろからキックボード PASS 568 ms
UnityEngine.Debug:ExtractStackTraceNoAlloc (byte*,int,string)
UnityEngine.StackTraceUtility:ExtractStackTrace ()
UnityEngine.DebugLogHandler:Internal_Log (UnityEngine.LogType,UnityEngine.LogOption,string,UnityEngine.Object)
UnityEngine.DebugLogHandler:LogFormat (UnityEngine.LogType,UnityEngine.Object,string,object[])
UnityEngine.Logger:Log (UnityEngine.LogType,object)
UnityEngine.Debug:Log (object)
StreetscapeReview:Run () (at Assets/Editor/StreetscapeReview.cs:53)

(Filename: Assets/Editor/StreetscapeReview.cs Line: 53)

Unloading 1 Unused Serialized files (Serialized files now loaded: 0)
Unloading 1 unused Assets / (0.6 KB). Loaded Objects now: 760.
Memory consumption went from 221.5 MB to 221.5 MB.
Total: 14.018600 ms (FindLiveObjects: 0.442900 ms CreateObjectMapping: 0.020200 ms MarkObjects: 13.315200 ms  DeleteObjects: 0.070800 ms)

STREET_REVIEW 43 後ろからバイク PASS 528 ms
UnityEngine.Debug:ExtractStackTraceNoAlloc (byte*,int,string)
UnityEngine.StackTraceUtility:ExtractStackTrace ()
UnityEngine.DebugLogHandler:Internal_Log (UnityEngine.LogType,UnityEngine.LogOption,string,UnityEngine.Object)
UnityEngine.DebugLogHandler:LogFormat (UnityEngine.LogType,UnityEngine.Object,string,object[])
UnityEngine.Logger:Log (UnityEngine.LogType,object)
UnityEngine.Debug:Log (object)
StreetscapeReview:Run () (at Assets/Editor/StreetscapeReview.cs:53)

(Filename: Assets/Editor/StreetscapeReview.cs Line: 53)

Unloading 1 Unused Serialized files (Serialized files now loaded: 0)
Unloading 1 unused Assets / (3.2 KB). Loaded Objects now: 760.
Memory consumption went from 221.5 MB to 221.5 MB.
Total: 9.330900 ms (FindLiveObjects: 0.226400 ms CreateObjectMapping: 0.009800 ms MarkObjects: 8.893100 ms  DeleteObjects: 0.046800 ms)

STREET_REVIEW 44 後ろから自転車ベル PASS 477 ms
UnityEngine.Debug:ExtractStackTraceNoAlloc (byte*,int,string)
UnityEngine.StackTraceUtility:ExtractStackTrace ()
UnityEngine.DebugLogHandler:Internal_Log (UnityEngine.LogType,UnityEngine.LogOption,string,UnityEngine.Object)
UnityEngine.DebugLogHandler:LogFormat (UnityEngine.LogType,UnityEngine.Object,string,object[])
UnityEngine.Logger:Log (UnityEngine.LogType,object)
UnityEngine.Debug:Log (object)
StreetscapeReview:Run () (at Assets/Editor/StreetscapeReview.cs:53)

(Filename: Assets/Editor/StreetscapeReview.cs Line: 53)

Unloading 1 Unused Serialized files (Serialized files now loaded: 0)
Unloading 1 unused Assets / (2.7 KB). Loaded Objects now: 760.
Memory consumption went from 221.5 MB to 221.5 MB.
Total: 17.074700 ms (FindLiveObjects: 0.279200 ms CreateObjectMapping: 0.019100 ms MarkObjects: 16.485700 ms  DeleteObjects: 0.109700 ms)

STREET_REVIEW 45 救急車が横を通過 PASS 485 ms
UnityEngine.Debug:ExtractStackTraceNoAlloc (byte*,int,string)
UnityEngine.StackTraceUtility:ExtractStackTrace ()
UnityEngine.DebugLogHandler:Internal_Log (UnityEngine.LogType,UnityEngine.LogOption,string,UnityEngine.Object)
UnityEngine.DebugLogHandler:LogFormat (UnityEngine.LogType,UnityEngine.Object,string,object[])
UnityEngine.Logger:Log (UnityEngine.LogType,object)
UnityEngine.Debug:Log (object)
StreetscapeReview:Run () (at Assets/Editor/StreetscapeReview.cs:53)

(Filename: Assets/Editor/StreetscapeReview.cs Line: 53)

Unloading 1 Unused Serialized files (Serialized files now loaded: 0)
Unloading 1 unused Assets / (2.5 KB). Loaded Objects now: 760.
Memory consumption went from 221.5 MB to 221.5 MB.
Total: 13.781000 ms (FindLiveObjects: 0.274600 ms CreateObjectMapping: 0.012400 ms MarkObjects: 13.263100 ms  DeleteObjects: 0.070300 ms)

STREET_REVIEW 46 救急車が近づくだけ PASS 445 ms
UnityEngine.Debug:ExtractStackTraceNoAlloc (byte*,int,string)
UnityEngine.StackTraceUtility:ExtractStackTrace ()
UnityEngine.DebugLogHandler:Internal_Log (UnityEngine.LogType,UnityEngine.LogOption,string,UnityEngine.Object)
UnityEngine.DebugLogHandler:LogFormat (UnityEngine.LogType,UnityEngine.Object,string,object[])
UnityEngine.Logger:Log (UnityEngine.LogType,object)
UnityEngine.Debug:Log (object)
StreetscapeReview:Run () (at Assets/Editor/StreetscapeReview.cs:53)

(Filename: Assets/Editor/StreetscapeReview.cs Line: 53)

Unloading 1 Unused Serialized files (Serialized files now loaded: 0)
Unloading 1 unused Assets / (2.6 KB). Loaded Objects now: 760.
Memory consumption went from 221.5 MB to 221.5 MB.
Total: 12.127000 ms (FindLiveObjects: 0.515600 ms CreateObjectMapping: 0.018900 ms MarkObjects: 11.365900 ms  DeleteObjects: 0.067900 ms)

STREET_REVIEW 47 横断歩道を渡る途中_右から車が減速して横切る PASS 312 ms
UnityEngine.Debug:ExtractStackTraceNoAlloc (byte*,int,string)
UnityEngine.StackTraceUtility:ExtractStackTrace ()
UnityEngine.DebugLogHandler:Internal_Log (UnityEngine.LogType,UnityEngine.LogOption,string,UnityEngine.Object)
UnityEngine.DebugLogHandler:LogFormat (UnityEngine.LogType,UnityEngine.Object,string,object[])
UnityEngine.Logger:Log (UnityEngine.LogType,object)
UnityEngine.Debug:Log (object)
StreetscapeReview:Run () (at Assets/Editor/StreetscapeReview.cs:53)

(Filename: Assets/Editor/StreetscapeReview.cs Line: 53)

Unloading 1 Unused Serialized files (Serialized files now loaded: 0)
Unloading 1 unused Assets / (2.6 KB). Loaded Objects now: 760.
Memory consumption went from 221.5 MB to 221.5 MB.
Total: 14.782700 ms (FindLiveObjects: 0.363500 ms CreateObjectMapping: 0.017100 ms MarkObjects: 13.413400 ms  DeleteObjects: 0.770500 ms)

STREET_REVIEW 48 正門から出て交差点を渡る_東から車 PASS 1083 ms
UnityEngine.Debug:ExtractStackTraceNoAlloc (byte*,int,string)
UnityEngine.StackTraceUtility:ExtractStackTrace ()
UnityEngine.DebugLogHandler:Internal_Log (UnityEngine.LogType,UnityEngine.LogOption,string,UnityEngine.Object)
UnityEngine.DebugLogHandler:LogFormat (UnityEngine.LogType,UnityEngine.Object,string,object[])
UnityEngine.Logger:Log (UnityEngine.LogType,object)
UnityEngine.Debug:Log (object)
StreetscapeReview:Run () (at Assets/Editor/StreetscapeReview.cs:53)

(Filename: Assets/Editor/StreetscapeReview.cs Line: 53)

Unloading 1 Unused Serialized files (Serialized files now loaded: 0)
Unloading 1 unused Assets / (1.9 KB). Loaded Objects now: 760.
Memory consumption went from 221.5 MB to 221.5 MB.
Total: 12.551100 ms (FindLiveObjects: 0.291600 ms CreateObjectMapping: 0.016600 ms MarkObjects: 12.016000 ms  DeleteObjects: 0.069900 ms)

STREET_REVIEW 49 正門前で待つ_北から車が左折_南西からも車 PASS 1102 ms
UnityEngine.Debug:ExtractStackTraceNoAlloc (byte*,int,string)
UnityEngine.StackTraceUtility:ExtractStackTrace ()
UnityEngine.DebugLogHandler:Internal_Log (UnityEngine.LogType,UnityEngine.LogOption,string,UnityEngine.Object)
UnityEngine.DebugLogHandler:LogFormat (UnityEngine.LogType,UnityEngine.Object,string,object[])
UnityEngine.Logger:Log (UnityEngine.LogType,object)
UnityEngine.Debug:Log (object)
StreetscapeReview:Run () (at Assets/Editor/StreetscapeReview.cs:53)

(Filename: Assets/Editor/StreetscapeReview.cs Line: 53)

Unloading 1 Unused Serialized files (Serialized files now loaded: 0)
Unloading 1 unused Assets / (2.6 KB). Loaded Objects now: 763.
Memory consumption went from 221.5 MB to 221.5 MB.
Total: 13.975700 ms (FindLiveObjects: 0.278300 ms CreateObjectMapping: 0.012800 ms MarkObjects: 13.451100 ms  DeleteObjects: 0.071900 ms)

STREET_REVIEW 50 歩行_渡った直後に東からの車が背中側を右折 PASS 1085 ms
UnityEngine.Debug:ExtractStackTraceNoAlloc (byte*,int,string)
UnityEngine.StackTraceUtility:ExtractStackTrace ()
UnityEngine.DebugLogHandler:Internal_Log (UnityEngine.LogType,UnityEngine.LogOption,string,UnityEngine.Object)
UnityEngine.DebugLogHandler:LogFormat (UnityEngine.LogType,UnityEngine.Object,string,object[])
UnityEngine.Logger:Log (UnityEngine.LogType,object)
UnityEngine.Debug:Log (object)
StreetscapeReview:Run () (at Assets/Editor/StreetscapeReview.cs:53)

(Filename: Assets/Editor/StreetscapeReview.cs Line: 53)

Unloading 1 Unused Serialized files (Serialized files now loaded: 0)
Unloading 1 unused Assets / (2.6 KB). Loaded Objects now: 763.
Memory consumption went from 221.5 MB to 221.5 MB.
Total: 13.161300 ms (FindLiveObjects: 0.387000 ms CreateObjectMapping: 0.012600 ms MarkObjects: 12.530600 ms  DeleteObjects: 0.068800 ms)

STREET_REVIEW 51 歩行_渡る瞬間に北からの車が目の前を左折 PASS 1316 ms
UnityEngine.Debug:ExtractStackTraceNoAlloc (byte*,int,string)
UnityEngine.StackTraceUtility:ExtractStackTrace ()
UnityEngine.DebugLogHandler:Internal_Log (UnityEngine.LogType,UnityEngine.LogOption,string,UnityEngine.Object)
UnityEngine.DebugLogHandler:LogFormat (UnityEngine.LogType,UnityEngine.Object,string,object[])
UnityEngine.Logger:Log (UnityEngine.LogType,object)
UnityEngine.Debug:Log (object)
StreetscapeReview:Run () (at Assets/Editor/StreetscapeReview.cs:53)

(Filename: Assets/Editor/StreetscapeReview.cs Line: 53)

Unloading 1 Unused Serialized files (Serialized files now loaded: 0)
Unloading 1 unused Assets / (1.9 KB). Loaded Objects now: 763.
Memory consumption went from 221.5 MB to 221.5 MB.
Total: 17.482800 ms (FindLiveObjects: 0.281700 ms CreateObjectMapping: 0.015600 ms MarkObjects: 16.935800 ms  DeleteObjects: 0.073800 ms)

STREET_REVIEW 52 複合_前から車と後ろから自転車ベル PASS 408 ms
UnityEngine.Debug:ExtractStackTraceNoAlloc (byte*,int,string)
UnityEngine.StackTraceUtility:ExtractStackTrace ()
UnityEngine.DebugLogHandler:Internal_Log (UnityEngine.LogType,UnityEngine.LogOption,string,UnityEngine.Object)
UnityEngine.DebugLogHandler:LogFormat (UnityEngine.LogType,UnityEngine.Object,string,object[])
UnityEngine.Logger:Log (UnityEngine.LogType,object)
UnityEngine.Debug:Log (object)
StreetscapeReview:Run () (at Assets/Editor/StreetscapeReview.cs:53)

(Filename: Assets/Editor/StreetscapeReview.cs Line: 53)

Unloading 1 Unused Serialized files (Serialized files now loaded: 0)
Unloading 1 unused Assets / (0.7 KB). Loaded Objects now: 763.
Memory consumption went from 221.5 MB to 221.5 MB.
Total: 14.912500 ms (FindLiveObjects: 0.573200 ms CreateObjectMapping: 0.026700 ms MarkObjects: 13.908400 ms  DeleteObjects: 0.074800 ms)

STREET_REVIEW 53 路地_ゆっくり抜けていく車 PASS 528 ms
UnityEngine.Debug:ExtractStackTraceNoAlloc (byte*,int,string)
UnityEngine.StackTraceUtility:ExtractStackTrace ()
UnityEngine.DebugLogHandler:Internal_Log (UnityEngine.LogType,UnityEngine.LogOption,string,UnityEngine.Object)
UnityEngine.DebugLogHandler:LogFormat (UnityEngine.LogType,UnityEngine.Object,string,object[])
UnityEngine.Logger:Log (UnityEngine.LogType,object)
UnityEngine.Debug:Log (object)
StreetscapeReview:Run () (at Assets/Editor/StreetscapeReview.cs:53)

(Filename: Assets/Editor/StreetscapeReview.cs Line: 53)

Unloading 1 Unused Serialized files (Serialized files now loaded: 0)
Unloading 1 unused Assets / (2.6 KB). Loaded Objects now: 763.
Memory consumption went from 221.5 MB to 221.5 MB.
Total: 13.877700 ms (FindLiveObjects: 0.269500 ms CreateObjectMapping: 0.014600 ms MarkObjects: 13.372900 ms  DeleteObjects: 0.065800 ms)

STREET_REVIEW 54 路地_前から対向車 PASS 475 ms
UnityEngine.Debug:ExtractStackTraceNoAlloc (byte*,int,string)
UnityEngine.StackTraceUtility:ExtractStackTrace ()
UnityEngine.DebugLogHandler:Internal_Log (UnityEngine.LogType,UnityEngine.LogOption,string,UnityEngine.Object)
UnityEngine.DebugLogHandler:LogFormat (UnityEngine.LogType,UnityEngine.Object,string,object[])
UnityEngine.Logger:Log (UnityEngine.LogType,object)
UnityEngine.Debug:Log (object)
StreetscapeReview:Run () (at Assets/Editor/StreetscapeReview.cs:53)

(Filename: Assets/Editor/StreetscapeReview.cs Line: 53)

Unloading 1 Unused Serialized files (Serialized files now loaded: 0)
Unloading 1 unused Assets / (2.6 KB). Loaded Objects now: 763.
Memory consumption went from 221.5 MB to 221.5 MB.
Total: 14.404500 ms (FindLiveObjects: 0.277700 ms CreateObjectMapping: 0.014500 ms MarkObjects: 13.815300 ms  DeleteObjects: 0.086200 ms)

STREET_REVIEW 55 路地_後ろからゆっくり車_至近 PASS 537 ms
UnityEngine.Debug:ExtractStackTraceNoAlloc (byte*,int,string)
UnityEngine.StackTraceUtility:ExtractStackTrace ()
UnityEngine.DebugLogHandler:Internal_Log (UnityEngine.LogType,UnityEngine.LogOption,string,UnityEngine.Object)
UnityEngine.DebugLogHandler:LogFormat (UnityEngine.LogType,UnityEngine.Object,string,object[])
UnityEngine.Logger:Log (UnityEngine.LogType,object)
UnityEngine.Debug:Log (object)
StreetscapeReview:Run () (at Assets/Editor/StreetscapeReview.cs:53)

(Filename: Assets/Editor/StreetscapeReview.cs Line: 53)

Unloading 1 Unused Serialized files (Serialized files now loaded: 0)
Unloading 1 unused Assets / (3.2 KB). Loaded Objects now: 763.
Memory consumption went from 221.5 MB to 221.5 MB.
Total: 16.111300 ms (FindLiveObjects: 0.309800 ms CreateObjectMapping: 0.016800 ms MarkObjects: 15.535700 ms  DeleteObjects: 0.077200 ms)

STREET_REVIEW 56 路肩に停車中の車が発進して走り去る PASS 461 ms
UnityEngine.Debug:ExtractStackTraceNoAlloc (byte*,int,string)
UnityEngine.StackTraceUtility:ExtractStackTrace ()
UnityEngine.DebugLogHandler:Internal_Log (UnityEngine.LogType,UnityEngine.LogOption,string,UnityEngine.Object)
UnityEngine.DebugLogHandler:LogFormat (UnityEngine.LogType,UnityEngine.Object,string,object[])
UnityEngine.Logger:Log (UnityEngine.LogType,object)
UnityEngine.Debug:Log (object)
StreetscapeReview:Run () (at Assets/Editor/StreetscapeReview.cs:53)

(Filename: Assets/Editor/StreetscapeReview.cs Line: 53)

Unloading 1 Unused Serialized files (Serialized files now loaded: 0)
Unloading 1 unused Assets / (2.7 KB). Loaded Objects now: 760.
Memory consumption went from 221.5 MB to 221.5 MB.
Total: 15.201800 ms (FindLiveObjects: 0.289400 ms CreateObjectMapping: 0.017000 ms MarkObjects: 14.535300 ms  DeleteObjects: 0.077300 ms)

STREET_REVIEW 57 踏切_警報だけで列車はまだ PASS 533 ms
UnityEngine.Debug:ExtractStackTraceNoAlloc (byte*,int,string)
UnityEngine.StackTraceUtility:ExtractStackTrace ()
UnityEngine.DebugLogHandler:Internal_Log (UnityEngine.LogType,UnityEngine.LogOption,string,UnityEngine.Object)
UnityEngine.DebugLogHandler:LogFormat (UnityEngine.LogType,UnityEngine.Object,string,object[])
UnityEngine.Logger:Log (UnityEngine.LogType,object)
UnityEngine.Debug:Log (object)
StreetscapeReview:Run () (at Assets/Editor/StreetscapeReview.cs:53)

(Filename: Assets/Editor/StreetscapeReview.cs Line: 53)

Unloading 1 Unused Serialized files (Serialized files now loaded: 0)
Unloading 1 unused Assets / (2.6 KB). Loaded Objects now: 760.
Memory consumption went from 221.5 MB to 221.5 MB.
Total: 14.490200 ms (FindLiveObjects: 0.282300 ms CreateObjectMapping: 0.017600 ms MarkObjects: 13.945700 ms  DeleteObjects: 0.077500 ms)

STREET_REVIEW 58 踏切で待つ_列車が目の前を通過 PASS 471 ms
UnityEngine.Debug:ExtractStackTraceNoAlloc (byte*,int,string)
UnityEngine.StackTraceUtility:ExtractStackTrace ()
UnityEngine.DebugLogHandler:Internal_Log (UnityEngine.LogType,UnityEngine.LogOption,string,UnityEngine.Object)
UnityEngine.DebugLogHandler:LogFormat (UnityEngine.LogType,UnityEngine.Object,string,object[])
UnityEngine.Logger:Log (UnityEngine.LogType,object)
UnityEngine.Debug:Log (object)
StreetscapeReview:Run () (at Assets/Editor/StreetscapeReview.cs:53)

(Filename: Assets/Editor/StreetscapeReview.cs Line: 53)

Unloading 1 Unused Serialized files (Serialized files now loaded: 0)
Unloading 1 unused Assets / (0.7 KB). Loaded Objects now: 760.
Memory consumption went from 221.5 MB to 221.5 MB.
Total: 16.547400 ms (FindLiveObjects: 0.284100 ms CreateObjectMapping: 0.014200 ms MarkObjects: 16.003500 ms  DeleteObjects: 0.076800 ms)

STREET_REVIEW 59 静かな住宅街_何も来ない PASS 491 ms
UnityEngine.Debug:ExtractStackTraceNoAlloc (byte*,int,string)
UnityEngine.StackTraceUtility:ExtractStackTrace ()
UnityEngine.DebugLogHandler:Internal_Log (UnityEngine.LogType,UnityEngine.LogOption,string,UnityEngine.Object)
UnityEngine.DebugLogHandler:LogFormat (UnityEngine.LogType,UnityEngine.Object,string,object[])
UnityEngine.Logger:Log (UnityEngine.LogType,object)
UnityEngine.Debug:Log (object)
StreetscapeReview:Run () (at Assets/Editor/StreetscapeReview.cs:53)

(Filename: Assets/Editor/StreetscapeReview.cs Line: 53)

Unloading 1 Unused Serialized files (Serialized files now loaded: 0)
Unloading 1 unused Assets / (1.6 KB). Loaded Objects now: 760.
Memory consumption went from 221.5 MB to 221.5 MB.
Total: 12.370000 ms (FindLiveObjects: 0.334400 ms CreateObjectMapping: 0.015800 ms MarkObjects: 11.746900 ms  DeleteObjects: 0.069000 ms)

STREET_REVIEW 60 駐車場_バックしてくる車 PASS 149 ms
UnityEngine.Debug:ExtractStackTraceNoAlloc (byte*,int,string)
UnityEngine.StackTraceUtility:ExtractStackTrace ()
UnityEngine.DebugLogHandler:Internal_Log (UnityEngine.LogType,UnityEngine.LogOption,string,UnityEngine.Object)
UnityEngine.DebugLogHandler:LogFormat (UnityEngine.LogType,UnityEngine.Object,string,object[])
UnityEngine.Logger:Log (UnityEngine.LogType,object)
UnityEngine.Debug:Log (object)
StreetscapeReview:Run () (at Assets/Editor/StreetscapeReview.cs:53)

(Filename: Assets/Editor/StreetscapeReview.cs Line: 53)

Unloading 1 Unused Serialized files (Serialized files now loaded: 0)
Unloading 1 unused Assets / (0.7 KB). Loaded Objects now: 763.
Memory consumption went from 221.5 MB to 221.5 MB.
Total: 13.779600 ms (FindLiveObjects: 0.242700 ms CreateObjectMapping: 0.012200 ms MarkObjects: 13.264500 ms  DeleteObjects: 0.075600 ms)

STREET_REVIEW 61 高架下_頭上を列車が通過_後ろから車 PASS 434 ms
UnityEngine.Debug:ExtractStackTraceNoAlloc (byte*,int,string)
UnityEngine.StackTraceUtility:ExtractStackTrace ()
UnityEngine.DebugLogHandler:Internal_Log (UnityEngine.LogType,UnityEngine.LogOption,string,UnityEngine.Object)
UnityEngine.DebugLogHandler:LogFormat (UnityEngine.LogType,UnityEngine.Object,string,object[])
UnityEngine.Logger:Log (UnityEngine.LogType,object)
UnityEngine.Debug:Log (object)
StreetscapeReview:Run () (at Assets/Editor/StreetscapeReview.cs:53)

(Filename: Assets/Editor/StreetscapeReview.cs Line: 53)

MonoPathRemapper: Attempts to remap: 3093; Successful remaps: 0
Serialized file version minimum: 23, current 23
[Physics::Module] Cleanup current backend.
[Physics::Module] Id: 0xf2b8ea05
Input System module state changed to: ShutdownInProgress.
Input Polling Thread exited.
Input System module state changed to: Shutdown.
[Licensing::IpcConnector] LicenseClient-satos-notifications channel disconnected successfully.
[Licensing::IpcConnector] LicenseClient-satos channel disconnected successfully.
Lingering sessions upon destruction of worker manager
Unity Data Store service was successfully shut down
UDS shutting down local client system
AcceleratorClientConnectionCallback - disconnected - :0
Cleanup mono
CodeReloadManager destroyed
Checking for leaked weakptr:
  Found no leaked weakptrs.
[Package Manager] Server process was shutdown
##utp:{"type":"MemoryLeaks","version":2,"phase":"Immediate","time":1788593155623,"processId":224792,"allocatedMemory":10698149,"memoryLabels":[{"Default":156820},{"Permanent":15516},{"NewDelete":68335},{"Thread":4197984},{"Manager":30981},{"VertexData":536},{"Geometry":816},{"Texture":24},{"Shader":832697},{"Material":24},{"GfxDevice":56328},{"Animation":952},{"Audio":1272},{"FreeType":8},{"FontEngine":736},{"Physics":1970},{"Physics2D":16},{"Serialization":16768},{"Input":42840},{"JobScheduler":256},{"TextLib":280},{"Mono":48},{"ScriptingNativeRuntime":1177944},{"BaseObject":49168},{"Resource":1208},{"Renderer":2376},{"Transform":4685},{"File":4416},{"WebCam":616},{"Culling":32},{"Terrain":11442},{"Wind":24},{"STL":40},{"String":529266},{"StaticString":3808},{"Utility":2673718},{"Curl":2559},{"PoolAlloc":2168},{"AI":80},{"TypeTree":17165},{"ScriptManager":12640},{"CodeReload":448},{"RuntimeInitializeOnLoadManager":64},{"Sprites":102},{"SpriteAtlas":120},{"GI":7816},{"Director":8296},{"CloudService":7296},{"WebRequest":10783},{"VR":49650},{"SceneManager":608},{"Video":64},{"LazyScriptCache":32},{"Camera":729},{"Secure":2377},{"SerializationCache":9256},{"APIUpdating":10320},{"Subsystems":336},{"VirtualTexturing":57888},{"StaticSafetyDebugInfo":278528},{"Analytics":768},{"Hierarchy":1188},{"UIElements":40},{"CoreStats":14456},{"Identifiers":7152},{"Gui":128},{"EditorUtility":104090},{"VersionControl":8},{"Undo":931},{"AssetDatabase":136333},{"AssetImporter":40},{"EditorGi":328},{"UnityConnect":40441},{"Upm":1912},{"UpmDiagnostics":8},{"AssetCompliance":96},{"DrivenProperties":72},{"LocalIPC":260},{"ProfilerEditor":9746},{"CoreBusinessMetrics":3600},{"Windowing":456},{"Licensing":12757},{"AssetReference":32},{"IPCStream":32}]}
