VBCSCompilerPreWarmer: pre-warm launched (dotnet PID 287596)
VBCSCompiler prewarm took 52.37 ms
[Licensing::Module] Trying to connect to existing licensing client channel...
[Licensing::IpcConnector] Successfully connected to: "LicenseClient-satos" at "2026-09-05T07:35:51.0887347Z"
Built from '6000.6/respin/6000.6.0f1-fa21a270ab12' branch; Version is '6000.6.0f1 (f7f8ed4d1e24) revision 16251117'; Using compiler version '194234433'; Build Type 'Release'
OS: 'Windows 11  (10.0.26200) Core' Language: 'ja' Physical Memory: 13989 MB
BatchMode: 1, IsHumanControllingUs: 0, StartBugReporterOnCrash: 0, Is64bit: 1
System  architecture: x64
Process architecture: x64
Date: 2026-09-05T07:35:51Z
[Licensing::Client] Code 10 while verifying Licensing Client signature (process Id: 289524, path: "C:/Program Files/Unity Hub/UnityLicensingClient_V1/Unity.Licensing.Client.exe")
[Licensing::Module] LicensingClient has failed validation; ignoring
[Licensing::Client] Handshaking with LicensingClient:
  Version:                 1.18.3+d7ffd15
  Session Id:              53ec40e1264f4de08fae2a9165e02a4f
  Correlation Id:          75310c5e00f062ddb09fb59929a4bcde
  External correlation Id: 6726027395258507798
  Machine Id:              +pGsxVhBC7oefG2xQE5qOJnLbZ8=
[Licensing::Module] Successfully connected to LicensingClient on channel: "LicenseClient-satos" (connect: 0.00s, validation: 0.04s, handshake: 0.19s)
[Licensing::IpcConnector] Successfully connected to: "LicenseClient-satos-notifications" at "2026-09-05T07:35:51.3159047Z"
[Licensing::Module] Error: Access token is unavailable; failed to update
[Licensing::Client] Successfully resolved entitlement details
[Licensing::Module] License group:
  Id: 15669754532075-UnityPersXXXX
  Product: Unity Personal
  Type: Assigned
  Expiration: Unlimited
[Licensing::Client] Successfully updated license, isAsync: True, time: 0.01
[Licensing::Client] Successfully resolved entitlement details
[Licensing::Module] Licensing Background thread has ended after 0.39s

COMMAND LINE ARGUMENTS:
C:\Program Files\Unity\Hub\Editor\6000.6.0f1\Editor\Unity.exe
-batchmode
-projectPath
C:\Users\satos\research\outdoor_seld_e2e\out\streetscape_review_2026-09-05\review_project
-executeMethod
StreetscapeRuntimeReview.Run
-force-d3d11
-logFile
C:\Users\satos\research\outdoor_seld_e2e\out\streetscape_review_2026-09-05\unity_runtime_verified.log
Successfully changed project path to: C:\Users\satos\research\outdoor_seld_e2e\out\streetscape_review_2026-09-05\review_project
C:/Users/satos/research/outdoor_seld_e2e/out/streetscape_review_2026-09-05/review_project
[UnityMemory] Configuration Parameters - Can be set up in boot.config
    "memorysetup-temp-allocator-size-gi-baking-worker=262144"
    "memorysetup-temp-allocator-size-gi-baking-worker=262144"
    "memorysetup-temp-allocator-size-gi-baking-worker=262144"
    "memorysetup-temp-allocator-size-gi-baking-worker=262144"
    "memorysetup-temp-allocator-size-gi-baking-worker=262144"
    "memorysetup-temp-allocator-size-nav-mesh-worker=65536"
    "memorysetup-temp-allocator-size-audio-worker=65536"
    "memorysetup-temp-allocator-size-cloud-worker=32768"
    "memorysetup-temp-allocator-size-gfx=262144"
    "memorysetup-remapper-allocator-initial-capacity=32768"
    "memorysetup-temp-allocator-size-preload-manager=33554432"
    "memorysetup-allocator-temp-initial-block-size-main=262144"
    "memorysetup-allocator-temp-initial-block-size-worker=262144"
    "memorysetup-temp-allocator-size-job-worker=262144"
    "memorysetup-temp-allocator-size-background-worker=32768"
    "memorysetup-bucket-allocator-granularity=16"
    "memorysetup-bucket-allocator-bucket-count=8"
    "memorysetup-bucket-allocator-block-size=33554432"
    "memorysetup-bucket-allocator-block-count=8"
    "memorysetup-main-allocator-block-size=16777216"
    "memorysetup-thread-allocator-block-size=16777216"
    "memorysetup-main-allocator-mimalloc-enabled=1"
    "memorysetup-gfx-main-allocator-block-size=16777216"
    "memorysetup-gfx-thread-allocator-block-size=16777216"
    "memorysetup-cache-allocator-block-size=4194304"
    "memorysetup-typetree-allocator-block-size=2097152"
    "memorysetup-profiler-bucket-allocator-granularity=16"
    "memorysetup-profiler-bucket-allocator-bucket-count=8"
    "memorysetup-profiler-bucket-allocator-block-size=33554432"
    "memorysetup-profiler-bucket-allocator-block-count=8"
    "memorysetup-profiler-allocator-block-size=16777216"
    "memorysetup-profiler-editor-allocator-block-size=1048576"
    "memorysetup-temp-allocator-size-main=16777216"
    "memorysetup-job-temp-allocator-block-size=2097152"
    "memorysetup-job-temp-allocator-block-size-background=1048576"
    "memorysetup-job-temp-allocator-reduction-small-platforms=262144"
Logging is directed to a specific file, skipping project log.
Player connection [292784]  Target information:

Player connection [292784]  * "[IP] 10.160.228.118 [Port] 55505 [Flags] 2 [Guid] 2892782444 [EditorId] 2892782444 [Version] 1048832 [Id] WindowsEditor(7,Stoopy) [Debug] 1 [PackageName] WindowsEditor [ProjectName] Editor" 

Player connection [292784]  * "[IP] 192.168.1.15 [Port] 55505 [Flags] 2 [Guid] 2892782444 [EditorId] 2892782444 [Version] 1048832 [Id] WindowsEditor(7,Stoopy) [Debug] 1 [PackageName] WindowsEditor [ProjectName] Editor" 

Player connection [292784] Host joined multi-casting on [225.0.0.222:54997]...
Player connection [292784] Host joined alternative multi-casting on [225.0.0.222:34997]...
Input System module state changed to: Initialized.
[Physics::Module] Initialized fallback backend.
[Physics::Module] Id: 0xdecafbad
[Package Manager] Connected to IPC stream "Upm-271424" after 0.8 seconds.
[Licensing::Client] Successfully resolved entitlement details
Library Redirect Path: Library/
Launching Unity Data Store - C:/Program Files/Unity/Hub/Editor/6000.6.0f1/Editor/Data/Tools/Unity.DataStore.exe 
Unity Data Store artifact dir = Library/DataStore, working dir = C:/Users/satos/research/outdoor_seld_e2e/out/streetscape_review_2026-09-05/review_project[Physics::Module] Selected backend.
[Physics::Module] Name: PhysX
[Physics::Module] Id: 0xf2b8ea05
[Physics::Module] SDK Version: 4.1.2
[Physics::Module] Integration Version: 1.0.0
[Physics::Module] Threading Mode: Multi-Threaded
Unity Data Store running and initialised
Initialize engine version: 6000.6.0f1 (f7f8ed4d1e24)
[EntityIdStore] init: VM path (explicit commit), pageSize=4096, blockCount=1048576, entitiesPerBlock=256, slots reserved=4294967296 bytes
[Subsystems] Discovering subsystems at path C:/Program Files/Unity/Hub/Editor/6000.6.0f1/Editor/Data/Resources/UnitySubsystems
[Subsystems] Discovering subsystems at path C:/Users/satos/research/outdoor_seld_e2e/out/streetscape_review_2026-09-05/review_project/Assets
Forcing GfxDevice: Direct3D 11
GfxDevice: creating device client; kGfxThreadingModeNonThreaded
Direct3D:
    Version:  Direct3D 11.0 [level 11.1]
    Renderer: AMD Radeon(TM) 820M Graphics (ID=0x1902)
    Vendor:   ATI
    VRAM:     6994 MB
    Driver:   32.0.22054.3001
Initialize mono
Mono path[0] = 'C:/Program Files/Unity/Hub/Editor/6000.6.0f1/Editor/Data/Managed'
Mono path[1] = 'C:/Program Files/Unity/Hub/Editor/6000.6.0f1/Editor/Data/BCLExtensions/runtime/netstandard2.1'
Mono path[2] = 'C:/Program Files/Unity/Hub/Editor/6000.6.0f1/Editor/Data/MonoBleedingEdge/lib/mono/unityjit-win32'
Mono config path = 'C:/Program Files/Unity/Hub/Editor/6000.6.0f1/Editor/Data/MonoBleedingEdge/etc'
Using monoOptions --debugger-agent=transport=dt_socket,embedding=1,server=y,suspend=n,address=127.0.0.1:56424
CodeReloadManager initialized
ImportWorker Server TCP listen port: 0
AcceleratorClientConnectionCallback - disconnected - :0
Begin MonoManager ReloadAssembly
Registering precompiled unity dll's ...
Register platform support module: C:/Program Files/Unity/Hub/Editor/6000.6.0f1/Editor/Data/PlaybackEngines/WebGLSupport/UnityEditor.WebGL.Extensions.dll
Register platform support module: C:/Program Files/Unity/Hub/Editor/6000.6.0f1/Editor/Data/PlaybackEngines/WindowsStandaloneSupport/UnityEditor.WindowsStandalone.Extensions.dll
Registered in 0.011739 seconds.
Native extension for WindowsStandalone target not found
Native extension for WebGL target not found
Package Manager log level set to [2]
ScheduleIndexationOnStartup MainProcess:False IndexOnStartup:False
Scripting: successfully reloaded assembly
- Finished resetting the current domain, in  2.855 seconds
Domain Reload Profiling: 4548ms
	BeginReloadAssembly (472ms)
		CreateAndSetChildDomain (17ms)
	RebuildCommonClasses (13ms)
	RebuildNativeTypeToScriptingClass (46ms)
	initialDomainReloadingComplete (295ms)
	LoadAllAssembliesAndSetupDomain (864ms)
		LoadAssemblies (453ms)
		TypeCache.Refresh (612ms)
			TypeCache.ScanAssembly (572ms)
		AnalyzeDomain (2ms)
	FinalizeReload (2858ms)
		SetupLoadedEditorAssemblies (0ms)
			LogAssemblyErrors (6ms)
			InitializePlatformSupportModulesInManaged (8ms)
			BeforeProcessingInitializeOnLoad (298ms)
			ProcessInitializeOnLoadAttributes (306ms)
			ProcessInitializeOnLoadMethodAttributes (1669ms)
[Licensing::Client] Successfully resolved entitlement details
Application.AssetDatabase Initial Refresh Start
[Package Manager] Restoring resolved packages state from cache
[Licensing::Client] Successfully resolved entitlement details
[Package Manager] Registered 6 packages:
  Built-in packages:
    com.unity.modules.audio@1.0.0 (location: C:\Users\satos\research\outdoor_seld_e2e\out\streetscape_review_2026-09-05\review_project\Library\PackageCache\com.unity.modules.audio)
    com.unity.modules.imgui@1.0.0 (location: C:\Users\satos\research\outdoor_seld_e2e\out\streetscape_review_2026-09-05\review_project\Library\PackageCache\com.unity.modules.imgui)
    com.unity.modules.physics@1.0.0 (location: C:\Users\satos\research\outdoor_seld_e2e\out\streetscape_review_2026-09-05\review_project\Library\PackageCache\com.unity.modules.physics)
    com.unity.modules.unitywebrequest@1.0.0 (location: C:\Users\satos\research\outdoor_seld_e2e\out\streetscape_review_2026-09-05\review_project\Library\PackageCache\com.unity.modules.unitywebrequest)
    com.unity.modules.unitywebrequestaudio@1.0.0 (location: C:\Users\satos\research\outdoor_seld_e2e\out\streetscape_review_2026-09-05\review_project\Library\PackageCache\com.unity.modules.unitywebrequestaudio)
    com.unity.modules.imageconversion@1.0.0 (location: C:\Users\satos\research\outdoor_seld_e2e\out\streetscape_review_2026-09-05\review_project\Library\PackageCache\com.unity.modules.imageconversion)
[Subsystems] No new subsystems found in resolved package list.
[Package Manager] Done registering packages in 0.05 seconds
[ScriptCompilation] Requested script compilation because: AssetDatabase observed changes in script compilation related files
Starting: C:\Program Files\Unity\Hub\Editor\6000.6.0f1\Editor\Data\Tools\BuildPipeline\bee_backend.exe --ipc --defer-dag-verification --dagfile="Library/Bee/1900b0aE.dag" --continue-on-failure --profile="Library/Bee/backend1.traceevents" ScriptAssemblies
WorkingDir: C:/Users/satos/research/outdoor_seld_e2e/out/streetscape_review_2026-09-05/review_project
DisplayProgressbar: Compiling Scripts
ExitCode: 0 Duration: 2s861ms
[174/182    0s] ILPP-Configuration Library/ilpp-configuration.nevergeneratedoutput
[178/182    1s] Csc Library/Bee/artifacts/1900b0aE.dag/Assembly-CSharp-Editor.dll (+2 others)
[179/182    0s] ILPostProcess Library/Bee/artifacts/1900b0aE.dag/post-processed/Assembly-CSharp-Editor.dll (+pdb)
Processing assembly Library/Bee/artifacts/1900b0aE.dag/Assembly-CSharp-Editor.dll, with 147 defines and 296 references

processors: zzzUnity.Burst.CodeGen.BurstILPostProcessor

1 processor(s) skipped this assembly
[180/182    0s] CopyFiles Library/ScriptAssemblies/Assembly-CSharp-Editor.pdb
[181/182    0s] CopyFiles Library/ScriptAssemblies/Assembly-CSharp-Editor.dll
*** Tundra build success (2.66 seconds), 5 items updated, 182 evaluated
AssetDatabase: script compilation time: 4.652681s
Total cache size 36826192
Total cache size after purge 36826192, took 00:00:00.3267725
Begin MonoManager ReloadAssembly
Native extension for WindowsStandalone target not found
Native extension for WebGL target not found
ScheduleIndexationOnStartup MainProcess:True IndexOnStartup:True
Scripting: successfully reloaded assembly
- Finished resetting the current domain, in  1.464 seconds
Domain Reload Profiling: 3339ms
	BeginReloadAssembly (1147ms)
		DisableScriptedObjects (209ms)
		CreateAndSetChildDomain (183ms)
	RebuildCommonClasses (46ms)
	RebuildNativeTypeToScriptingClass (54ms)
	initialDomainReloadingComplete (257ms)
	LoadAllAssembliesAndSetupDomain (368ms)
		LoadAssemblies (566ms)
		TypeCache.Refresh (19ms)
		AnalyzeDomain (10ms)
			BuildScriptInfoCaches (5ms)
	FinalizeReload (1468ms)
		SetupLoadedEditorAssemblies (0ms)
			LogAssemblyErrors (3ms)
			InitializePlatformSupportModulesInManaged (8ms)
			BeforeProcessingInitializeOnLoad (309ms)
			ProcessInitializeOnLoadAttributes (225ms)
			ProcessInitializeOnLoadMethodAttributes (184ms)
			AfterProcessingInitializeOnLoad (17ms)
		AwakeInstancesAfterBackupRestoration (121ms)
Starting new worker id: 0 with log in C:/Users/satos/research/outdoor_seld_e2e/out/streetscape_review_2026-09-05/review_project/Logs/AssetImportWorkerHW0.log

Asset Pipeline Refresh (id=6ccf02d1f64522946ae3a24a6c14c405): Total: 9.097 seconds - Initiated by InitialRefreshV2(ForceSynchronousImport)
	(Values over 0.05ms)
	Summary:
		Imports: total=0 (actual=0, local cache=0, cache server=0)
		Asset DB Process Time: managed=0 ms, native=1900 ms
		Asset DB Callback time: managed=180 ms, native=81 ms
		Scripting: domain reloads=1, domain reload time=2252 ms, compile time=4665 ms, other=17 ms
		Project Asset Count: scripts=38, non-scripts=20
		Asset File Changes: new=0, changed=1, moved=0, deleted=0
		Scan Filter Count: 0
	InvokePackagesCallback: 88.603ms
	ApplyChangesToAssetFolders: 0.712ms
	Scan: 62.967ms
	Collect global state as custom dependencies: 59.406ms
	OnSourceAssetsModified: 2.212ms
	CategorizeScriptCompilationAssets: 0.203ms
	ProcessAssetsWithTransientArtifactChanges: 3.564ms
	CategorizeAssets: 1.975ms
	CompileScripts: 4665.085ms
	ImportOutOfDateAssets: 1523.119ms (1471.414ms without children)
		UnloadImportedAssets: 0.336ms
		ImportSchedulerStart: 51.313ms
	PostProcessAllAssets: 191.484ms
		VCAutoAddAssetPostprocess 8.293ms
		PostProcessCallbackCreateDeferredMaterials 0.847ms
		ShaderAssetModifiedCallback 0.316ms
		WindowTitlePostprocess 0.267ms
		Canvas.OnAllAssetImport 0.254ms
		MonoPostProcessAllAssets: 178.261ms
			StyleCatalogPostProcessor.OnPostprocessAllAssets 34.638ms
			AssetPostprocessor.OnPostprocessAllAssets 32.839ms
			WindowAssetPostprocessingWatcher.OnPostprocessAllAssets 29.661ms
			BuilderAssetPostprocessor.OnPostprocessAllAssets 19.774ms
			SyncVS.PostprocessSyncProject 8.924ms
			AssetChangedListener.OnPostprocessAllAssets 5.277ms
			RetainedModeAssetPostprocessor.OnPostprocessAllAssets 3.313ms
			EditModeScopePostprocessor.OnPostprocessAllAssets 2.527ms
			ArtifactBrowserPostProcessor.OnPostprocessAllAssets 2.130ms
			SpeedTree9Postprocessor.OnPostprocessAllAssets 2.012ms
			TextAssetPostProcessor.OnPostprocessAllAssets 1.739ms
			AudioMixerPostprocessor.OnPostprocessAllAssets 0.933ms
			AssetEvents.OnPostprocessAllAssets 0.861ms
			ConfigAssetsTracker.OnPostprocessAllAssets 0.848ms
			ReferencedClipsPostProcessor.OnPostprocessAllAssets 0.782ms
			AssetDatabaseCallbacks.OnPostprocessAllAssets 0.638ms
			TerrainToolbarOverlayPostProcessor.OnPostprocessAllAssets 0.440ms
			ScenarioDriftAssetsTracker.OnPostprocessAllAssets 0.427ms
			ThemePostprocessor.OnPostprocessAllAssets 0.417ms
			SpeedTreePostProcessor.OnPostprocessAllAssets 0.341ms
			RenderPipelineGlobalSettingsPostprocessor.OnPostprocessAllAssets 0.200ms
			AudioContainerPostProcessor.OnPostprocessAllAssets 0.188ms
	PostAssetChangesProfiler: 2.551ms
	UnloadStreamsBegin: 4.942ms
	Untracked: 2438.589ms

Application.AssetDatabase Initial Refresh End
Launched and connected shader compiler UnityShaderCompiler.exe after 0.10 seconds
Scanning for USB devices : 15.046ms
Initializing Unity extensions:
[MODES] ModeService[none].Initialize
[MODES] ModeService[none].LoadModes
[MODES] Loading mode Default (0) for mode-current-id-JoyconDemo
Unloading 3 Unused Serialized files (Serialized files now loaded: 0)
Unloading 22 unused Assets / (476.7 KB). Loaded Objects now: 747.
Memory consumption went from 216.4 MB to 216.0 MB.
Total: 15.821000 ms (FindLiveObjects: 0.451000 ms CreateObjectMapping: 0.011000 ms MarkObjects: 14.109600 ms  DeleteObjects: 0.833200 ms)

Unloading 1 Unused Serialized files (Serialized files now loaded: 0)
Unloading 0 unused Assets / (Unknown). Loaded Objects now: 749.
Memory consumption went from 216.4 MB to 216.4 MB.
Total: 9.795700 ms (FindLiveObjects: 0.244800 ms CreateObjectMapping: 0.008700 ms MarkObjects: 9.377800 ms  DeleteObjects: 0.013300 ms)

Importing 'GUID: 1c87d87f797876447bb16c8fa55efe15 - Path: Assets/RuntimeReview.unity' with importer (DefaultImporter)
Imported 'GUID: 1c87d87f797876447bb16c8fa55efe15' -> (Import Result ID: '0a57c19f2d0a8c16edafb225610e1c47') in 0.022 seconds [static dependencies only]. Details - ImportResultOutputID=72fbd918730905731be51750a2583c0d DependenciesID=b71a9f92664fac4bad4e5c5cce844454 StaticDependenciesID=2eb6745770395d6a3762ca44d7e485c0 
Asset Pipeline Refresh (id=b0041585c74bc3e49956c281ffd1600d): Total: 0.107 seconds - Initiated by StopAssetImportingV2(NoUpdateAssetOptions)
D3D11 device created for Microsoft Media Foundation video decoding.
[Project] Loading completed in 24.899 seconds
	Project init time: 				18.636 seconds
		Template init time: 		0.000 seconds
		Package Manager init time: 		0.889 seconds
		Asset Database init time: 		2.198 seconds
		Global illumination init time: 	0.013 seconds
		Assemblies load time: 			4.837 seconds
		Unity extensions init time: 	0.002 seconds
		Asset Database refresh time: 	9.098 seconds
	Scene opening time: 			0.568 seconds
##utp:{"type":"ProjectInfo","version":2,"phase":"Immediate","time":1788593775867,"processId":271424,"projectLoad":24.8987142,"projectInit":18.636393,"templateInit":0.0,"packageManagerInit":0.889396,"assetDatabaseInit":2.1976868,"globalIlluminationInit":0.0132692,"assembliesLoad":4.8369936,"unityExtensionsInit":0.0023329,"assetDatabaseRefresh":9.0982726,"sceneOpening":0.567621}
##utp:{"type":"EditorInfo","version":2,"phase":"Immediate","time":1788593775868,"processId":271424,"editorVersion":"6000.6.0f1 (f7f8ed4d1e24)","branch":"6000.6/respin/6000.6.0f1-fa21a270ab12","buildType":"Release","platform":"Windows"}
Reloading assemblies for play mode.
Reloading assemblies after forced synchronous recompile.
Begin MonoManager ReloadAssembly
Native extension for WindowsStandalone target not found
Native extension for WebGL target not found
ScheduleIndexationOnStartup MainProcess:True IndexOnStartup:True
Scripting: successfully reloaded assembly
- Finished resetting the current domain, in  1.299 seconds
Domain Reload Profiling: 2780ms
	BeginReloadAssembly (842ms)
		DisableScriptedObjects (160ms)
		CreateAndSetChildDomain (144ms)
	RebuildCommonClasses (29ms)
	RebuildNativeTypeToScriptingClass (41ms)
	initialDomainReloadingComplete (233ms)
	LoadAllAssembliesAndSetupDomain (334ms)
		LoadAssemblies (451ms)
		TypeCache.Refresh (7ms)
		AnalyzeDomain (8ms)
	FinalizeReload (1302ms)
		SetupLoadedEditorAssemblies (0ms)
			LogAssemblyErrors (4ms)
			InitializePlatformSupportModulesInManaged (7ms)
			BeforeProcessingInitializeOnLoad (279ms)
			ProcessInitializeOnLoadAttributes (163ms)
			ProcessInitializeOnLoadMethodAttributes (101ms)
			AfterProcessingInitializeOnLoad (13ms)
		AwakeInstancesAfterBackupRestoration (87ms)

Asset Pipeline Refresh (id=ed73decd27566a144b48f2b7abb627dd): Total: 3.332 seconds - Initiated by StopAssetImportingV2(ForceSynchronousImport | ForceDomainReload)
	(Values over 0.05ms)
	Summary:
		Imports: total=0 (actual=0, local cache=0, cache server=0)
		Asset DB Process Time: managed=0 ms, native=1533 ms
		Asset DB Callback time: managed=101 ms, native=27 ms
		Scripting: domain reloads=1, domain reload time=1660 ms, compile time=9 ms, other=0 ms
		Project Asset Count: scripts=38, non-scripts=20
		Asset File Changes: new=0, changed=0, moved=0, deleted=0
		Scan Filter Count: 0
	InvokePackagesCallback: 44.032ms
	ApplyChangesToAssetFolders: 0.211ms
	Collect global state as custom dependencies: 12.158ms
	ProcessAssetsWithTransientArtifactChanges: 2.417ms
	CategorizeAssets: 0.917ms
	CompileScripts: 9.328ms
	ImportOutOfDateAssets: 1303.761ms (1302.417ms without children)
		UnloadImportedAssets: 0.915ms
		ImportSchedulerStart: 0.379ms
	PostProcessAllAssets: 103.230ms
		PostProcessCallbackCreateDeferredMaterials 0.146ms
		ShaderAssetModifiedCallback 0.064ms
		MonoPostProcessAllAssets: 101.573ms
			StyleCatalogPostProcessor.OnPostprocessAllAssets 19.514ms
			AssetPostprocessor.OnPostprocessAllAssets 14.756ms
			WindowAssetPostprocessingWatcher.OnPostprocessAllAssets 14.059ms
			BuilderAssetPostprocessor.OnPostprocessAllAssets 12.438ms
			SyncVS.PostprocessSyncProject 6.188ms
			AssetChangedListener.OnPostprocessAllAssets 3.612ms
			RetainedModeAssetPostprocessor.OnPostprocessAllAssets 2.901ms
			TextAssetPostProcessor.OnPostprocessAllAssets 1.470ms
			SpeedTree9Postprocessor.OnPostprocessAllAssets 1.393ms
			ArtifactBrowserPostProcessor.OnPostprocessAllAssets 1.356ms
			AudioMixerPostprocessor.OnPostprocessAllAssets 0.677ms
			ReferencedClipsPostProcessor.OnPostprocessAllAssets 0.594ms
			EditModeScopePostprocessor.OnPostprocessAllAssets 0.573ms
			AssetEvents.OnPostprocessAllAssets 0.499ms
			ScenarioDriftAssetsTracker.OnPostprocessAllAssets 0.382ms
			AssetDatabaseCallbacks.OnPostprocessAllAssets 0.380ms
			TerrainToolbarOverlayPostProcessor.OnPostprocessAllAssets 0.353ms
			ConfigAssetsTracker.OnPostprocessAllAssets 0.300ms
			SpeedTreePostProcessor.OnPostprocessAllAssets 0.282ms
			ThemePostprocessor.OnPostprocessAllAssets 0.270ms
			RenderPipelineGlobalSettingsPostprocessor.OnPostprocessAllAssets 0.172ms
			AudioContainerPostProcessor.OnPostprocessAllAssets 0.144ms
	PostAssetChangesProfiler: 0.526ms
	UnloadStreamsBegin: 0.106ms
	Untracked: 1764.278ms

Loaded scene 'Temp/__Backupscenes/0.backup'
	Deserialize:            4.297 ms
	Integration:            79.725 ms
	Integration of assets:  0.007 ms
	Thread Wait Time:       104.617 ms
	Total Operation Time:   188.645 ms
[MODES] ModeService[none].Initialize
[MODES] ModeService[none].LoadModes
Start Indexing on Editor startup
ArgumentOutOfRangeException: Index was out of range. Must be non-negative and less than the size of the collection.
Parameter name: index
  at System.Collections.Generic.List`1[T].get_Item (System.Int32 index) [0x00009] in <c5ae8a4eeb824526b5df2932bc2395e0>:0 
  at UnityEditor.Search.SearchDatabase+<EnumerateAll>d__78.MoveNext () [0x00089] in <f03e16b4b58248838607cefa048bd30a>:0 
  at System.Linq.Enumerable.TryGetFirst[TSource] (System.Collections.Generic.IEnumerable`1[T] source, System.Boolean& found) [0x00045] in <f1b392d8fe224ca2b1f9fab1000b77eb>:0 
  at System.Linq.Enumerable.First[TSource] (System.Collections.Generic.IEnumerable`1[T] source) [0x00000] in <f1b392d8fe224ca2b1f9fab1000b77eb>:0 
  at UnityEditor.Search.SearchDatabase.GetDefaultSearchDatabase () [0x00005] in <f03e16b4b58248838607cefa048bd30a>:0 
  at UnityEditor.Search.SearchInit.IndexationOnStartup () [0x0000a] in <f03e16b4b58248838607cefa048bd30a>:0 
  at UnityEditor.EditorApplication.Internal_CallDelayFunctions () [0x00029] in <2194b77af8ea43e69caba13ba778a69a>:0 
UnityEngine.StackTraceUtility:ExtractStringFromExceptionInternal(Object, String&, String&)

Created GICache directory at C:/Users/satos/AppData/LocalLow/Unity/Caches/GiCache. Took: 0.078s, timestamps: [30.647 - 30.725]
[Licensing::Client] Successfully resolved entitlement details
There are no audio listeners in the scene. Please ensure there is always one audio listener in the scene
There are no audio listeners in the scene. Please ensure there is always one audio listener in the scene
There are no audio listeners in the scene. Please ensure there is always one audio listener in the scene
There are no audio listeners in the scene. Please ensure there is always one audio listener in the scene
There are no audio listeners in the scene. Please ensure there is always one audio listener in the scene
There are no audio listeners in the scene. Please ensure there is always one audio listener in the scene
There are no audio listeners in the scene. Please ensure there is always one audio listener in the scene
There are no audio listeners in the scene. Please ensure there is always one audio listener in the scene
There are no audio listeners in the scene. Please ensure there is always one audio listener in the scene
There are no audio listeners in the scene. Please ensure there is always one audio listener in the scene
There are no audio listeners in the scene. Please ensure there is always one audio listener in the scene
There are no audio listeners in the scene. Please ensure there is always one audio listener in the scene
There are no audio listeners in the scene. Please ensure there is always one audio listener in the scene
There are no audio listeners in the scene. Please ensure there is always one audio listener in the scene
There are no audio listeners in the scene. Please ensure there is always one audio listener in the scene
There are no audio listeners in the scene. Please ensure there is always one audio listener in the scene
There are no audio listeners in the scene. Please ensure there is always one audio listener in the scene
There are no audio listeners in the scene. Please ensure there is always one audio listener in the scene
There are no audio listeners in the scene. Please ensure there is always one audio listener in the scene
There are no audio listeners in the scene. Please ensure there is always one audio listener in the scene
There are no audio listeners in the scene. Please ensure there is always one audio listener in the scene
There are no audio listeners in the scene. Please ensure there is always one audio listener in the scene
There are no audio listeners in the scene. Please ensure there is always one audio listener in the scene
There are no audio listeners in the scene. Please ensure there is always one audio listener in the scene
There are no audio listeners in the scene. Please ensure there is always one audio listener in the scene
There are no audio listeners in the scene. Please ensure there is always one audio listener in the scene
There are no audio listeners in the scene. Please ensure there is always one audio listener in the scene
There are no audio listeners in the scene. Please ensure there is always one audio listener in the scene
There are no audio listeners in the scene. Please ensure there is always one audio listener in the scene
There are no audio listeners in the scene. Please ensure there is always one audio listener in the scene
There are no audio listeners in the scene. Please ensure there is always one audio listener in the scene
There are no audio listeners in the scene. Please ensure there is always one audio listener in the scene
There are no audio listeners in the scene. Please ensure there is always one audio listener in the scene
There are no audio listeners in the scene. Please ensure there is always one audio listener in the scene
There are no audio listeners in the scene. Please ensure there is always one audio listener in the scene
There are no audio listeners in the scene. Please ensure there is always one audio listener in the scene
There are no audio listeners in the scene. Please ensure there is always one audio listener in the scene
There are no audio listeners in the scene. Please ensure there is always one audio listener in the scene
There are no audio listeners in the scene. Please ensure there is always one audio listener in the scene
There are no audio listeners in the scene. Please ensure there is always one audio listener in the scene
There are no audio listeners in the scene. Please ensure there is always one audio listener in the scene
There are no audio listeners in the scene. Please ensure there is always one audio listener in the scene
There are no audio listeners in the scene. Please ensure there is always one audio listener in the scene
There are no audio listeners in the scene. Please ensure there is always one audio listener in the scene
There are no audio listeners in the scene. Please ensure there is always one audio listener in the scene
There are no audio listeners in the scene. Please ensure there is always one audio listener in the scene
There are no audio listeners in the scene. Please ensure there is always one audio listener in the scene
There are no audio listeners in the scene. Please ensure there is always one audio listener in the scene
There are no audio listeners in the scene. Please ensure there is always one audio listener in the scene
MonoPathRemapper: Attempts to remap: 2014; Successful remaps: 0
Serialized file version minimum: 23, current 23
[Physics::Module] Cleanup current backend.
[Physics::Module] Id: 0xf2b8ea05
Input System module state changed to: ShutdownInProgress.
Input Polling Thread exited.
Input System module state changed to: Shutdown.
[Licensing::IpcConnector] LicenseClient-satos-notifications channel disconnected successfully.
[Licensing::IpcConnector] LicenseClient-satos channel disconnected successfully.
Unity Data Store service was successfully shut down
UDS shutting down local client system
AcceleratorClientConnectionCallback - disconnected - :0
Cleanup mono
CodeReloadManager destroyed
Checking for leaked weakptr:
  Found no leaked weakptrs.
[Package Manager] Server process was shutdown
##utp:{"type":"MemoryLeaks","version":2,"phase":"Immediate","time":1788593787184,"processId":271424,"allocatedMemory":10639354,"memoryLabels":[{"Default":156316},{"Permanent":15516},{"NewDelete":68783},{"Thread":4197984},{"Manager":31109},{"VertexData":8},{"Geometry":816},{"Texture":24},{"Shader":832697},{"Material":24},{"GfxDevice":55968},{"Animation":952},{"FreeType":8},{"FontEngine":736},{"Physics":1970},{"Physics2D":16},{"Serialization":17984},{"Input":42840},{"JobScheduler":256},{"TextLib":280},{"Mono":48},{"ScriptingNativeRuntime":1177944},{"BaseObject":50384},{"Resource":1208},{"Renderer":2376},{"Transform":4685},{"File":4416},{"WebCam":616},{"Culling":32},{"Terrain":11442},{"Wind":24},{"STL":40},{"String":449504},{"StaticString":3808},{"Utility":2673718},{"Curl":2559},{"PoolAlloc":2168},{"AI":80},{"TypeTree":17165},{"ScriptManager":18960},{"CodeReload":448},{"RuntimeInitializeOnLoadManager":64},{"Sprites":102},{"SpriteAtlas":120},{"GI":7816},{"Director":8296},{"CloudService":7440},{"WebRequest":6702},{"VR":49650},{"SceneManager":608},{"Video":208},{"LazyScriptCache":32},{"Camera":729},{"Secure":2377},{"SerializationCache":9256},{"APIUpdating":10320},{"Subsystems":336},{"VirtualTexturing":57888},{"StaticSafetyDebugInfo":278528},{"Analytics":768},{"Hierarchy":1188},{"UIElements":40},{"CoreStats":14456},{"Identifiers":7152},{"Gui":128},{"EditorUtility":91770},{"VersionControl":8},{"Undo":931},{"AssetDatabase":168261},{"AssetImporter":40},{"EditorGi":328},{"UnityConnect":40465},{"Upm":1912},{"UpmDiagnostics":8},{"AssetCompliance":96},{"DrivenProperties":72},{"LocalIPC":260},{"ProfilerEditor":9746},{"CoreBusinessMetrics":3600},{"Windowing":456},{"Licensing":12757},{"AssetReference":32},{"IPCStream":32}]}
