[2026-08-03 22:28:26,986][utils.utilities][INFO] - Printing config tree with Rich! <cfg.extras.print_config=True>
[2026-08-03 22:28:27,027][train][INFO] - Instantiating datamodule <data.datamodule.SELDDataModule> ...
[2026-08-03 22:28:28,454][data.datamodule][INFO] - Training clip number is: 4800
[2026-08-03 22:28:28,454][data.datamodule][INFO] - Validation clip number is: 1200
[2026-08-03 22:28:28,454][train][INFO] - Instantiating model <models.model_module.SELDModelModule> ...
[2026-08-03 22:28:28,468][models.components.model_module][INFO] - loss_all is used as the 1st loss.
[2026-08-03 22:28:28,468][models.components.model_module][INFO] - loss_adpit is used as the 2nd loss.
[2026-08-03 22:28:28,468][models.components.model_module][INFO] - loss_other is used as the 3rd loss.
[2026-08-03 22:28:28,472][train][INFO] - Instantiating callbacks...
[2026-08-03 22:28:28,472][utils.utilities][INFO] - Instantiating callback <lightning.pytorch.callbacks.ModelCheckpoint>
[2026-08-03 22:28:28,476][train][INFO] - Instantiating loggers...
[2026-08-03 22:28:28,476][utils.utilities][INFO] - Instantiating logger <lightning.pytorch.loggers.tensorboard.TensorBoardLogger>
[2026-08-03 22:28:28,478][train][INFO] - Instantiating trainer <lightning.pytorch.trainer.Trainer>
[2026-08-03 22:28:28,508][train][INFO] - Logging hyperparameters!
[2026-08-03 22:28:28,662][train][INFO] - Starting training!
[2026-08-03 22:28:30,184][sde_patch][INFO] - [SDE] head out = classes*3*4 = 72
[2026-08-03 22:28:30,233][sde_patch][INFO] - [SDE] head warm-start <- /home/s6323122/PSELDNets_logs/sde_init_from_run2ep94.ckpt
[2026-08-03 22:28:30,235][models.components.model_module][INFO] - Compiling model
[2026-08-03 22:28:32,333][models.components.model_module][INFO] - Number of parameters of net: 27876320
[2026-08-03 22:28:32,366][data.datamodule][INFO] - Number of batches per epoch is: 601
[2026-08-03 22:29:22,311][models.components.model_module][INFO] - train: loss_all: 0.0133, loss_adpit: 0.0025, loss_other: 0.0108, 
[2026-08-03 22:29:22,312][models.components.model_module][INFO] - Epoch/Total Epoch: 1/100, LR: 0.0003
[2026-08-03 22:29:22,312][models.components.model_module][INFO] - ----------------------------------------------------------------------------------
[2026-08-03 22:29:37,361][models.components.model_module][INFO] - train: loss_all: 0.0097, loss_adpit: 0.0022, loss_other: 0.0075, 
[2026-08-03 22:29:37,362][models.components.model_module][INFO] - Epoch/Total Epoch: 2/100, LR: 0.0003
[2026-08-03 22:29:37,362][models.components.model_module][INFO] - ----------------------------------------------------------------------------------
[2026-08-03 22:29:52,357][models.components.model_module][INFO] - train: loss_all: 0.0084, loss_adpit: 0.0021, loss_other: 0.0062, 
[2026-08-03 22:29:52,358][models.components.model_module][INFO] - Epoch/Total Epoch: 3/100, LR: 0.0003
[2026-08-03 22:29:52,358][models.components.model_module][INFO] - ----------------------------------------------------------------------------------
[2026-08-03 22:30:07,322][models.components.model_module][INFO] - train: loss_all: 0.0076, loss_adpit: 0.0020, loss_other: 0.0055, 
[2026-08-03 22:30:07,323][models.components.model_module][INFO] - Epoch/Total Epoch: 4/100, LR: 0.0003
[2026-08-03 22:30:07,323][models.components.model_module][INFO] - ----------------------------------------------------------------------------------
[2026-08-03 22:30:43,851][models.components.model_module][INFO] - ----------------------------------------------------------------------------------
[2026-08-03 22:30:43,854][models.components.model_module][INFO] - val/macro: ER: 0.151, F: 90.5%, LE: 7.6, LR: 95.7%, SELD_scr: 0.083, 
[2026-08-03 22:30:43,856][models.components.model_module][INFO] - val/micro: ER: 0.151, F: 90.3%, LE: 6.0, LR: 93.1%, SELD_scr: 0.088, 
[2026-08-03 22:30:43,858][models.components.model_module][INFO] - val: loss_all: 0.0087, loss_adpit: 0.0036, loss_other: 0.0052, 
[2026-08-03 22:30:45,349][models.components.model_module][INFO] - train: loss_all: 0.0073, loss_adpit: 0.0021, loss_other: 0.0052, 
[2026-08-03 22:30:45,349][models.components.model_module][INFO] - Epoch/Total Epoch: 5/100, LR: 0.0003
[2026-08-03 22:30:45,349][models.components.model_module][INFO] - ----------------------------------------------------------------------------------
[2026-08-03 22:31:00,422][models.components.model_module][INFO] - train: loss_all: 0.0070, loss_adpit: 0.0021, loss_other: 0.0049, 
[2026-08-03 22:31:00,423][models.components.model_module][INFO] - Epoch/Total Epoch: 6/100, LR: 0.0003
[2026-08-03 22:31:00,423][models.components.model_module][INFO] - ----------------------------------------------------------------------------------
[2026-08-03 22:31:15,430][models.components.model_module][INFO] - train: loss_all: 0.0067, loss_adpit: 0.0020, loss_other: 0.0047, 
[2026-08-03 22:31:15,431][models.components.model_module][INFO] - Epoch/Total Epoch: 7/100, LR: 0.0003
[2026-08-03 22:31:15,431][models.components.model_module][INFO] - ----------------------------------------------------------------------------------
[2026-08-03 22:31:30,391][models.components.model_module][INFO] - train: loss_all: 0.0064, loss_adpit: 0.0020, loss_other: 0.0045, 
[2026-08-03 22:31:30,392][models.components.model_module][INFO] - Epoch/Total Epoch: 8/100, LR: 0.0003
[2026-08-03 22:31:30,392][models.components.model_module][INFO] - ----------------------------------------------------------------------------------
[2026-08-03 22:31:45,350][models.components.model_module][INFO] - train: loss_all: 0.0063, loss_adpit: 0.0020, loss_other: 0.0043, 
[2026-08-03 22:31:45,351][models.components.model_module][INFO] - Epoch/Total Epoch: 9/100, LR: 0.0003
[2026-08-03 22:31:45,351][models.components.model_module][INFO] - ----------------------------------------------------------------------------------
[2026-08-03 22:32:08,749][models.components.model_module][INFO] - ----------------------------------------------------------------------------------
[2026-08-03 22:32:08,751][models.components.model_module][INFO] - val/macro: ER: 0.146, F: 90.8%, LE: 7.4, LR: 95.8%, SELD_scr: 0.080, 
[2026-08-03 22:32:08,751][models.components.model_module][INFO] - val/micro: ER: 0.146, F: 90.8%, LE: 5.9, LR: 93.7%, SELD_scr: 0.083, 
[2026-08-03 22:32:08,752][models.components.model_module][INFO] - val: loss_all: 0.0085, loss_adpit: 0.0035, loss_other: 0.0050, 
[2026-08-03 22:32:10,263][models.components.model_module][INFO] - train: loss_all: 0.0061, loss_adpit: 0.0020, loss_other: 0.0042, 
[2026-08-03 22:32:10,263][models.components.model_module][INFO] - Epoch/Total Epoch: 10/100, LR: 0.0003
[2026-08-03 22:32:10,263][models.components.model_module][INFO] - ----------------------------------------------------------------------------------
[2026-08-03 22:32:25,213][models.components.model_module][INFO] - train: loss_all: 0.0060, loss_adpit: 0.0019, loss_other: 0.0041, 
[2026-08-03 22:32:25,214][models.components.model_module][INFO] - Epoch/Total Epoch: 11/100, LR: 0.0003
[2026-08-03 22:32:25,214][models.components.model_module][INFO] - ----------------------------------------------------------------------------------
[2026-08-03 22:32:40,191][models.components.model_module][INFO] - train: loss_all: 0.0059, loss_adpit: 0.0019, loss_other: 0.0040, 
[2026-08-03 22:32:40,192][models.components.model_module][INFO] - Epoch/Total Epoch: 12/100, LR: 0.0003
[2026-08-03 22:32:40,192][models.components.model_module][INFO] - ----------------------------------------------------------------------------------
[2026-08-03 22:32:55,214][models.components.model_module][INFO] - train: loss_all: 0.0058, loss_adpit: 0.0019, loss_other: 0.0039, 
[2026-08-03 22:32:55,215][models.components.model_module][INFO] - Epoch/Total Epoch: 13/100, LR: 0.0003
[2026-08-03 22:32:55,215][models.components.model_module][INFO] - ----------------------------------------------------------------------------------
[2026-08-03 22:33:10,294][models.components.model_module][INFO] - train: loss_all: 0.0057, loss_adpit: 0.0019, loss_other: 0.0038, 
[2026-08-03 22:33:10,295][models.components.model_module][INFO] - Epoch/Total Epoch: 14/100, LR: 0.0003
[2026-08-03 22:33:10,295][models.components.model_module][INFO] - ----------------------------------------------------------------------------------
[2026-08-03 22:33:33,641][models.components.model_module][INFO] - ----------------------------------------------------------------------------------
[2026-08-03 22:33:33,642][models.components.model_module][INFO] - val/macro: ER: 0.145, F: 89.8%, LE: 7.7, LR: 95.5%, SELD_scr: 0.084, 
[2026-08-03 22:33:33,643][models.components.model_module][INFO] - val/micro: ER: 0.145, F: 90.6%, LE: 6.0, LR: 93.6%, SELD_scr: 0.084, 
[2026-08-03 22:33:33,643][models.components.model_module][INFO] - val: loss_all: 0.0085, loss_adpit: 0.0035, loss_other: 0.0050, 
[2026-08-03 22:33:34,383][models.components.model_module][INFO] - train: loss_all: 0.0056, loss_adpit: 0.0019, loss_other: 0.0037, 
[2026-08-03 22:33:34,384][models.components.model_module][INFO] - Epoch/Total Epoch: 15/100, LR: 0.0003
[2026-08-03 22:33:34,384][models.components.model_module][INFO] - ----------------------------------------------------------------------------------
[2026-08-03 22:33:49,562][models.components.model_module][INFO] - train: loss_all: 0.0056, loss_adpit: 0.0019, loss_other: 0.0037, 
[2026-08-03 22:33:49,563][models.components.model_module][INFO] - Epoch/Total Epoch: 16/100, LR: 0.0003
[2026-08-03 22:33:49,563][models.components.model_module][INFO] - ----------------------------------------------------------------------------------
[2026-08-03 22:34:04,544][models.components.model_module][INFO] - train: loss_all: 0.0055, loss_adpit: 0.0019, loss_other: 0.0036, 
[2026-08-03 22:34:04,545][models.components.model_module][INFO] - Epoch/Total Epoch: 17/100, LR: 0.0003
[2026-08-03 22:34:04,545][models.components.model_module][INFO] - ----------------------------------------------------------------------------------
[2026-08-03 22:34:19,439][models.components.model_module][INFO] - train: loss_all: 0.0054, loss_adpit: 0.0018, loss_other: 0.0035, 
[2026-08-03 22:34:19,439][models.components.model_module][INFO] - Epoch/Total Epoch: 18/100, LR: 0.0003
[2026-08-03 22:34:19,440][models.components.model_module][INFO] - ----------------------------------------------------------------------------------
[2026-08-03 22:34:34,439][models.components.model_module][INFO] - train: loss_all: 0.0054, loss_adpit: 0.0018, loss_other: 0.0035, 
[2026-08-03 22:34:34,439][models.components.model_module][INFO] - Epoch/Total Epoch: 19/100, LR: 0.0003
[2026-08-03 22:34:34,440][models.components.model_module][INFO] - ----------------------------------------------------------------------------------
[2026-08-03 22:34:57,601][models.components.model_module][INFO] - ----------------------------------------------------------------------------------
[2026-08-03 22:34:57,602][models.components.model_module][INFO] - val/macro: ER: 0.144, F: 90.7%, LE: 7.5, LR: 96.1%, SELD_scr: 0.079, 
[2026-08-03 22:34:57,603][models.components.model_module][INFO] - val/micro: ER: 0.144, F: 91.0%, LE: 5.7, LR: 94.0%, SELD_scr: 0.081, 
[2026-08-03 22:34:57,604][models.components.model_module][INFO] - val: loss_all: 0.0085, loss_adpit: 0.0035, loss_other: 0.0049, 
[2026-08-03 22:34:59,078][models.components.model_module][INFO] - train: loss_all: 0.0053, loss_adpit: 0.0018, loss_other: 0.0035, 
[2026-08-03 22:34:59,078][models.components.model_module][INFO] - Epoch/Total Epoch: 20/100, LR: 0.0003
[2026-08-03 22:34:59,078][models.components.model_module][INFO] - ----------------------------------------------------------------------------------
[2026-08-03 22:35:14,136][models.components.model_module][INFO] - train: loss_all: 0.0052, loss_adpit: 0.0018, loss_other: 0.0034, 
[2026-08-03 22:35:14,137][models.components.model_module][INFO] - Epoch/Total Epoch: 21/100, LR: 0.0003
[2026-08-03 22:35:14,137][models.components.model_module][INFO] - ----------------------------------------------------------------------------------
[2026-08-03 22:35:29,333][models.components.model_module][INFO] - train: loss_all: 0.0052, loss_adpit: 0.0018, loss_other: 0.0034, 
[2026-08-03 22:35:29,334][models.components.model_module][INFO] - Epoch/Total Epoch: 22/100, LR: 0.0003
[2026-08-03 22:35:29,334][models.components.model_module][INFO] - ----------------------------------------------------------------------------------
[2026-08-03 22:35:44,269][models.components.model_module][INFO] - train: loss_all: 0.0051, loss_adpit: 0.0018, loss_other: 0.0033, 
[2026-08-03 22:35:44,270][models.components.model_module][INFO] - Epoch/Total Epoch: 23/100, LR: 0.0003
[2026-08-03 22:35:44,270][models.components.model_module][INFO] - ----------------------------------------------------------------------------------
[2026-08-03 22:35:59,269][models.components.model_module][INFO] - train: loss_all: 0.0051, loss_adpit: 0.0018, loss_other: 0.0033, 
[2026-08-03 22:35:59,270][models.components.model_module][INFO] - Epoch/Total Epoch: 24/100, LR: 0.0003
[2026-08-03 22:35:59,270][models.components.model_module][INFO] - ----------------------------------------------------------------------------------
[2026-08-03 22:36:22,993][models.components.model_module][INFO] - ----------------------------------------------------------------------------------
[2026-08-03 22:36:22,995][models.components.model_module][INFO] - val/macro: ER: 0.140, F: 91.5%, LE: 7.2, LR: 96.1%, SELD_scr: 0.076, 
[2026-08-03 22:36:22,995][models.components.model_module][INFO] - val/micro: ER: 0.140, F: 91.0%, LE: 5.7, LR: 93.4%, SELD_scr: 0.082, 
[2026-08-03 22:36:22,996][models.components.model_module][INFO] - val: loss_all: 0.0083, loss_adpit: 0.0035, loss_other: 0.0049, 
[2026-08-03 22:36:24,601][models.components.model_module][INFO] - train: loss_all: 0.0051, loss_adpit: 0.0018, loss_other: 0.0033, 
[2026-08-03 22:36:24,601][models.components.model_module][INFO] - Epoch/Total Epoch: 25/100, LR: 0.0003
[2026-08-03 22:36:24,601][models.components.model_module][INFO] - ----------------------------------------------------------------------------------
[2026-08-03 22:36:39,628][models.components.model_module][INFO] - train: loss_all: 0.0050, loss_adpit: 0.0018, loss_other: 0.0032, 
[2026-08-03 22:36:39,629][models.components.model_module][INFO] - Epoch/Total Epoch: 26/100, LR: 0.0003
[2026-08-03 22:36:39,629][models.components.model_module][INFO] - ----------------------------------------------------------------------------------
[2026-08-03 22:36:54,633][models.components.model_module][INFO] - train: loss_all: 0.0050, loss_adpit: 0.0018, loss_other: 0.0032, 
[2026-08-03 22:36:54,634][models.components.model_module][INFO] - Epoch/Total Epoch: 27/100, LR: 0.0003
[2026-08-03 22:36:54,634][models.components.model_module][INFO] - ----------------------------------------------------------------------------------
[2026-08-03 22:37:09,672][models.components.model_module][INFO] - train: loss_all: 0.0049, loss_adpit: 0.0017, loss_other: 0.0032, 
[2026-08-03 22:37:09,672][models.components.model_module][INFO] - Epoch/Total Epoch: 28/100, LR: 0.0003
[2026-08-03 22:37:09,673][models.components.model_module][INFO] - ----------------------------------------------------------------------------------
[2026-08-03 22:37:24,599][models.components.model_module][INFO] - train: loss_all: 0.0049, loss_adpit: 0.0017, loss_other: 0.0031, 
[2026-08-03 22:37:24,600][models.components.model_module][INFO] - Epoch/Total Epoch: 29/100, LR: 0.0003
[2026-08-03 22:37:24,600][models.components.model_module][INFO] - ----------------------------------------------------------------------------------
[2026-08-03 22:37:47,804][models.components.model_module][INFO] - ----------------------------------------------------------------------------------
[2026-08-03 22:37:47,806][models.components.model_module][INFO] - val/macro: ER: 0.153, F: 89.7%, LE: 8.3, LR: 95.9%, SELD_scr: 0.086, 
[2026-08-03 22:37:47,807][models.components.model_module][INFO] - val/micro: ER: 0.153, F: 90.1%, LE: 6.4, LR: 93.5%, SELD_scr: 0.088, 
[2026-08-03 22:37:47,807][models.components.model_module][INFO] - val: loss_all: 0.0084, loss_adpit: 0.0035, loss_other: 0.0049, 
[2026-08-03 22:37:48,661][models.components.model_module][INFO] - train: loss_all: 0.0049, loss_adpit: 0.0017, loss_other: 0.0031, 
[2026-08-03 22:37:48,661][models.components.model_module][INFO] - Epoch/Total Epoch: 30/100, LR: 0.0003
[2026-08-03 22:37:48,661][models.components.model_module][INFO] - ----------------------------------------------------------------------------------
[2026-08-03 22:38:03,714][models.components.model_module][INFO] - train: loss_all: 0.0048, loss_adpit: 0.0017, loss_other: 0.0031, 
[2026-08-03 22:38:03,715][models.components.model_module][INFO] - Epoch/Total Epoch: 31/100, LR: 0.0003
[2026-08-03 22:38:03,715][models.components.model_module][INFO] - ----------------------------------------------------------------------------------
[2026-08-03 22:38:18,660][models.components.model_module][INFO] - train: loss_all: 0.0048, loss_adpit: 0.0017, loss_other: 0.0031, 
[2026-08-03 22:38:18,662][models.components.model_module][INFO] - Epoch/Total Epoch: 32/100, LR: 0.0003
[2026-08-03 22:38:18,662][models.components.model_module][INFO] - ----------------------------------------------------------------------------------
[2026-08-03 22:38:33,709][models.components.model_module][INFO] - train: loss_all: 0.0048, loss_adpit: 0.0017, loss_other: 0.0030, 
[2026-08-03 22:38:33,710][models.components.model_module][INFO] - Epoch/Total Epoch: 33/100, LR: 0.0003
[2026-08-03 22:38:33,710][models.components.model_module][INFO] - ----------------------------------------------------------------------------------
[2026-08-03 22:38:48,700][models.components.model_module][INFO] - train: loss_all: 0.0047, loss_adpit: 0.0017, loss_other: 0.0030, 
[2026-08-03 22:38:48,701][models.components.model_module][INFO] - Epoch/Total Epoch: 34/100, LR: 0.0003
[2026-08-03 22:38:48,701][models.components.model_module][INFO] - ----------------------------------------------------------------------------------
[2026-08-03 22:39:12,188][models.components.model_module][INFO] - ----------------------------------------------------------------------------------
[2026-08-03 22:39:12,189][models.components.model_module][INFO] - val/macro: ER: 0.142, F: 90.2%, LE: 7.9, LR: 95.7%, SELD_scr: 0.082, 
[2026-08-03 22:39:12,190][models.components.model_module][INFO] - val/micro: ER: 0.142, F: 90.7%, LE: 5.9, LR: 93.4%, SELD_scr: 0.083, 
[2026-08-03 22:39:12,190][models.components.model_module][INFO] - val: loss_all: 0.0084, loss_adpit: 0.0035, loss_other: 0.0049, 
[2026-08-03 22:39:12,970][models.components.model_module][INFO] - train: loss_all: 0.0047, loss_adpit: 0.0017, loss_other: 0.0030, 
[2026-08-03 22:39:12,970][models.components.model_module][INFO] - Epoch/Total Epoch: 35/100, LR: 0.0003
[2026-08-03 22:39:12,970][models.components.model_module][INFO] - ----------------------------------------------------------------------------------
[2026-08-03 22:39:27,936][models.components.model_module][INFO] - train: loss_all: 0.0047, loss_adpit: 0.0017, loss_other: 0.0030, 
[2026-08-03 22:39:27,937][models.components.model_module][INFO] - Epoch/Total Epoch: 36/100, LR: 0.0003
[2026-08-03 22:39:27,937][models.components.model_module][INFO] - ----------------------------------------------------------------------------------
[2026-08-03 22:39:42,887][models.components.model_module][INFO] - train: loss_all: 0.0046, loss_adpit: 0.0017, loss_other: 0.0030, 
[2026-08-03 22:39:42,888][models.components.model_module][INFO] - Epoch/Total Epoch: 37/100, LR: 0.0003
[2026-08-03 22:39:42,888][models.components.model_module][INFO] - ----------------------------------------------------------------------------------
[2026-08-03 22:39:57,860][models.components.model_module][INFO] - train: loss_all: 0.0046, loss_adpit: 0.0017, loss_other: 0.0029, 
[2026-08-03 22:39:57,861][models.components.model_module][INFO] - Epoch/Total Epoch: 38/100, LR: 0.0003
[2026-08-03 22:39:57,861][models.components.model_module][INFO] - ----------------------------------------------------------------------------------
[2026-08-03 22:40:12,976][models.components.model_module][INFO] - train: loss_all: 0.0046, loss_adpit: 0.0017, loss_other: 0.0029, 
[2026-08-03 22:40:12,977][models.components.model_module][INFO] - Epoch/Total Epoch: 39/100, LR: 0.0003
[2026-08-03 22:40:12,977][models.components.model_module][INFO] - ----------------------------------------------------------------------------------
[2026-08-03 22:40:36,351][models.components.model_module][INFO] - ----------------------------------------------------------------------------------
[2026-08-03 22:40:36,352][models.components.model_module][INFO] - val/macro: ER: 0.135, F: 91.5%, LE: 7.1, LR: 95.8%, SELD_scr: 0.076, 
[2026-08-03 22:40:36,353][models.components.model_module][INFO] - val/micro: ER: 0.135, F: 91.4%, LE: 5.4, LR: 93.6%, SELD_scr: 0.079, 
[2026-08-03 22:40:36,354][models.components.model_module][INFO] - val: loss_all: 0.0083, loss_adpit: 0.0035, loss_other: 0.0048, 
[2026-08-03 22:40:37,969][models.components.model_module][INFO] - train: loss_all: 0.0046, loss_adpit: 0.0017, loss_other: 0.0029, 
[2026-08-03 22:40:37,969][models.components.model_module][INFO] - Epoch/Total Epoch: 40/100, LR: 0.0003
[2026-08-03 22:40:37,969][models.components.model_module][INFO] - ----------------------------------------------------------------------------------
[2026-08-03 22:40:52,921][models.components.model_module][INFO] - train: loss_all: 0.0045, loss_adpit: 0.0017, loss_other: 0.0029, 
[2026-08-03 22:40:52,922][models.components.model_module][INFO] - Epoch/Total Epoch: 41/100, LR: 0.0003
[2026-08-03 22:40:52,923][models.components.model_module][INFO] - ----------------------------------------------------------------------------------
[2026-08-03 22:41:07,856][models.components.model_module][INFO] - train: loss_all: 0.0045, loss_adpit: 0.0017, loss_other: 0.0029, 
[2026-08-03 22:41:07,856][models.components.model_module][INFO] - Epoch/Total Epoch: 42/100, LR: 0.0003
[2026-08-03 22:41:07,856][models.components.model_module][INFO] - ----------------------------------------------------------------------------------
[2026-08-03 22:41:22,634][models.components.model_module][INFO] - train: loss_all: 0.0045, loss_adpit: 0.0016, loss_other: 0.0028, 
[2026-08-03 22:41:22,634][models.components.model_module][INFO] - Epoch/Total Epoch: 43/100, LR: 0.0003
[2026-08-03 22:41:22,634][models.components.model_module][INFO] - ----------------------------------------------------------------------------------
[2026-08-03 22:41:37,723][models.components.model_module][INFO] - train: loss_all: 0.0045, loss_adpit: 0.0016, loss_other: 0.0028, 
[2026-08-03 22:41:37,724][models.components.model_module][INFO] - Epoch/Total Epoch: 44/100, LR: 0.0003
[2026-08-03 22:41:37,724][models.components.model_module][INFO] - ----------------------------------------------------------------------------------
[2026-08-03 22:42:00,933][models.components.model_module][INFO] - ----------------------------------------------------------------------------------
[2026-08-03 22:42:00,934][models.components.model_module][INFO] - val/macro: ER: 0.139, F: 91.3%, LE: 6.9, LR: 95.6%, SELD_scr: 0.077, 
[2026-08-03 22:42:00,935][models.components.model_module][INFO] - val/micro: ER: 0.139, F: 91.1%, LE: 5.4, LR: 93.0%, SELD_scr: 0.082, 
[2026-08-03 22:42:00,935][models.components.model_module][INFO] - val: loss_all: 0.0082, loss_adpit: 0.0035, loss_other: 0.0048, 
[2026-08-03 22:42:01,783][models.components.model_module][INFO] - train: loss_all: 0.0044, loss_adpit: 0.0016, loss_other: 0.0028, 
[2026-08-03 22:42:01,784][models.components.model_module][INFO] - Epoch/Total Epoch: 45/100, LR: 0.0003
[2026-08-03 22:42:01,784][models.components.model_module][INFO] - ----------------------------------------------------------------------------------
[2026-08-03 22:42:16,718][models.components.model_module][INFO] - train: loss_all: 0.0044, loss_adpit: 0.0016, loss_other: 0.0028, 
[2026-08-03 22:42:16,719][models.components.model_module][INFO] - Epoch/Total Epoch: 46/100, LR: 0.0003
[2026-08-03 22:42:16,719][models.components.model_module][INFO] - ----------------------------------------------------------------------------------
[2026-08-03 22:42:31,560][models.components.model_module][INFO] - train: loss_all: 0.0044, loss_adpit: 0.0016, loss_other: 0.0028, 
[2026-08-03 22:42:31,561][models.components.model_module][INFO] - Epoch/Total Epoch: 47/100, LR: 0.0003
[2026-08-03 22:42:31,561][models.components.model_module][INFO] - ----------------------------------------------------------------------------------
[2026-08-03 22:42:46,453][models.components.model_module][INFO] - train: loss_all: 0.0044, loss_adpit: 0.0016, loss_other: 0.0028, 
[2026-08-03 22:42:46,454][models.components.model_module][INFO] - Epoch/Total Epoch: 48/100, LR: 0.0003
[2026-08-03 22:42:46,454][models.components.model_module][INFO] - ----------------------------------------------------------------------------------
[2026-08-03 22:43:01,108][models.components.model_module][INFO] - train: loss_all: 0.0044, loss_adpit: 0.0016, loss_other: 0.0027, 
[2026-08-03 22:43:01,109][models.components.model_module][INFO] - Epoch/Total Epoch: 49/100, LR: 0.0003
[2026-08-03 22:43:01,109][models.components.model_module][INFO] - ----------------------------------------------------------------------------------
[2026-08-03 22:43:25,108][models.components.model_module][INFO] - ----------------------------------------------------------------------------------
[2026-08-03 22:43:25,109][models.components.model_module][INFO] - val/macro: ER: 0.146, F: 90.6%, LE: 7.6, LR: 96.0%, SELD_scr: 0.081, 
[2026-08-03 22:43:25,110][models.components.model_module][INFO] - val/micro: ER: 0.146, F: 90.7%, LE: 5.7, LR: 93.8%, SELD_scr: 0.083, 
[2026-08-03 22:43:25,110][models.components.model_module][INFO] - val: loss_all: 0.0083, loss_adpit: 0.0035, loss_other: 0.0049, 
[2026-08-03 22:43:25,851][models.components.model_module][INFO] - train: loss_all: 0.0043, loss_adpit: 0.0016, loss_other: 0.0027, 
[2026-08-03 22:43:25,851][models.components.model_module][INFO] - Epoch/Total Epoch: 50/100, LR: 0.0003
[2026-08-03 22:43:25,851][models.components.model_module][INFO] - ----------------------------------------------------------------------------------
[2026-08-03 22:43:40,743][models.components.model_module][INFO] - train: loss_all: 0.0043, loss_adpit: 0.0016, loss_other: 0.0027, 
[2026-08-03 22:43:40,744][models.components.model_module][INFO] - Epoch/Total Epoch: 51/100, LR: 0.0003
[2026-08-03 22:43:40,744][models.components.model_module][INFO] - ----------------------------------------------------------------------------------
[2026-08-03 22:43:55,722][models.components.model_module][INFO] - train: loss_all: 0.0043, loss_adpit: 0.0016, loss_other: 0.0027, 
[2026-08-03 22:43:55,723][models.components.model_module][INFO] - Epoch/Total Epoch: 52/100, LR: 0.0003
[2026-08-03 22:43:55,723][models.components.model_module][INFO] - ----------------------------------------------------------------------------------
[2026-08-03 22:44:10,804][models.components.model_module][INFO] - train: loss_all: 0.0043, loss_adpit: 0.0016, loss_other: 0.0027, 
[2026-08-03 22:44:10,805][models.components.model_module][INFO] - Epoch/Total Epoch: 53/100, LR: 0.0003
[2026-08-03 22:44:10,805][models.components.model_module][INFO] - ----------------------------------------------------------------------------------
[2026-08-03 22:44:25,822][models.components.model_module][INFO] - train: loss_all: 0.0043, loss_adpit: 0.0016, loss_other: 0.0027, 
[2026-08-03 22:44:25,823][models.components.model_module][INFO] - Epoch/Total Epoch: 54/100, LR: 0.0003
[2026-08-03 22:44:25,823][models.components.model_module][INFO] - ----------------------------------------------------------------------------------
[2026-08-03 22:44:49,210][models.components.model_module][INFO] - ----------------------------------------------------------------------------------
[2026-08-03 22:44:49,211][models.components.model_module][INFO] - val/macro: ER: 0.138, F: 91.6%, LE: 7.1, LR: 95.6%, SELD_scr: 0.076, 
[2026-08-03 22:44:49,212][models.components.model_module][INFO] - val/micro: ER: 0.138, F: 91.2%, LE: 5.6, LR: 93.4%, SELD_scr: 0.081, 
[2026-08-03 22:44:49,212][models.components.model_module][INFO] - val: loss_all: 0.0083, loss_adpit: 0.0035, loss_other: 0.0048, 
[2026-08-03 22:44:49,967][models.components.model_module][INFO] - train: loss_all: 0.0042, loss_adpit: 0.0016, loss_other: 0.0027, 
[2026-08-03 22:44:49,967][models.components.model_module][INFO] - Epoch/Total Epoch: 55/100, LR: 0.0003
[2026-08-03 22:44:49,967][models.components.model_module][INFO] - ----------------------------------------------------------------------------------
[2026-08-03 22:45:04,996][models.components.model_module][INFO] - train: loss_all: 0.0042, loss_adpit: 0.0016, loss_other: 0.0027, 
[2026-08-03 22:45:04,997][models.components.model_module][INFO] - Epoch/Total Epoch: 56/100, LR: 0.0003
[2026-08-03 22:45:04,997][models.components.model_module][INFO] - ----------------------------------------------------------------------------------
[2026-08-03 22:45:20,078][models.components.model_module][INFO] - train: loss_all: 0.0042, loss_adpit: 0.0016, loss_other: 0.0026, 
[2026-08-03 22:45:20,079][models.components.model_module][INFO] - Epoch/Total Epoch: 57/100, LR: 0.0003
[2026-08-03 22:45:20,079][models.components.model_module][INFO] - ----------------------------------------------------------------------------------
[2026-08-03 22:45:35,156][models.components.model_module][INFO] - train: loss_all: 0.0042, loss_adpit: 0.0016, loss_other: 0.0026, 
[2026-08-03 22:45:35,157][models.components.model_module][INFO] - Epoch/Total Epoch: 58/100, LR: 0.0003
[2026-08-03 22:45:35,157][models.components.model_module][INFO] - ----------------------------------------------------------------------------------
[2026-08-03 22:45:50,388][models.components.model_module][INFO] - train: loss_all: 0.0042, loss_adpit: 0.0016, loss_other: 0.0026, 
[2026-08-03 22:45:50,389][models.components.model_module][INFO] - Epoch/Total Epoch: 59/100, LR: 0.0003
[2026-08-03 22:45:50,389][models.components.model_module][INFO] - ----------------------------------------------------------------------------------
[2026-08-03 22:46:13,943][models.components.model_module][INFO] - ----------------------------------------------------------------------------------
[2026-08-03 22:46:13,945][models.components.model_module][INFO] - val/macro: ER: 0.137, F: 91.3%, LE: 7.0, LR: 96.0%, SELD_scr: 0.076, 
[2026-08-03 22:46:13,945][models.components.model_module][INFO] - val/micro: ER: 0.137, F: 91.3%, LE: 5.3, LR: 93.7%, SELD_scr: 0.079, 
[2026-08-03 22:46:13,946][models.components.model_module][INFO] - val: loss_all: 0.0083, loss_adpit: 0.0035, loss_other: 0.0048, 
[2026-08-03 22:46:14,723][models.components.model_module][INFO] - train: loss_all: 0.0042, loss_adpit: 0.0015, loss_other: 0.0026, 
[2026-08-03 22:46:14,723][models.components.model_module][INFO] - Epoch/Total Epoch: 60/100, LR: 2.9999999999999997e-05
[2026-08-03 22:46:14,723][models.components.model_module][INFO] - ----------------------------------------------------------------------------------
[2026-08-03 22:46:30,998][models.components.model_module][INFO] - train: loss_all: 0.0041, loss_adpit: 0.0015, loss_other: 0.0026, 
[2026-08-03 22:46:30,998][models.components.model_module][INFO] - Epoch/Total Epoch: 61/100, LR: 2.9999999999999997e-05
[2026-08-03 22:46:30,998][models.components.model_module][INFO] - ----------------------------------------------------------------------------------
[2026-08-03 22:46:45,984][models.components.model_module][INFO] - train: loss_all: 0.0041, loss_adpit: 0.0015, loss_other: 0.0026, 
[2026-08-03 22:46:45,985][models.components.model_module][INFO] - Epoch/Total Epoch: 62/100, LR: 2.9999999999999997e-05
[2026-08-03 22:46:45,985][models.components.model_module][INFO] - ----------------------------------------------------------------------------------
[2026-08-03 22:47:00,974][models.components.model_module][INFO] - train: loss_all: 0.0041, loss_adpit: 0.0015, loss_other: 0.0026, 
[2026-08-03 22:47:00,975][models.components.model_module][INFO] - Epoch/Total Epoch: 63/100, LR: 2.9999999999999997e-05
[2026-08-03 22:47:00,975][models.components.model_module][INFO] - ----------------------------------------------------------------------------------
[2026-08-03 22:47:15,883][models.components.model_module][INFO] - train: loss_all: 0.0041, loss_adpit: 0.0015, loss_other: 0.0026, 
[2026-08-03 22:47:15,884][models.components.model_module][INFO] - Epoch/Total Epoch: 64/100, LR: 2.9999999999999997e-05
[2026-08-03 22:47:15,884][models.components.model_module][INFO] - ----------------------------------------------------------------------------------
[2026-08-03 22:47:39,430][models.components.model_module][INFO] - ----------------------------------------------------------------------------------
[2026-08-03 22:47:39,432][models.components.model_module][INFO] - val/macro: ER: 0.130, F: 92.1%, LE: 6.3, LR: 96.0%, SELD_scr: 0.071, 
[2026-08-03 22:47:39,432][models.components.model_module][INFO] - val/micro: ER: 0.130, F: 91.9%, LE: 4.8, LR: 93.5%, SELD_scr: 0.076, 
[2026-08-03 22:47:39,433][models.components.model_module][INFO] - val: loss_all: 0.0082, loss_adpit: 0.0034, loss_other: 0.0047, 
[2026-08-03 22:47:41,056][models.components.model_module][INFO] - train: loss_all: 0.0040, loss_adpit: 0.0015, loss_other: 0.0025, 
[2026-08-03 22:47:41,057][models.components.model_module][INFO] - Epoch/Total Epoch: 65/100, LR: 2.9999999999999997e-05
[2026-08-03 22:47:41,057][models.components.model_module][INFO] - ----------------------------------------------------------------------------------
[2026-08-03 22:47:56,358][models.components.model_module][INFO] - train: loss_all: 0.0040, loss_adpit: 0.0015, loss_other: 0.0025, 
[2026-08-03 22:47:56,359][models.components.model_module][INFO] - Epoch/Total Epoch: 66/100, LR: 2.9999999999999997e-05
[2026-08-03 22:47:56,359][models.components.model_module][INFO] - ----------------------------------------------------------------------------------
[2026-08-03 22:48:11,464][models.components.model_module][INFO] - train: loss_all: 0.0040, loss_adpit: 0.0015, loss_other: 0.0025, 
[2026-08-03 22:48:11,465][models.components.model_module][INFO] - Epoch/Total Epoch: 67/100, LR: 2.9999999999999997e-05
[2026-08-03 22:48:11,466][models.components.model_module][INFO] - ----------------------------------------------------------------------------------
[2026-08-03 22:48:26,425][models.components.model_module][INFO] - train: loss_all: 0.0040, loss_adpit: 0.0015, loss_other: 0.0025, 
[2026-08-03 22:48:26,426][models.components.model_module][INFO] - Epoch/Total Epoch: 68/100, LR: 2.9999999999999997e-05
[2026-08-03 22:48:26,426][models.components.model_module][INFO] - ----------------------------------------------------------------------------------
[2026-08-03 22:48:41,640][models.components.model_module][INFO] - train: loss_all: 0.0039, loss_adpit: 0.0015, loss_other: 0.0025, 
[2026-08-03 22:48:41,640][models.components.model_module][INFO] - Epoch/Total Epoch: 69/100, LR: 2.9999999999999997e-05
[2026-08-03 22:48:41,640][models.components.model_module][INFO] - ----------------------------------------------------------------------------------
[2026-08-03 22:49:05,108][models.components.model_module][INFO] - ----------------------------------------------------------------------------------
[2026-08-03 22:49:05,110][models.components.model_module][INFO] - val/macro: ER: 0.127, F: 92.1%, LE: 6.2, LR: 95.9%, SELD_scr: 0.070, 
[2026-08-03 22:49:05,111][models.components.model_module][INFO] - val/micro: ER: 0.127, F: 92.1%, LE: 4.7, LR: 93.6%, SELD_scr: 0.074, 
[2026-08-03 22:49:05,111][models.components.model_module][INFO] - val: loss_all: 0.0081, loss_adpit: 0.0034, loss_other: 0.0047, 
[2026-08-03 22:49:06,612][models.components.model_module][INFO] - train: loss_all: 0.0039, loss_adpit: 0.0014, loss_other: 0.0025, 
[2026-08-03 22:49:06,613][models.components.model_module][INFO] - Epoch/Total Epoch: 70/100, LR: 2.9999999999999997e-05
[2026-08-03 22:49:06,613][models.components.model_module][INFO] - ----------------------------------------------------------------------------------
[2026-08-03 22:49:21,900][models.components.model_module][INFO] - train: loss_all: 0.0039, loss_adpit: 0.0014, loss_other: 0.0025, 
[2026-08-03 22:49:21,901][models.components.model_module][INFO] - Epoch/Total Epoch: 71/100, LR: 2.9999999999999997e-05
[2026-08-03 22:49:21,901][models.components.model_module][INFO] - ----------------------------------------------------------------------------------
[2026-08-03 22:49:37,040][models.components.model_module][INFO] - train: loss_all: 0.0039, loss_adpit: 0.0014, loss_other: 0.0024, 
[2026-08-03 22:49:37,041][models.components.model_module][INFO] - Epoch/Total Epoch: 72/100, LR: 2.9999999999999997e-05
[2026-08-03 22:49:37,041][models.components.model_module][INFO] - ----------------------------------------------------------------------------------
[2026-08-03 22:49:52,177][models.components.model_module][INFO] - train: loss_all: 0.0039, loss_adpit: 0.0014, loss_other: 0.0024, 
[2026-08-03 22:49:52,177][models.components.model_module][INFO] - Epoch/Total Epoch: 73/100, LR: 2.9999999999999997e-05
[2026-08-03 22:49:52,178][models.components.model_module][INFO] - ----------------------------------------------------------------------------------
[2026-08-03 22:50:07,347][models.components.model_module][INFO] - train: loss_all: 0.0038, loss_adpit: 0.0014, loss_other: 0.0024, 
[2026-08-03 22:50:07,348][models.components.model_module][INFO] - Epoch/Total Epoch: 74/100, LR: 2.9999999999999997e-05
[2026-08-03 22:50:07,348][models.components.model_module][INFO] - ----------------------------------------------------------------------------------
[2026-08-03 22:50:31,428][models.components.model_module][INFO] - ----------------------------------------------------------------------------------
[2026-08-03 22:50:31,430][models.components.model_module][INFO] - val/macro: ER: 0.128, F: 92.1%, LE: 6.2, LR: 95.8%, SELD_scr: 0.071, 
[2026-08-03 22:50:31,430][models.components.model_module][INFO] - val/micro: ER: 0.128, F: 92.0%, LE: 4.7, LR: 93.5%, SELD_scr: 0.075, 
[2026-08-03 22:50:31,431][models.components.model_module][INFO] - val: loss_all: 0.0080, loss_adpit: 0.0034, loss_other: 0.0047, 
[2026-08-03 22:50:32,222][models.components.model_module][INFO] - train: loss_all: 0.0038, loss_adpit: 0.0014, loss_other: 0.0024, 
[2026-08-03 22:50:32,222][models.components.model_module][INFO] - Epoch/Total Epoch: 75/100, LR: 2.9999999999999997e-05
[2026-08-03 22:50:32,223][models.components.model_module][INFO] - ----------------------------------------------------------------------------------
[2026-08-03 22:50:47,286][models.components.model_module][INFO] - train: loss_all: 0.0038, loss_adpit: 0.0014, loss_other: 0.0024, 
[2026-08-03 22:50:47,287][models.components.model_module][INFO] - Epoch/Total Epoch: 76/100, LR: 2.9999999999999997e-05
[2026-08-03 22:50:47,287][models.components.model_module][INFO] - ----------------------------------------------------------------------------------
[2026-08-03 22:51:02,309][models.components.model_module][INFO] - train: loss_all: 0.0038, loss_adpit: 0.0014, loss_other: 0.0024, 
[2026-08-03 22:51:02,310][models.components.model_module][INFO] - Epoch/Total Epoch: 77/100, LR: 2.9999999999999997e-05
[2026-08-03 22:51:02,310][models.components.model_module][INFO] - ----------------------------------------------------------------------------------
[2026-08-03 22:51:17,470][models.components.model_module][INFO] - train: loss_all: 0.0038, loss_adpit: 0.0014, loss_other: 0.0024, 
[2026-08-03 22:51:17,471][models.components.model_module][INFO] - Epoch/Total Epoch: 78/100, LR: 2.9999999999999997e-05
[2026-08-03 22:51:17,471][models.components.model_module][INFO] - ----------------------------------------------------------------------------------
[2026-08-03 22:51:32,462][models.components.model_module][INFO] - train: loss_all: 0.0037, loss_adpit: 0.0014, loss_other: 0.0024, 
[2026-08-03 22:51:32,463][models.components.model_module][INFO] - Epoch/Total Epoch: 79/100, LR: 2.9999999999999997e-05
[2026-08-03 22:51:32,463][models.components.model_module][INFO] - ----------------------------------------------------------------------------------
[2026-08-03 22:51:55,742][models.components.model_module][INFO] - ----------------------------------------------------------------------------------
[2026-08-03 22:51:55,743][models.components.model_module][INFO] - val/macro: ER: 0.129, F: 92.2%, LE: 6.2, LR: 96.0%, SELD_scr: 0.071, 
[2026-08-03 22:51:55,744][models.components.model_module][INFO] - val/micro: ER: 0.129, F: 91.9%, LE: 4.7, LR: 93.5%, SELD_scr: 0.075, 
[2026-08-03 22:51:55,744][models.components.model_module][INFO] - val: loss_all: 0.0080, loss_adpit: 0.0033, loss_other: 0.0046, 
[2026-08-03 22:51:56,599][models.components.model_module][INFO] - train: loss_all: 0.0037, loss_adpit: 0.0014, loss_other: 0.0024, 
[2026-08-03 22:51:56,599][models.components.model_module][INFO] - Epoch/Total Epoch: 80/100, LR: 2.9999999999999997e-05
[2026-08-03 22:51:56,599][models.components.model_module][INFO] - ----------------------------------------------------------------------------------
[2026-08-03 22:52:11,747][models.components.model_module][INFO] - train: loss_all: 0.0037, loss_adpit: 0.0014, loss_other: 0.0023, 
[2026-08-03 22:52:11,748][models.components.model_module][INFO] - Epoch/Total Epoch: 81/100, LR: 2.9999999999999997e-05
[2026-08-03 22:52:11,748][models.components.model_module][INFO] - ----------------------------------------------------------------------------------
[2026-08-03 22:52:26,731][models.components.model_module][INFO] - train: loss_all: 0.0037, loss_adpit: 0.0013, loss_other: 0.0023, 
[2026-08-03 22:52:26,732][models.components.model_module][INFO] - Epoch/Total Epoch: 82/100, LR: 2.9999999999999997e-05
[2026-08-03 22:52:26,732][models.components.model_module][INFO] - ----------------------------------------------------------------------------------
[2026-08-03 22:52:41,845][models.components.model_module][INFO] - train: loss_all: 0.0037, loss_adpit: 0.0013, loss_other: 0.0023, 
[2026-08-03 22:52:41,846][models.components.model_module][INFO] - Epoch/Total Epoch: 83/100, LR: 2.9999999999999997e-05
[2026-08-03 22:52:41,846][models.components.model_module][INFO] - ----------------------------------------------------------------------------------
[2026-08-03 22:52:56,796][models.components.model_module][INFO] - train: loss_all: 0.0036, loss_adpit: 0.0013, loss_other: 0.0023, 
[2026-08-03 22:52:56,797][models.components.model_module][INFO] - Epoch/Total Epoch: 84/100, LR: 2.9999999999999997e-05
[2026-08-03 22:52:56,797][models.components.model_module][INFO] - ----------------------------------------------------------------------------------
[2026-08-03 22:53:20,460][models.components.model_module][INFO] - ----------------------------------------------------------------------------------
[2026-08-03 22:53:20,461][models.components.model_module][INFO] - val/macro: ER: 0.127, F: 92.1%, LE: 6.3, LR: 96.0%, SELD_scr: 0.070, 
[2026-08-03 22:53:20,462][models.components.model_module][INFO] - val/micro: ER: 0.127, F: 92.1%, LE: 4.7, LR: 93.6%, SELD_scr: 0.074, 
[2026-08-03 22:53:20,462][models.components.model_module][INFO] - val: loss_all: 0.0079, loss_adpit: 0.0033, loss_other: 0.0046, 
[2026-08-03 22:53:21,942][models.components.model_module][INFO] - train: loss_all: 0.0036, loss_adpit: 0.0013, loss_other: 0.0023, 
[2026-08-03 22:53:21,942][models.components.model_module][INFO] - Epoch/Total Epoch: 85/100, LR: 2.9999999999999997e-05
[2026-08-03 22:53:21,942][models.components.model_module][INFO] - ----------------------------------------------------------------------------------
[2026-08-03 22:53:36,877][models.components.model_module][INFO] - train: loss_all: 0.0036, loss_adpit: 0.0013, loss_other: 0.0023, 
[2026-08-03 22:53:36,878][models.components.model_module][INFO] - Epoch/Total Epoch: 86/100, LR: 2.9999999999999997e-05
[2026-08-03 22:53:36,878][models.components.model_module][INFO] - ----------------------------------------------------------------------------------
[2026-08-03 22:53:51,861][models.components.model_module][INFO] - train: loss_all: 0.0036, loss_adpit: 0.0013, loss_other: 0.0023, 
[2026-08-03 22:53:51,862][models.components.model_module][INFO] - Epoch/Total Epoch: 87/100, LR: 2.9999999999999997e-05
[2026-08-03 22:53:51,862][models.components.model_module][INFO] - ----------------------------------------------------------------------------------
[2026-08-03 22:54:06,833][models.components.model_module][INFO] - train: loss_all: 0.0036, loss_adpit: 0.0013, loss_other: 0.0023, 
[2026-08-03 22:54:06,834][models.components.model_module][INFO] - Epoch/Total Epoch: 88/100, LR: 2.9999999999999997e-05
[2026-08-03 22:54:06,834][models.components.model_module][INFO] - ----------------------------------------------------------------------------------
[2026-08-03 22:54:21,893][models.components.model_module][INFO] - train: loss_all: 0.0036, loss_adpit: 0.0013, loss_other: 0.0023, 
[2026-08-03 22:54:21,894][models.components.model_module][INFO] - Epoch/Total Epoch: 89/100, LR: 2.9999999999999997e-05
[2026-08-03 22:54:21,895][models.components.model_module][INFO] - ----------------------------------------------------------------------------------
[2026-08-03 22:54:45,270][models.components.model_module][INFO] - ----------------------------------------------------------------------------------
[2026-08-03 22:54:45,272][models.components.model_module][INFO] - val/macro: ER: 0.128, F: 92.0%, LE: 6.2, LR: 95.9%, SELD_scr: 0.071, 
[2026-08-03 22:54:45,273][models.components.model_module][INFO] - val/micro: ER: 0.128, F: 92.0%, LE: 4.7, LR: 93.5%, SELD_scr: 0.075, 
[2026-08-03 22:54:45,273][models.components.model_module][INFO] - val: loss_all: 0.0079, loss_adpit: 0.0033, loss_other: 0.0046, 
[2026-08-03 22:54:46,027][models.components.model_module][INFO] - train: loss_all: 0.0036, loss_adpit: 0.0013, loss_other: 0.0023, 
[2026-08-03 22:54:46,027][models.components.model_module][INFO] - Epoch/Total Epoch: 90/100, LR: 2.9999999999999997e-05
[2026-08-03 22:54:46,027][models.components.model_module][INFO] - ----------------------------------------------------------------------------------
[2026-08-03 22:55:01,017][models.components.model_module][INFO] - train: loss_all: 0.0035, loss_adpit: 0.0013, loss_other: 0.0023, 
[2026-08-03 22:55:01,017][models.components.model_module][INFO] - Epoch/Total Epoch: 91/100, LR: 2.9999999999999997e-05
[2026-08-03 22:55:01,017][models.components.model_module][INFO] - ----------------------------------------------------------------------------------
[2026-08-03 22:55:16,052][models.components.model_module][INFO] - train: loss_all: 0.0035, loss_adpit: 0.0013, loss_other: 0.0022, 
[2026-08-03 22:55:16,053][models.components.model_module][INFO] - Epoch/Total Epoch: 92/100, LR: 2.9999999999999997e-05
[2026-08-03 22:55:16,053][models.components.model_module][INFO] - ----------------------------------------------------------------------------------
[2026-08-03 22:55:31,051][models.components.model_module][INFO] - train: loss_all: 0.0035, loss_adpit: 0.0013, loss_other: 0.0022, 
[2026-08-03 22:55:31,052][models.components.model_module][INFO] - Epoch/Total Epoch: 93/100, LR: 2.9999999999999997e-05
[2026-08-03 22:55:31,052][models.components.model_module][INFO] - ----------------------------------------------------------------------------------
[2026-08-03 22:55:46,045][models.components.model_module][INFO] - train: loss_all: 0.0035, loss_adpit: 0.0013, loss_other: 0.0022, 
[2026-08-03 22:55:46,046][models.components.model_module][INFO] - Epoch/Total Epoch: 94/100, LR: 2.9999999999999997e-05
[2026-08-03 22:55:46,046][models.components.model_module][INFO] - ----------------------------------------------------------------------------------
[2026-08-03 22:56:09,532][models.components.model_module][INFO] - ----------------------------------------------------------------------------------
[2026-08-03 22:56:09,534][models.components.model_module][INFO] - val/macro: ER: 0.127, F: 92.1%, LE: 6.2, LR: 95.8%, SELD_scr: 0.071, 
[2026-08-03 22:56:09,535][models.components.model_module][INFO] - val/micro: ER: 0.127, F: 92.1%, LE: 4.6, LR: 93.4%, SELD_scr: 0.074, 
[2026-08-03 22:56:09,535][models.components.model_module][INFO] - val: loss_all: 0.0078, loss_adpit: 0.0033, loss_other: 0.0045, 
[2026-08-03 22:56:10,286][models.components.model_module][INFO] - train: loss_all: 0.0035, loss_adpit: 0.0013, loss_other: 0.0022, 
[2026-08-03 22:56:10,286][models.components.model_module][INFO] - Epoch/Total Epoch: 95/100, LR: 2.9999999999999997e-05
[2026-08-03 22:56:10,286][models.components.model_module][INFO] - ----------------------------------------------------------------------------------
[2026-08-03 22:56:25,368][models.components.model_module][INFO] - train: loss_all: 0.0035, loss_adpit: 0.0013, loss_other: 0.0022, 
[2026-08-03 22:56:25,369][models.components.model_module][INFO] - Epoch/Total Epoch: 96/100, LR: 2.9999999999999997e-05
[2026-08-03 22:56:25,369][models.components.model_module][INFO] - ----------------------------------------------------------------------------------
[2026-08-03 22:56:40,415][models.components.model_module][INFO] - train: loss_all: 0.0035, loss_adpit: 0.0012, loss_other: 0.0022, 
[2026-08-03 22:56:40,416][models.components.model_module][INFO] - Epoch/Total Epoch: 97/100, LR: 2.9999999999999997e-05
[2026-08-03 22:56:40,416][models.components.model_module][INFO] - ----------------------------------------------------------------------------------
[2026-08-03 22:56:55,415][models.components.model_module][INFO] - train: loss_all: 0.0034, loss_adpit: 0.0012, loss_other: 0.0022, 
[2026-08-03 22:56:55,416][models.components.model_module][INFO] - Epoch/Total Epoch: 98/100, LR: 2.9999999999999997e-05
[2026-08-03 22:56:55,416][models.components.model_module][INFO] - ----------------------------------------------------------------------------------
[2026-08-03 22:57:10,455][models.components.model_module][INFO] - train: loss_all: 0.0034, loss_adpit: 0.0012, loss_other: 0.0022, 
[2026-08-03 22:57:10,456][models.components.model_module][INFO] - Epoch/Total Epoch: 99/100, LR: 2.9999999999999997e-05
[2026-08-03 22:57:10,456][models.components.model_module][INFO] - ----------------------------------------------------------------------------------
[2026-08-03 22:57:34,251][models.components.model_module][INFO] - ----------------------------------------------------------------------------------
[2026-08-03 22:57:34,253][models.components.model_module][INFO] - val/macro: ER: 0.128, F: 92.0%, LE: 6.3, LR: 95.9%, SELD_scr: 0.071, 
[2026-08-03 22:57:34,253][models.components.model_module][INFO] - val/micro: ER: 0.128, F: 92.0%, LE: 4.7, LR: 93.5%, SELD_scr: 0.075, 
[2026-08-03 22:57:34,254][models.components.model_module][INFO] - val: loss_all: 0.0078, loss_adpit: 0.0033, loss_other: 0.0045, 
[2026-08-03 22:57:34,997][models.components.model_module][INFO] - train: loss_all: 0.0034, loss_adpit: 0.0012, loss_other: 0.0022, 
[2026-08-03 22:57:34,997][models.components.model_module][INFO] - Epoch/Total Epoch: 100/100, LR: 2.9999999999999997e-05
[2026-08-03 22:57:34,997][models.components.model_module][INFO] - ----------------------------------------------------------------------------------
