[2026-08-06 22:17:19,518][utils.utilities][INFO] - Printing config tree with Rich! <cfg.extras.print_config=True>
[2026-08-06 22:17:19,557][train][INFO] - Instantiating datamodule <data.datamodule.SELDDataModule> ...
[2026-08-06 22:17:21,042][data.datamodule][INFO] - Training clip number is: 4800
[2026-08-06 22:17:21,042][data.datamodule][INFO] - Validation clip number is: 1200
[2026-08-06 22:17:21,042][train][INFO] - Instantiating model <models.model_module.SELDModelModule> ...
[2026-08-06 22:17:21,061][models.components.model_module][INFO] - loss_all is used as the 1st loss.
[2026-08-06 22:17:21,061][models.components.model_module][INFO] - loss_adpit is used as the 2nd loss.
[2026-08-06 22:17:21,061][models.components.model_module][INFO] - loss_other is used as the 3rd loss.
[2026-08-06 22:17:21,065][train][INFO] - Instantiating callbacks...
[2026-08-06 22:17:21,065][utils.utilities][INFO] - Instantiating callback <lightning.pytorch.callbacks.ModelCheckpoint>
[2026-08-06 22:17:21,069][train][INFO] - Instantiating loggers...
[2026-08-06 22:17:21,069][utils.utilities][INFO] - Instantiating logger <lightning.pytorch.loggers.tensorboard.TensorBoardLogger>
[2026-08-06 22:17:21,071][train][INFO] - Instantiating trainer <lightning.pytorch.trainer.Trainer>
[2026-08-06 22:17:21,103][train][INFO] - Logging hyperparameters!
[2026-08-06 22:17:21,215][train][INFO] - Starting training!
[2026-08-06 22:17:22,581][sde_patch][INFO] - [SDE] head out = classes*3*4 = 72
[2026-08-06 22:17:22,632][sde_patch][INFO] - [SDE] head warm-start <- /home/s6323122/PSELDNets_logs/sde_init_from_run2ep94.ckpt
[2026-08-06 22:17:22,635][models.components.model_module][INFO] - Compiling model
[2026-08-06 22:17:24,990][models.components.model_module][INFO] - Number of parameters of net: 27876320
[2026-08-06 22:17:25,024][data.datamodule][INFO] - Number of batches per epoch is: 601
[2026-08-06 22:18:14,824][models.components.model_module][INFO] - train: loss_all: 0.0018, loss_adpit: 0.0018, loss_other: 0.0000, 
[2026-08-06 22:18:14,826][models.components.model_module][INFO] - Epoch/Total Epoch: 1/100, LR: 0.0003
[2026-08-06 22:18:14,826][models.components.model_module][INFO] - ----------------------------------------------------------------------------------
[2026-08-06 22:18:29,675][models.components.model_module][INFO] - train: loss_all: 0.0019, loss_adpit: 0.0019, loss_other: 0.0000, 
[2026-08-06 22:18:29,676][models.components.model_module][INFO] - Epoch/Total Epoch: 2/100, LR: 0.0003
[2026-08-06 22:18:29,676][models.components.model_module][INFO] - ----------------------------------------------------------------------------------
[2026-08-06 22:18:44,736][models.components.model_module][INFO] - train: loss_all: 0.0019, loss_adpit: 0.0019, loss_other: 0.0000, 
[2026-08-06 22:18:44,737][models.components.model_module][INFO] - Epoch/Total Epoch: 3/100, LR: 0.0003
[2026-08-06 22:18:44,737][models.components.model_module][INFO] - ----------------------------------------------------------------------------------
[2026-08-06 22:18:59,848][models.components.model_module][INFO] - train: loss_all: 0.0019, loss_adpit: 0.0019, loss_other: 0.0000, 
[2026-08-06 22:18:59,849][models.components.model_module][INFO] - Epoch/Total Epoch: 4/100, LR: 0.0003
[2026-08-06 22:18:59,849][models.components.model_module][INFO] - ----------------------------------------------------------------------------------
[2026-08-06 22:19:36,101][models.components.model_module][INFO] - ----------------------------------------------------------------------------------
[2026-08-06 22:19:36,105][models.components.model_module][INFO] - val/macro: ER: 0.152, F: 90.7%, LE: 7.6, LR: 95.3%, SELD_scr: 0.083, 
[2026-08-06 22:19:36,107][models.components.model_module][INFO] - val/micro: ER: 0.152, F: 90.3%, LE: 5.9, LR: 92.9%, SELD_scr: 0.088, 
[2026-08-06 22:19:36,109][models.components.model_module][INFO] - val: loss_all: 0.0035, loss_adpit: 0.0035, loss_other: 0.0000, 
[2026-08-06 22:19:37,616][models.components.model_module][INFO] - train: loss_all: 0.0019, loss_adpit: 0.0019, loss_other: 0.0000, 
[2026-08-06 22:19:37,617][models.components.model_module][INFO] - Epoch/Total Epoch: 5/100, LR: 0.0003
[2026-08-06 22:19:37,617][models.components.model_module][INFO] - ----------------------------------------------------------------------------------
[2026-08-06 22:19:52,587][models.components.model_module][INFO] - train: loss_all: 0.0018, loss_adpit: 0.0018, loss_other: 0.0000, 
[2026-08-06 22:19:52,588][models.components.model_module][INFO] - Epoch/Total Epoch: 6/100, LR: 0.0003
[2026-08-06 22:19:52,588][models.components.model_module][INFO] - ----------------------------------------------------------------------------------
[2026-08-06 22:20:07,504][models.components.model_module][INFO] - train: loss_all: 0.0018, loss_adpit: 0.0018, loss_other: 0.0000, 
[2026-08-06 22:20:07,505][models.components.model_module][INFO] - Epoch/Total Epoch: 7/100, LR: 0.0003
[2026-08-06 22:20:07,505][models.components.model_module][INFO] - ----------------------------------------------------------------------------------
[2026-08-06 22:20:22,430][models.components.model_module][INFO] - train: loss_all: 0.0018, loss_adpit: 0.0018, loss_other: 0.0000, 
[2026-08-06 22:20:22,431][models.components.model_module][INFO] - Epoch/Total Epoch: 8/100, LR: 0.0003
[2026-08-06 22:20:22,431][models.components.model_module][INFO] - ----------------------------------------------------------------------------------
[2026-08-06 22:20:37,354][models.components.model_module][INFO] - train: loss_all: 0.0018, loss_adpit: 0.0018, loss_other: 0.0000, 
[2026-08-06 22:20:37,355][models.components.model_module][INFO] - Epoch/Total Epoch: 9/100, LR: 0.0003
[2026-08-06 22:20:37,355][models.components.model_module][INFO] - ----------------------------------------------------------------------------------
[2026-08-06 22:21:00,445][models.components.model_module][INFO] - ----------------------------------------------------------------------------------
[2026-08-06 22:21:00,446][models.components.model_module][INFO] - val/macro: ER: 0.161, F: 90.1%, LE: 8.0, LR: 95.1%, SELD_scr: 0.088, 
[2026-08-06 22:21:00,447][models.components.model_module][INFO] - val/micro: ER: 0.161, F: 89.4%, LE: 6.6, LR: 92.3%, SELD_scr: 0.095, 
[2026-08-06 22:21:00,448][models.components.model_module][INFO] - val: loss_all: 0.0037, loss_adpit: 0.0037, loss_other: 0.0000, 
[2026-08-06 22:21:01,235][models.components.model_module][INFO] - train: loss_all: 0.0018, loss_adpit: 0.0018, loss_other: 0.0000, 
[2026-08-06 22:21:01,235][models.components.model_module][INFO] - Epoch/Total Epoch: 10/100, LR: 0.0003
[2026-08-06 22:21:01,235][models.components.model_module][INFO] - ----------------------------------------------------------------------------------
[2026-08-06 22:21:16,277][models.components.model_module][INFO] - train: loss_all: 0.0018, loss_adpit: 0.0018, loss_other: 0.0000, 
[2026-08-06 22:21:16,278][models.components.model_module][INFO] - Epoch/Total Epoch: 11/100, LR: 0.0003
[2026-08-06 22:21:16,278][models.components.model_module][INFO] - ----------------------------------------------------------------------------------
[2026-08-06 22:21:31,296][models.components.model_module][INFO] - train: loss_all: 0.0018, loss_adpit: 0.0018, loss_other: 0.0000, 
[2026-08-06 22:21:31,297][models.components.model_module][INFO] - Epoch/Total Epoch: 12/100, LR: 0.0003
[2026-08-06 22:21:31,297][models.components.model_module][INFO] - ----------------------------------------------------------------------------------
[2026-08-06 22:21:46,296][models.components.model_module][INFO] - train: loss_all: 0.0018, loss_adpit: 0.0018, loss_other: 0.0000, 
[2026-08-06 22:21:46,297][models.components.model_module][INFO] - Epoch/Total Epoch: 13/100, LR: 0.0003
[2026-08-06 22:21:46,297][models.components.model_module][INFO] - ----------------------------------------------------------------------------------
[2026-08-06 22:22:01,300][models.components.model_module][INFO] - train: loss_all: 0.0018, loss_adpit: 0.0018, loss_other: 0.0000, 
[2026-08-06 22:22:01,300][models.components.model_module][INFO] - Epoch/Total Epoch: 14/100, LR: 0.0003
[2026-08-06 22:22:01,300][models.components.model_module][INFO] - ----------------------------------------------------------------------------------
[2026-08-06 22:22:24,587][models.components.model_module][INFO] - ----------------------------------------------------------------------------------
[2026-08-06 22:22:24,589][models.components.model_module][INFO] - val/macro: ER: 0.149, F: 90.5%, LE: 7.2, LR: 96.0%, SELD_scr: 0.081, 
[2026-08-06 22:22:24,590][models.components.model_module][INFO] - val/micro: ER: 0.149, F: 90.4%, LE: 5.8, LR: 93.3%, SELD_scr: 0.086, 
[2026-08-06 22:22:24,590][models.components.model_module][INFO] - val: loss_all: 0.0037, loss_adpit: 0.0037, loss_other: 0.0000, 
[2026-08-06 22:22:26,081][models.components.model_module][INFO] - train: loss_all: 0.0018, loss_adpit: 0.0018, loss_other: 0.0000, 
[2026-08-06 22:22:26,081][models.components.model_module][INFO] - Epoch/Total Epoch: 15/100, LR: 0.0003
[2026-08-06 22:22:26,081][models.components.model_module][INFO] - ----------------------------------------------------------------------------------
[2026-08-06 22:22:41,066][models.components.model_module][INFO] - train: loss_all: 0.0018, loss_adpit: 0.0018, loss_other: 0.0000, 
[2026-08-06 22:22:41,066][models.components.model_module][INFO] - Epoch/Total Epoch: 16/100, LR: 0.0003
[2026-08-06 22:22:41,067][models.components.model_module][INFO] - ----------------------------------------------------------------------------------
[2026-08-06 22:22:55,949][models.components.model_module][INFO] - train: loss_all: 0.0018, loss_adpit: 0.0018, loss_other: 0.0000, 
[2026-08-06 22:22:55,950][models.components.model_module][INFO] - Epoch/Total Epoch: 17/100, LR: 0.0003
[2026-08-06 22:22:55,950][models.components.model_module][INFO] - ----------------------------------------------------------------------------------
[2026-08-06 22:23:10,993][models.components.model_module][INFO] - train: loss_all: 0.0018, loss_adpit: 0.0018, loss_other: 0.0000, 
[2026-08-06 22:23:10,994][models.components.model_module][INFO] - Epoch/Total Epoch: 18/100, LR: 0.0003
[2026-08-06 22:23:10,994][models.components.model_module][INFO] - ----------------------------------------------------------------------------------
[2026-08-06 22:23:25,921][models.components.model_module][INFO] - train: loss_all: 0.0018, loss_adpit: 0.0018, loss_other: 0.0000, 
[2026-08-06 22:23:25,921][models.components.model_module][INFO] - Epoch/Total Epoch: 19/100, LR: 0.0003
[2026-08-06 22:23:25,921][models.components.model_module][INFO] - ----------------------------------------------------------------------------------
[2026-08-06 22:23:49,382][models.components.model_module][INFO] - ----------------------------------------------------------------------------------
[2026-08-06 22:23:49,384][models.components.model_module][INFO] - val/macro: ER: 0.158, F: 89.1%, LE: 8.4, LR: 95.1%, SELD_scr: 0.091, 
[2026-08-06 22:23:49,385][models.components.model_module][INFO] - val/micro: ER: 0.158, F: 89.6%, LE: 6.5, LR: 93.2%, SELD_scr: 0.092, 
[2026-08-06 22:23:49,385][models.components.model_module][INFO] - val: loss_all: 0.0037, loss_adpit: 0.0037, loss_other: 0.0000, 
[2026-08-06 22:23:50,190][models.components.model_module][INFO] - train: loss_all: 0.0018, loss_adpit: 0.0018, loss_other: 0.0000, 
[2026-08-06 22:23:50,190][models.components.model_module][INFO] - Epoch/Total Epoch: 20/100, LR: 0.0003
[2026-08-06 22:23:50,190][models.components.model_module][INFO] - ----------------------------------------------------------------------------------
[2026-08-06 22:24:05,226][models.components.model_module][INFO] - train: loss_all: 0.0018, loss_adpit: 0.0018, loss_other: 0.0000, 
[2026-08-06 22:24:05,226][models.components.model_module][INFO] - Epoch/Total Epoch: 21/100, LR: 0.0003
[2026-08-06 22:24:05,226][models.components.model_module][INFO] - ----------------------------------------------------------------------------------
[2026-08-06 22:24:20,156][models.components.model_module][INFO] - train: loss_all: 0.0018, loss_adpit: 0.0018, loss_other: 0.0000, 
[2026-08-06 22:24:20,157][models.components.model_module][INFO] - Epoch/Total Epoch: 22/100, LR: 0.0003
[2026-08-06 22:24:20,157][models.components.model_module][INFO] - ----------------------------------------------------------------------------------
[2026-08-06 22:24:35,089][models.components.model_module][INFO] - train: loss_all: 0.0018, loss_adpit: 0.0018, loss_other: 0.0000, 
[2026-08-06 22:24:35,090][models.components.model_module][INFO] - Epoch/Total Epoch: 23/100, LR: 0.0003
[2026-08-06 22:24:35,090][models.components.model_module][INFO] - ----------------------------------------------------------------------------------
[2026-08-06 22:24:50,033][models.components.model_module][INFO] - train: loss_all: 0.0018, loss_adpit: 0.0018, loss_other: 0.0000, 
[2026-08-06 22:24:50,034][models.components.model_module][INFO] - Epoch/Total Epoch: 24/100, LR: 0.0003
[2026-08-06 22:24:50,034][models.components.model_module][INFO] - ----------------------------------------------------------------------------------
[2026-08-06 22:25:13,897][models.components.model_module][INFO] - ----------------------------------------------------------------------------------
[2026-08-06 22:25:13,899][models.components.model_module][INFO] - val/macro: ER: 0.152, F: 90.7%, LE: 7.1, LR: 95.3%, SELD_scr: 0.083, 
[2026-08-06 22:25:13,899][models.components.model_module][INFO] - val/micro: ER: 0.152, F: 90.2%, LE: 5.9, LR: 92.7%, SELD_scr: 0.089, 
[2026-08-06 22:25:13,900][models.components.model_module][INFO] - val: loss_all: 0.0037, loss_adpit: 0.0037, loss_other: 0.0000, 
[2026-08-06 22:25:14,754][models.components.model_module][INFO] - train: loss_all: 0.0017, loss_adpit: 0.0017, loss_other: 0.0000, 
[2026-08-06 22:25:14,755][models.components.model_module][INFO] - Epoch/Total Epoch: 25/100, LR: 0.0003
[2026-08-06 22:25:14,755][models.components.model_module][INFO] - ----------------------------------------------------------------------------------
[2026-08-06 22:25:29,997][models.components.model_module][INFO] - train: loss_all: 0.0017, loss_adpit: 0.0017, loss_other: 0.0000, 
[2026-08-06 22:25:29,998][models.components.model_module][INFO] - Epoch/Total Epoch: 26/100, LR: 0.0003
[2026-08-06 22:25:29,998][models.components.model_module][INFO] - ----------------------------------------------------------------------------------
[2026-08-06 22:25:45,227][models.components.model_module][INFO] - train: loss_all: 0.0017, loss_adpit: 0.0017, loss_other: 0.0000, 
[2026-08-06 22:25:45,228][models.components.model_module][INFO] - Epoch/Total Epoch: 27/100, LR: 0.0003
[2026-08-06 22:25:45,228][models.components.model_module][INFO] - ----------------------------------------------------------------------------------
[2026-08-06 22:26:00,182][models.components.model_module][INFO] - train: loss_all: 0.0017, loss_adpit: 0.0017, loss_other: 0.0000, 
[2026-08-06 22:26:00,183][models.components.model_module][INFO] - Epoch/Total Epoch: 28/100, LR: 0.0003
[2026-08-06 22:26:00,183][models.components.model_module][INFO] - ----------------------------------------------------------------------------------
[2026-08-06 22:26:15,159][models.components.model_module][INFO] - train: loss_all: 0.0017, loss_adpit: 0.0017, loss_other: 0.0000, 
[2026-08-06 22:26:15,160][models.components.model_module][INFO] - Epoch/Total Epoch: 29/100, LR: 0.0003
[2026-08-06 22:26:15,160][models.components.model_module][INFO] - ----------------------------------------------------------------------------------
[2026-08-06 22:26:38,355][models.components.model_module][INFO] - ----------------------------------------------------------------------------------
[2026-08-06 22:26:38,357][models.components.model_module][INFO] - val/macro: ER: 0.146, F: 90.6%, LE: 7.5, LR: 95.5%, SELD_scr: 0.082, 
[2026-08-06 22:26:38,358][models.components.model_module][INFO] - val/micro: ER: 0.146, F: 90.7%, LE: 6.0, LR: 93.4%, SELD_scr: 0.085, 
[2026-08-06 22:26:38,358][models.components.model_module][INFO] - val: loss_all: 0.0037, loss_adpit: 0.0037, loss_other: 0.0000, 
[2026-08-06 22:26:39,100][models.components.model_module][INFO] - train: loss_all: 0.0017, loss_adpit: 0.0017, loss_other: 0.0000, 
[2026-08-06 22:26:39,101][models.components.model_module][INFO] - Epoch/Total Epoch: 30/100, LR: 0.0003
[2026-08-06 22:26:39,101][models.components.model_module][INFO] - ----------------------------------------------------------------------------------
[2026-08-06 22:26:54,521][models.components.model_module][INFO] - train: loss_all: 0.0017, loss_adpit: 0.0017, loss_other: 0.0000, 
[2026-08-06 22:26:54,521][models.components.model_module][INFO] - Epoch/Total Epoch: 31/100, LR: 0.0003
[2026-08-06 22:26:54,521][models.components.model_module][INFO] - ----------------------------------------------------------------------------------
[2026-08-06 22:27:09,556][models.components.model_module][INFO] - train: loss_all: 0.0017, loss_adpit: 0.0017, loss_other: 0.0000, 
[2026-08-06 22:27:09,557][models.components.model_module][INFO] - Epoch/Total Epoch: 32/100, LR: 0.0003
[2026-08-06 22:27:09,557][models.components.model_module][INFO] - ----------------------------------------------------------------------------------
[2026-08-06 22:27:24,565][models.components.model_module][INFO] - train: loss_all: 0.0017, loss_adpit: 0.0017, loss_other: 0.0000, 
[2026-08-06 22:27:24,565][models.components.model_module][INFO] - Epoch/Total Epoch: 33/100, LR: 0.0003
[2026-08-06 22:27:24,565][models.components.model_module][INFO] - ----------------------------------------------------------------------------------
[2026-08-06 22:27:39,523][models.components.model_module][INFO] - train: loss_all: 0.0017, loss_adpit: 0.0017, loss_other: 0.0000, 
[2026-08-06 22:27:39,524][models.components.model_module][INFO] - Epoch/Total Epoch: 34/100, LR: 0.0003
[2026-08-06 22:27:39,524][models.components.model_module][INFO] - ----------------------------------------------------------------------------------
[2026-08-06 22:28:02,737][models.components.model_module][INFO] - ----------------------------------------------------------------------------------
[2026-08-06 22:28:02,739][models.components.model_module][INFO] - val/macro: ER: 0.145, F: 90.7%, LE: 7.4, LR: 95.8%, SELD_scr: 0.080, 
[2026-08-06 22:28:02,740][models.components.model_module][INFO] - val/micro: ER: 0.145, F: 90.5%, LE: 5.7, LR: 93.2%, SELD_scr: 0.085, 
[2026-08-06 22:28:02,740][models.components.model_module][INFO] - val: loss_all: 0.0036, loss_adpit: 0.0036, loss_other: 0.0000, 
[2026-08-06 22:28:04,200][models.components.model_module][INFO] - train: loss_all: 0.0017, loss_adpit: 0.0017, loss_other: 0.0000, 
[2026-08-06 22:28:04,200][models.components.model_module][INFO] - Epoch/Total Epoch: 35/100, LR: 0.0003
[2026-08-06 22:28:04,200][models.components.model_module][INFO] - ----------------------------------------------------------------------------------
[2026-08-06 22:28:19,383][models.components.model_module][INFO] - train: loss_all: 0.0017, loss_adpit: 0.0017, loss_other: 0.0000, 
[2026-08-06 22:28:19,384][models.components.model_module][INFO] - Epoch/Total Epoch: 36/100, LR: 0.0003
[2026-08-06 22:28:19,384][models.components.model_module][INFO] - ----------------------------------------------------------------------------------
[2026-08-06 22:28:34,430][models.components.model_module][INFO] - train: loss_all: 0.0017, loss_adpit: 0.0017, loss_other: 0.0000, 
[2026-08-06 22:28:34,431][models.components.model_module][INFO] - Epoch/Total Epoch: 37/100, LR: 0.0003
[2026-08-06 22:28:34,431][models.components.model_module][INFO] - ----------------------------------------------------------------------------------
[2026-08-06 22:28:49,602][models.components.model_module][INFO] - train: loss_all: 0.0017, loss_adpit: 0.0017, loss_other: 0.0000, 
[2026-08-06 22:28:49,603][models.components.model_module][INFO] - Epoch/Total Epoch: 38/100, LR: 0.0003
[2026-08-06 22:28:49,603][models.components.model_module][INFO] - ----------------------------------------------------------------------------------
[2026-08-06 22:29:04,680][models.components.model_module][INFO] - train: loss_all: 0.0017, loss_adpit: 0.0017, loss_other: 0.0000, 
[2026-08-06 22:29:04,681][models.components.model_module][INFO] - Epoch/Total Epoch: 39/100, LR: 0.0003
[2026-08-06 22:29:04,681][models.components.model_module][INFO] - ----------------------------------------------------------------------------------
[2026-08-06 22:29:28,065][models.components.model_module][INFO] - ----------------------------------------------------------------------------------
[2026-08-06 22:29:28,067][models.components.model_module][INFO] - val/macro: ER: 0.146, F: 90.9%, LE: 7.2, LR: 95.1%, SELD_scr: 0.081, 
[2026-08-06 22:29:28,068][models.components.model_module][INFO] - val/micro: ER: 0.146, F: 90.8%, LE: 5.5, LR: 93.1%, SELD_scr: 0.084, 
[2026-08-06 22:29:28,068][models.components.model_module][INFO] - val: loss_all: 0.0036, loss_adpit: 0.0036, loss_other: 0.0000, 
[2026-08-06 22:29:28,838][models.components.model_module][INFO] - train: loss_all: 0.0017, loss_adpit: 0.0017, loss_other: 0.0000, 
[2026-08-06 22:29:28,839][models.components.model_module][INFO] - Epoch/Total Epoch: 40/100, LR: 0.0003
[2026-08-06 22:29:28,839][models.components.model_module][INFO] - ----------------------------------------------------------------------------------
[2026-08-06 22:29:43,937][models.components.model_module][INFO] - train: loss_all: 0.0016, loss_adpit: 0.0016, loss_other: 0.0000, 
[2026-08-06 22:29:43,938][models.components.model_module][INFO] - Epoch/Total Epoch: 41/100, LR: 0.0003
[2026-08-06 22:29:43,938][models.components.model_module][INFO] - ----------------------------------------------------------------------------------
[2026-08-06 22:29:59,067][models.components.model_module][INFO] - train: loss_all: 0.0016, loss_adpit: 0.0016, loss_other: 0.0000, 
[2026-08-06 22:29:59,068][models.components.model_module][INFO] - Epoch/Total Epoch: 42/100, LR: 0.0003
[2026-08-06 22:29:59,068][models.components.model_module][INFO] - ----------------------------------------------------------------------------------
[2026-08-06 22:30:14,291][models.components.model_module][INFO] - train: loss_all: 0.0016, loss_adpit: 0.0016, loss_other: 0.0000, 
[2026-08-06 22:30:14,292][models.components.model_module][INFO] - Epoch/Total Epoch: 43/100, LR: 0.0003
[2026-08-06 22:30:14,292][models.components.model_module][INFO] - ----------------------------------------------------------------------------------
[2026-08-06 22:30:29,508][models.components.model_module][INFO] - train: loss_all: 0.0016, loss_adpit: 0.0016, loss_other: 0.0000, 
[2026-08-06 22:30:29,508][models.components.model_module][INFO] - Epoch/Total Epoch: 44/100, LR: 0.0003
[2026-08-06 22:30:29,508][models.components.model_module][INFO] - ----------------------------------------------------------------------------------
[2026-08-06 22:30:53,123][models.components.model_module][INFO] - ----------------------------------------------------------------------------------
[2026-08-06 22:30:53,124][models.components.model_module][INFO] - val/macro: ER: 0.148, F: 90.8%, LE: 6.9, LR: 95.1%, SELD_scr: 0.082, 
[2026-08-06 22:30:53,125][models.components.model_module][INFO] - val/micro: ER: 0.148, F: 90.5%, LE: 5.6, LR: 92.8%, SELD_scr: 0.086, 
[2026-08-06 22:30:53,126][models.components.model_module][INFO] - val: loss_all: 0.0036, loss_adpit: 0.0036, loss_other: 0.0000, 
[2026-08-06 22:30:53,898][models.components.model_module][INFO] - train: loss_all: 0.0016, loss_adpit: 0.0016, loss_other: 0.0000, 
[2026-08-06 22:30:53,899][models.components.model_module][INFO] - Epoch/Total Epoch: 45/100, LR: 0.0003
[2026-08-06 22:30:53,899][models.components.model_module][INFO] - ----------------------------------------------------------------------------------
[2026-08-06 22:31:09,023][models.components.model_module][INFO] - train: loss_all: 0.0016, loss_adpit: 0.0016, loss_other: 0.0000, 
[2026-08-06 22:31:09,024][models.components.model_module][INFO] - Epoch/Total Epoch: 46/100, LR: 0.0003
[2026-08-06 22:31:09,024][models.components.model_module][INFO] - ----------------------------------------------------------------------------------
[2026-08-06 22:31:24,064][models.components.model_module][INFO] - train: loss_all: 0.0016, loss_adpit: 0.0016, loss_other: 0.0000, 
[2026-08-06 22:31:24,065][models.components.model_module][INFO] - Epoch/Total Epoch: 47/100, LR: 0.0003
[2026-08-06 22:31:24,065][models.components.model_module][INFO] - ----------------------------------------------------------------------------------
[2026-08-06 22:31:39,127][models.components.model_module][INFO] - train: loss_all: 0.0016, loss_adpit: 0.0016, loss_other: 0.0000, 
[2026-08-06 22:31:39,127][models.components.model_module][INFO] - Epoch/Total Epoch: 48/100, LR: 0.0003
[2026-08-06 22:31:39,127][models.components.model_module][INFO] - ----------------------------------------------------------------------------------
[2026-08-06 22:31:54,206][models.components.model_module][INFO] - train: loss_all: 0.0016, loss_adpit: 0.0016, loss_other: 0.0000, 
[2026-08-06 22:31:54,207][models.components.model_module][INFO] - Epoch/Total Epoch: 49/100, LR: 0.0003
[2026-08-06 22:31:54,207][models.components.model_module][INFO] - ----------------------------------------------------------------------------------
[2026-08-06 22:32:18,117][models.components.model_module][INFO] - ----------------------------------------------------------------------------------
[2026-08-06 22:32:18,119][models.components.model_module][INFO] - val/macro: ER: 0.143, F: 90.5%, LE: 7.4, LR: 95.6%, SELD_scr: 0.081, 
[2026-08-06 22:32:18,119][models.components.model_module][INFO] - val/micro: ER: 0.143, F: 90.9%, LE: 5.7, LR: 93.6%, SELD_scr: 0.082, 
[2026-08-06 22:32:18,120][models.components.model_module][INFO] - val: loss_all: 0.0036, loss_adpit: 0.0036, loss_other: 0.0000, 
[2026-08-06 22:32:19,001][models.components.model_module][INFO] - train: loss_all: 0.0016, loss_adpit: 0.0016, loss_other: 0.0000, 
[2026-08-06 22:32:19,002][models.components.model_module][INFO] - Epoch/Total Epoch: 50/100, LR: 0.0003
[2026-08-06 22:32:19,002][models.components.model_module][INFO] - ----------------------------------------------------------------------------------
[2026-08-06 22:32:34,052][models.components.model_module][INFO] - train: loss_all: 0.0016, loss_adpit: 0.0016, loss_other: 0.0000, 
[2026-08-06 22:32:34,053][models.components.model_module][INFO] - Epoch/Total Epoch: 51/100, LR: 0.0003
[2026-08-06 22:32:34,053][models.components.model_module][INFO] - ----------------------------------------------------------------------------------
[2026-08-06 22:32:49,197][models.components.model_module][INFO] - train: loss_all: 0.0016, loss_adpit: 0.0016, loss_other: 0.0000, 
[2026-08-06 22:32:49,198][models.components.model_module][INFO] - Epoch/Total Epoch: 52/100, LR: 0.0003
[2026-08-06 22:32:49,198][models.components.model_module][INFO] - ----------------------------------------------------------------------------------
[2026-08-06 22:33:04,416][models.components.model_module][INFO] - train: loss_all: 0.0016, loss_adpit: 0.0016, loss_other: 0.0000, 
[2026-08-06 22:33:04,417][models.components.model_module][INFO] - Epoch/Total Epoch: 53/100, LR: 0.0003
[2026-08-06 22:33:04,417][models.components.model_module][INFO] - ----------------------------------------------------------------------------------
[2026-08-06 22:33:19,663][models.components.model_module][INFO] - train: loss_all: 0.0016, loss_adpit: 0.0016, loss_other: 0.0000, 
[2026-08-06 22:33:19,664][models.components.model_module][INFO] - Epoch/Total Epoch: 54/100, LR: 0.0003
[2026-08-06 22:33:19,664][models.components.model_module][INFO] - ----------------------------------------------------------------------------------
[2026-08-06 22:33:43,237][models.components.model_module][INFO] - ----------------------------------------------------------------------------------
[2026-08-06 22:33:43,238][models.components.model_module][INFO] - val/macro: ER: 0.143, F: 91.1%, LE: 7.3, LR: 95.3%, SELD_scr: 0.080, 
[2026-08-06 22:33:43,239][models.components.model_module][INFO] - val/micro: ER: 0.143, F: 90.8%, LE: 5.7, LR: 92.8%, SELD_scr: 0.085, 
[2026-08-06 22:33:43,239][models.components.model_module][INFO] - val: loss_all: 0.0036, loss_adpit: 0.0036, loss_other: 0.0000, 
[2026-08-06 22:33:44,844][models.components.model_module][INFO] - train: loss_all: 0.0016, loss_adpit: 0.0016, loss_other: 0.0000, 
[2026-08-06 22:33:44,845][models.components.model_module][INFO] - Epoch/Total Epoch: 55/100, LR: 0.0003
[2026-08-06 22:33:44,845][models.components.model_module][INFO] - ----------------------------------------------------------------------------------
[2026-08-06 22:34:00,139][models.components.model_module][INFO] - train: loss_all: 0.0016, loss_adpit: 0.0016, loss_other: 0.0000, 
[2026-08-06 22:34:00,139][models.components.model_module][INFO] - Epoch/Total Epoch: 56/100, LR: 0.0003
[2026-08-06 22:34:00,140][models.components.model_module][INFO] - ----------------------------------------------------------------------------------
[2026-08-06 22:34:15,216][models.components.model_module][INFO] - train: loss_all: 0.0016, loss_adpit: 0.0016, loss_other: 0.0000, 
[2026-08-06 22:34:15,217][models.components.model_module][INFO] - Epoch/Total Epoch: 57/100, LR: 0.0003
[2026-08-06 22:34:15,217][models.components.model_module][INFO] - ----------------------------------------------------------------------------------
[2026-08-06 22:34:30,362][models.components.model_module][INFO] - train: loss_all: 0.0016, loss_adpit: 0.0016, loss_other: 0.0000, 
[2026-08-06 22:34:30,363][models.components.model_module][INFO] - Epoch/Total Epoch: 58/100, LR: 0.0003
[2026-08-06 22:34:30,363][models.components.model_module][INFO] - ----------------------------------------------------------------------------------
[2026-08-06 22:34:45,665][models.components.model_module][INFO] - train: loss_all: 0.0016, loss_adpit: 0.0016, loss_other: 0.0000, 
[2026-08-06 22:34:45,665][models.components.model_module][INFO] - Epoch/Total Epoch: 59/100, LR: 0.0003
[2026-08-06 22:34:45,665][models.components.model_module][INFO] - ----------------------------------------------------------------------------------
[2026-08-06 22:35:09,220][models.components.model_module][INFO] - ----------------------------------------------------------------------------------
[2026-08-06 22:35:09,221][models.components.model_module][INFO] - val/macro: ER: 0.145, F: 90.3%, LE: 7.8, LR: 95.4%, SELD_scr: 0.083, 
[2026-08-06 22:35:09,222][models.components.model_module][INFO] - val/micro: ER: 0.145, F: 90.4%, LE: 5.9, LR: 92.9%, SELD_scr: 0.086, 
[2026-08-06 22:35:09,223][models.components.model_module][INFO] - val: loss_all: 0.0036, loss_adpit: 0.0036, loss_other: 0.0000, 
[2026-08-06 22:35:10,000][models.components.model_module][INFO] - train: loss_all: 0.0016, loss_adpit: 0.0016, loss_other: 0.0000, 
[2026-08-06 22:35:10,001][models.components.model_module][INFO] - Epoch/Total Epoch: 60/100, LR: 2.9999999999999997e-05
[2026-08-06 22:35:10,001][models.components.model_module][INFO] - ----------------------------------------------------------------------------------
[2026-08-06 22:35:25,146][models.components.model_module][INFO] - train: loss_all: 0.0015, loss_adpit: 0.0015, loss_other: 0.0000, 
[2026-08-06 22:35:25,146][models.components.model_module][INFO] - Epoch/Total Epoch: 61/100, LR: 2.9999999999999997e-05
[2026-08-06 22:35:25,146][models.components.model_module][INFO] - ----------------------------------------------------------------------------------
[2026-08-06 22:35:40,326][models.components.model_module][INFO] - train: loss_all: 0.0015, loss_adpit: 0.0015, loss_other: 0.0000, 
[2026-08-06 22:35:40,327][models.components.model_module][INFO] - Epoch/Total Epoch: 62/100, LR: 2.9999999999999997e-05
[2026-08-06 22:35:40,327][models.components.model_module][INFO] - ----------------------------------------------------------------------------------
[2026-08-06 22:35:55,452][models.components.model_module][INFO] - train: loss_all: 0.0015, loss_adpit: 0.0015, loss_other: 0.0000, 
[2026-08-06 22:35:55,453][models.components.model_module][INFO] - Epoch/Total Epoch: 63/100, LR: 2.9999999999999997e-05
[2026-08-06 22:35:55,453][models.components.model_module][INFO] - ----------------------------------------------------------------------------------
[2026-08-06 22:36:10,687][models.components.model_module][INFO] - train: loss_all: 0.0015, loss_adpit: 0.0015, loss_other: 0.0000, 
[2026-08-06 22:36:10,688][models.components.model_module][INFO] - Epoch/Total Epoch: 64/100, LR: 2.9999999999999997e-05
[2026-08-06 22:36:10,688][models.components.model_module][INFO] - ----------------------------------------------------------------------------------
[2026-08-06 22:36:34,174][models.components.model_module][INFO] - ----------------------------------------------------------------------------------
[2026-08-06 22:36:34,176][models.components.model_module][INFO] - val/macro: ER: 0.135, F: 91.7%, LE: 6.3, LR: 95.7%, SELD_scr: 0.074, 
[2026-08-06 22:36:34,177][models.components.model_module][INFO] - val/micro: ER: 0.135, F: 91.5%, LE: 4.9, LR: 93.1%, SELD_scr: 0.079, 
[2026-08-06 22:36:34,177][models.components.model_module][INFO] - val: loss_all: 0.0036, loss_adpit: 0.0036, loss_other: 0.0000, 
[2026-08-06 22:36:35,716][models.components.model_module][INFO] - train: loss_all: 0.0015, loss_adpit: 0.0015, loss_other: 0.0000, 
[2026-08-06 22:36:35,717][models.components.model_module][INFO] - Epoch/Total Epoch: 65/100, LR: 2.9999999999999997e-05
[2026-08-06 22:36:35,717][models.components.model_module][INFO] - ----------------------------------------------------------------------------------
[2026-08-06 22:36:50,805][models.components.model_module][INFO] - train: loss_all: 0.0015, loss_adpit: 0.0015, loss_other: 0.0000, 
[2026-08-06 22:36:50,806][models.components.model_module][INFO] - Epoch/Total Epoch: 66/100, LR: 2.9999999999999997e-05
[2026-08-06 22:36:50,806][models.components.model_module][INFO] - ----------------------------------------------------------------------------------
[2026-08-06 22:37:06,247][models.components.model_module][INFO] - train: loss_all: 0.0015, loss_adpit: 0.0015, loss_other: 0.0000, 
[2026-08-06 22:37:06,248][models.components.model_module][INFO] - Epoch/Total Epoch: 67/100, LR: 2.9999999999999997e-05
[2026-08-06 22:37:06,249][models.components.model_module][INFO] - ----------------------------------------------------------------------------------
[2026-08-06 22:37:21,308][models.components.model_module][INFO] - train: loss_all: 0.0015, loss_adpit: 0.0015, loss_other: 0.0000, 
[2026-08-06 22:37:21,309][models.components.model_module][INFO] - Epoch/Total Epoch: 68/100, LR: 2.9999999999999997e-05
[2026-08-06 22:37:21,309][models.components.model_module][INFO] - ----------------------------------------------------------------------------------
[2026-08-06 22:37:36,416][models.components.model_module][INFO] - train: loss_all: 0.0015, loss_adpit: 0.0015, loss_other: 0.0000, 
[2026-08-06 22:37:36,417][models.components.model_module][INFO] - Epoch/Total Epoch: 69/100, LR: 2.9999999999999997e-05
[2026-08-06 22:37:36,417][models.components.model_module][INFO] - ----------------------------------------------------------------------------------
[2026-08-06 22:37:59,999][models.components.model_module][INFO] - ----------------------------------------------------------------------------------
[2026-08-06 22:38:00,000][models.components.model_module][INFO] - val/macro: ER: 0.132, F: 91.7%, LE: 6.2, LR: 95.8%, SELD_scr: 0.073, 
[2026-08-06 22:38:00,001][models.components.model_module][INFO] - val/micro: ER: 0.132, F: 91.7%, LE: 4.8, LR: 93.4%, SELD_scr: 0.077, 
[2026-08-06 22:38:00,002][models.components.model_module][INFO] - val: loss_all: 0.0035, loss_adpit: 0.0035, loss_other: 0.0000, 
[2026-08-06 22:38:01,526][models.components.model_module][INFO] - train: loss_all: 0.0015, loss_adpit: 0.0015, loss_other: 0.0000, 
[2026-08-06 22:38:01,526][models.components.model_module][INFO] - Epoch/Total Epoch: 70/100, LR: 2.9999999999999997e-05
[2026-08-06 22:38:01,526][models.components.model_module][INFO] - ----------------------------------------------------------------------------------
[2026-08-06 22:38:16,631][models.components.model_module][INFO] - train: loss_all: 0.0015, loss_adpit: 0.0015, loss_other: 0.0000, 
[2026-08-06 22:38:16,631][models.components.model_module][INFO] - Epoch/Total Epoch: 71/100, LR: 2.9999999999999997e-05
[2026-08-06 22:38:16,632][models.components.model_module][INFO] - ----------------------------------------------------------------------------------
[2026-08-06 22:38:31,774][models.components.model_module][INFO] - train: loss_all: 0.0014, loss_adpit: 0.0014, loss_other: 0.0000, 
[2026-08-06 22:38:31,775][models.components.model_module][INFO] - Epoch/Total Epoch: 72/100, LR: 2.9999999999999997e-05
[2026-08-06 22:38:31,775][models.components.model_module][INFO] - ----------------------------------------------------------------------------------
[2026-08-06 22:38:47,000][models.components.model_module][INFO] - train: loss_all: 0.0014, loss_adpit: 0.0014, loss_other: 0.0000, 
[2026-08-06 22:38:47,001][models.components.model_module][INFO] - Epoch/Total Epoch: 73/100, LR: 2.9999999999999997e-05
[2026-08-06 22:38:47,001][models.components.model_module][INFO] - ----------------------------------------------------------------------------------
[2026-08-06 22:39:02,117][models.components.model_module][INFO] - train: loss_all: 0.0014, loss_adpit: 0.0014, loss_other: 0.0000, 
[2026-08-06 22:39:02,118][models.components.model_module][INFO] - Epoch/Total Epoch: 74/100, LR: 2.9999999999999997e-05
[2026-08-06 22:39:02,118][models.components.model_module][INFO] - ----------------------------------------------------------------------------------
[2026-08-06 22:39:26,098][models.components.model_module][INFO] - ----------------------------------------------------------------------------------
[2026-08-06 22:39:26,100][models.components.model_module][INFO] - val/macro: ER: 0.131, F: 91.9%, LE: 6.1, LR: 95.7%, SELD_scr: 0.072, 
[2026-08-06 22:39:26,100][models.components.model_module][INFO] - val/micro: ER: 0.131, F: 91.7%, LE: 4.7, LR: 93.3%, SELD_scr: 0.077, 
[2026-08-06 22:39:26,101][models.components.model_module][INFO] - val: loss_all: 0.0035, loss_adpit: 0.0035, loss_other: 0.0000, 
[2026-08-06 22:39:27,614][models.components.model_module][INFO] - train: loss_all: 0.0014, loss_adpit: 0.0014, loss_other: 0.0000, 
[2026-08-06 22:39:27,614][models.components.model_module][INFO] - Epoch/Total Epoch: 75/100, LR: 2.9999999999999997e-05
[2026-08-06 22:39:27,614][models.components.model_module][INFO] - ----------------------------------------------------------------------------------
[2026-08-06 22:39:42,759][models.components.model_module][INFO] - train: loss_all: 0.0014, loss_adpit: 0.0014, loss_other: 0.0000, 
[2026-08-06 22:39:42,759][models.components.model_module][INFO] - Epoch/Total Epoch: 76/100, LR: 2.9999999999999997e-05
[2026-08-06 22:39:42,760][models.components.model_module][INFO] - ----------------------------------------------------------------------------------
[2026-08-06 22:39:58,004][models.components.model_module][INFO] - train: loss_all: 0.0014, loss_adpit: 0.0014, loss_other: 0.0000, 
[2026-08-06 22:39:58,005][models.components.model_module][INFO] - Epoch/Total Epoch: 77/100, LR: 2.9999999999999997e-05
[2026-08-06 22:39:58,006][models.components.model_module][INFO] - ----------------------------------------------------------------------------------
[2026-08-06 22:40:13,117][models.components.model_module][INFO] - train: loss_all: 0.0014, loss_adpit: 0.0014, loss_other: 0.0000, 
[2026-08-06 22:40:13,118][models.components.model_module][INFO] - Epoch/Total Epoch: 78/100, LR: 2.9999999999999997e-05
[2026-08-06 22:40:13,118][models.components.model_module][INFO] - ----------------------------------------------------------------------------------
[2026-08-06 22:40:28,205][models.components.model_module][INFO] - train: loss_all: 0.0014, loss_adpit: 0.0014, loss_other: 0.0000, 
[2026-08-06 22:40:28,206][models.components.model_module][INFO] - Epoch/Total Epoch: 79/100, LR: 2.9999999999999997e-05
[2026-08-06 22:40:28,206][models.components.model_module][INFO] - ----------------------------------------------------------------------------------
[2026-08-06 22:40:51,585][models.components.model_module][INFO] - ----------------------------------------------------------------------------------
[2026-08-06 22:40:51,587][models.components.model_module][INFO] - val/macro: ER: 0.131, F: 91.9%, LE: 6.2, LR: 95.7%, SELD_scr: 0.072, 
[2026-08-06 22:40:51,588][models.components.model_module][INFO] - val/micro: ER: 0.131, F: 91.7%, LE: 4.7, LR: 93.3%, SELD_scr: 0.077, 
[2026-08-06 22:40:51,588][models.components.model_module][INFO] - val: loss_all: 0.0035, loss_adpit: 0.0035, loss_other: 0.0000, 
[2026-08-06 22:40:52,363][models.components.model_module][INFO] - train: loss_all: 0.0014, loss_adpit: 0.0014, loss_other: 0.0000, 
[2026-08-06 22:40:52,363][models.components.model_module][INFO] - Epoch/Total Epoch: 80/100, LR: 2.9999999999999997e-05
[2026-08-06 22:40:52,363][models.components.model_module][INFO] - ----------------------------------------------------------------------------------
[2026-08-06 22:41:07,313][models.components.model_module][INFO] - train: loss_all: 0.0014, loss_adpit: 0.0014, loss_other: 0.0000, 
[2026-08-06 22:41:07,314][models.components.model_module][INFO] - Epoch/Total Epoch: 81/100, LR: 2.9999999999999997e-05
[2026-08-06 22:41:07,314][models.components.model_module][INFO] - ----------------------------------------------------------------------------------
[2026-08-06 22:41:22,316][models.components.model_module][INFO] - train: loss_all: 0.0014, loss_adpit: 0.0014, loss_other: 0.0000, 
[2026-08-06 22:41:22,317][models.components.model_module][INFO] - Epoch/Total Epoch: 82/100, LR: 2.9999999999999997e-05
[2026-08-06 22:41:22,317][models.components.model_module][INFO] - ----------------------------------------------------------------------------------
[2026-08-06 22:41:37,462][models.components.model_module][INFO] - train: loss_all: 0.0014, loss_adpit: 0.0014, loss_other: 0.0000, 
[2026-08-06 22:41:37,463][models.components.model_module][INFO] - Epoch/Total Epoch: 83/100, LR: 2.9999999999999997e-05
[2026-08-06 22:41:37,463][models.components.model_module][INFO] - ----------------------------------------------------------------------------------
[2026-08-06 22:41:52,453][models.components.model_module][INFO] - train: loss_all: 0.0013, loss_adpit: 0.0013, loss_other: 0.0000, 
[2026-08-06 22:41:52,454][models.components.model_module][INFO] - Epoch/Total Epoch: 84/100, LR: 2.9999999999999997e-05
[2026-08-06 22:41:52,454][models.components.model_module][INFO] - ----------------------------------------------------------------------------------
[2026-08-06 22:42:15,735][models.components.model_module][INFO] - ----------------------------------------------------------------------------------
[2026-08-06 22:42:15,737][models.components.model_module][INFO] - val/macro: ER: 0.130, F: 91.7%, LE: 6.3, LR: 95.8%, SELD_scr: 0.072, 
[2026-08-06 22:42:15,737][models.components.model_module][INFO] - val/micro: ER: 0.130, F: 91.7%, LE: 4.8, LR: 93.4%, SELD_scr: 0.076, 
[2026-08-06 22:42:15,738][models.components.model_module][INFO] - val: loss_all: 0.0034, loss_adpit: 0.0034, loss_other: 0.0000, 
[2026-08-06 22:42:16,619][models.components.model_module][INFO] - train: loss_all: 0.0013, loss_adpit: 0.0013, loss_other: 0.0000, 
[2026-08-06 22:42:16,619][models.components.model_module][INFO] - Epoch/Total Epoch: 85/100, LR: 2.9999999999999997e-05
[2026-08-06 22:42:16,619][models.components.model_module][INFO] - ----------------------------------------------------------------------------------
[2026-08-06 22:42:31,572][models.components.model_module][INFO] - train: loss_all: 0.0013, loss_adpit: 0.0013, loss_other: 0.0000, 
[2026-08-06 22:42:31,572][models.components.model_module][INFO] - Epoch/Total Epoch: 86/100, LR: 2.9999999999999997e-05
[2026-08-06 22:42:31,572][models.components.model_module][INFO] - ----------------------------------------------------------------------------------
[2026-08-06 22:42:46,707][models.components.model_module][INFO] - train: loss_all: 0.0013, loss_adpit: 0.0013, loss_other: 0.0000, 
[2026-08-06 22:42:46,707][models.components.model_module][INFO] - Epoch/Total Epoch: 87/100, LR: 2.9999999999999997e-05
[2026-08-06 22:42:46,708][models.components.model_module][INFO] - ----------------------------------------------------------------------------------
[2026-08-06 22:43:01,859][models.components.model_module][INFO] - train: loss_all: 0.0013, loss_adpit: 0.0013, loss_other: 0.0000, 
[2026-08-06 22:43:01,860][models.components.model_module][INFO] - Epoch/Total Epoch: 88/100, LR: 2.9999999999999997e-05
[2026-08-06 22:43:01,860][models.components.model_module][INFO] - ----------------------------------------------------------------------------------
[2026-08-06 22:43:16,989][models.components.model_module][INFO] - train: loss_all: 0.0013, loss_adpit: 0.0013, loss_other: 0.0000, 
[2026-08-06 22:43:16,990][models.components.model_module][INFO] - Epoch/Total Epoch: 89/100, LR: 2.9999999999999997e-05
[2026-08-06 22:43:16,990][models.components.model_module][INFO] - ----------------------------------------------------------------------------------
[2026-08-06 22:43:40,565][models.components.model_module][INFO] - ----------------------------------------------------------------------------------
[2026-08-06 22:43:40,567][models.components.model_module][INFO] - val/macro: ER: 0.131, F: 91.8%, LE: 6.2, LR: 95.8%, SELD_scr: 0.072, 
[2026-08-06 22:43:40,567][models.components.model_module][INFO] - val/micro: ER: 0.131, F: 91.7%, LE: 4.7, LR: 93.2%, SELD_scr: 0.077, 
[2026-08-06 22:43:40,568][models.components.model_module][INFO] - val: loss_all: 0.0034, loss_adpit: 0.0034, loss_other: 0.0000, 
[2026-08-06 22:43:42,109][models.components.model_module][INFO] - train: loss_all: 0.0013, loss_adpit: 0.0013, loss_other: 0.0000, 
[2026-08-06 22:43:42,110][models.components.model_module][INFO] - Epoch/Total Epoch: 90/100, LR: 2.9999999999999997e-05
[2026-08-06 22:43:42,110][models.components.model_module][INFO] - ----------------------------------------------------------------------------------
[2026-08-06 22:43:57,295][models.components.model_module][INFO] - train: loss_all: 0.0013, loss_adpit: 0.0013, loss_other: 0.0000, 
[2026-08-06 22:43:57,296][models.components.model_module][INFO] - Epoch/Total Epoch: 91/100, LR: 2.9999999999999997e-05
[2026-08-06 22:43:57,296][models.components.model_module][INFO] - ----------------------------------------------------------------------------------
[2026-08-06 22:44:12,378][models.components.model_module][INFO] - train: loss_all: 0.0013, loss_adpit: 0.0013, loss_other: 0.0000, 
[2026-08-06 22:44:12,379][models.components.model_module][INFO] - Epoch/Total Epoch: 92/100, LR: 2.9999999999999997e-05
[2026-08-06 22:44:12,379][models.components.model_module][INFO] - ----------------------------------------------------------------------------------
[2026-08-06 22:44:27,357][models.components.model_module][INFO] - train: loss_all: 0.0013, loss_adpit: 0.0013, loss_other: 0.0000, 
[2026-08-06 22:44:27,358][models.components.model_module][INFO] - Epoch/Total Epoch: 93/100, LR: 2.9999999999999997e-05
[2026-08-06 22:44:27,358][models.components.model_module][INFO] - ----------------------------------------------------------------------------------
[2026-08-06 22:44:42,308][models.components.model_module][INFO] - train: loss_all: 0.0013, loss_adpit: 0.0013, loss_other: 0.0000, 
[2026-08-06 22:44:42,309][models.components.model_module][INFO] - Epoch/Total Epoch: 94/100, LR: 2.9999999999999997e-05
[2026-08-06 22:44:42,309][models.components.model_module][INFO] - ----------------------------------------------------------------------------------
[2026-08-06 22:45:07,548][models.components.model_module][INFO] - ----------------------------------------------------------------------------------
[2026-08-06 22:45:07,550][models.components.model_module][INFO] - val/macro: ER: 0.130, F: 91.9%, LE: 6.1, LR: 95.8%, SELD_scr: 0.072, 
[2026-08-06 22:45:07,551][models.components.model_module][INFO] - val/micro: ER: 0.130, F: 91.8%, LE: 4.7, LR: 93.3%, SELD_scr: 0.076, 
[2026-08-06 22:45:07,551][models.components.model_module][INFO] - val: loss_all: 0.0034, loss_adpit: 0.0034, loss_other: 0.0000, 
[2026-08-06 22:45:09,093][models.components.model_module][INFO] - train: loss_all: 0.0013, loss_adpit: 0.0013, loss_other: 0.0000, 
[2026-08-06 22:45:09,094][models.components.model_module][INFO] - Epoch/Total Epoch: 95/100, LR: 2.9999999999999997e-05
[2026-08-06 22:45:09,094][models.components.model_module][INFO] - ----------------------------------------------------------------------------------
[2026-08-06 22:45:24,125][models.components.model_module][INFO] - train: loss_all: 0.0013, loss_adpit: 0.0013, loss_other: 0.0000, 
[2026-08-06 22:45:24,126][models.components.model_module][INFO] - Epoch/Total Epoch: 96/100, LR: 2.9999999999999997e-05
[2026-08-06 22:45:24,126][models.components.model_module][INFO] - ----------------------------------------------------------------------------------
[2026-08-06 22:45:39,107][models.components.model_module][INFO] - train: loss_all: 0.0013, loss_adpit: 0.0013, loss_other: 0.0000, 
[2026-08-06 22:45:39,108][models.components.model_module][INFO] - Epoch/Total Epoch: 97/100, LR: 2.9999999999999997e-05
[2026-08-06 22:45:39,108][models.components.model_module][INFO] - ----------------------------------------------------------------------------------
[2026-08-06 22:45:54,168][models.components.model_module][INFO] - train: loss_all: 0.0013, loss_adpit: 0.0013, loss_other: 0.0000, 
[2026-08-06 22:45:54,169][models.components.model_module][INFO] - Epoch/Total Epoch: 98/100, LR: 2.9999999999999997e-05
[2026-08-06 22:45:54,169][models.components.model_module][INFO] - ----------------------------------------------------------------------------------
[2026-08-06 22:46:09,794][models.components.model_module][INFO] - train: loss_all: 0.0013, loss_adpit: 0.0013, loss_other: 0.0000, 
[2026-08-06 22:46:09,794][models.components.model_module][INFO] - Epoch/Total Epoch: 99/100, LR: 2.9999999999999997e-05
[2026-08-06 22:46:09,794][models.components.model_module][INFO] - ----------------------------------------------------------------------------------
[2026-08-06 22:46:33,940][models.components.model_module][INFO] - ----------------------------------------------------------------------------------
[2026-08-06 22:46:33,942][models.components.model_module][INFO] - val/macro: ER: 0.132, F: 91.8%, LE: 6.1, LR: 95.8%, SELD_scr: 0.072, 
[2026-08-06 22:46:33,942][models.components.model_module][INFO] - val/micro: ER: 0.132, F: 91.7%, LE: 4.7, LR: 93.3%, SELD_scr: 0.077, 
[2026-08-06 22:46:33,943][models.components.model_module][INFO] - val: loss_all: 0.0034, loss_adpit: 0.0034, loss_other: 0.0000, 
[2026-08-06 22:46:34,814][models.components.model_module][INFO] - train: loss_all: 0.0012, loss_adpit: 0.0012, loss_other: 0.0000, 
[2026-08-06 22:46:34,814][models.components.model_module][INFO] - Epoch/Total Epoch: 100/100, LR: 2.9999999999999997e-05
[2026-08-06 22:46:34,814][models.components.model_module][INFO] - ----------------------------------------------------------------------------------
